<html>
<body>
<pre>
<h1>礦ision Build Log</h1>
<h2>Project:</h2>
D:\My Documents\Downloads\基本型和标准型系列串口屏开发包V2.0(含软件、手册、视频和例程）\基于51和STM32单片机的基本和标准型参考程序V2.0\基于STM32的基本型和标准型参考程序范例V2.0\keil4工程\STM32_DEMO_FOR_BASIC\STM32\DCDEMO7\RVMDK\DCDEMO7.uvproj
Project File Date:  12/16/2013

<h2>Output:</h2>
Rebuild target 'DC80480B(S)070_DEMO'
compiling hw_config.c...
compiling stm32f10x_it.c...
compiling main.c...
compiling ulitity.c...
compiling stm32f10x_usart.c...
compiling misc.c...
compiling stm32f10x_gpio.c...
compiling stm32f10x_rcc.c...
compiling stm32f10x_flash.c...
compiling stm32f10x_exti.c...
assembling startup_stm32f10x_cl.s...
compiling system_stm32f10x.c...
compiling core_cm3.c...
compiling hmi_user_uart.c...
compiling cmd_queue.c...
compiling hmi_driver.c...
linking...
Program Size: Code=4404 RO-data=368 RW-data=324 ZI-data=1236  
FromELF: creating hex file...
".\Obj\HMI_M3DEMO.axf" - 0 Error(s), 0 Warning(s).
