******************************************************************************
             TMS320C2000 Linker PC v5.2.3                      
******************************************************************************
>> Linked Thu Jul 21 11:39:28 2016

OUTPUT FILE NAME:   <NEW_Date_Process_test.out>
ENTRY POINT SYMBOL: "_c_int00"  address: 00008ca4


MEMORY CONFIGURATION

         name            origin    length      used     unused   attr    fill
----------------------  --------  ---------  --------  --------  ----  --------
PAGE 0:
  BEGIN                 00000000   00000002  00000002  00000000  RWIX
  BOOT_RSVD             00000002   0000004e  00000000  0000004e  RWIX
  RAMM0                 00000050   000003b0  00000000  000003b0  RWIX
  RAML                  00008000   00004000  00000f74  0000308c  RWIX
  ZONE7A                00200000   0000fc00  00000000  0000fc00  RWIX
  CSM_RSVD              0033ff80   00000076  00000000  00000076  RWIX
  CSM_PWL               0033fff8   00000008  00000000  00000008  RWIX
  ADC_CAL               00380080   00000009  00000007  00000002  RWIX
  IQTABLES              003fe000   00000b50  00000000  00000b50  RWIX
  IQTABLES2             003feb50   0000008c  00000000  0000008c  RWIX
  FPUTABLES             003febdc   000006a0  00000000  000006a0  RWIX
  BOOTROM               003ff27c   00000d44  00000000  00000d44  RWIX
  RESET                 003fffc0   00000002  00000000  00000002  RWIX

PAGE 1:
  RAMM                  00000400   00000400  00000000  00000400  RWIX
  DEV_EMU               00000880   00000180  000000d0  000000b0  RWIX
  FLASH_REGS            00000a80   00000060  00000008  00000058  RWIX
  CSM                   00000ae0   00000010  00000010  00000000  RWIX
  ADC_MIRROR            00000b00   00000010  00000010  00000000  RWIX
  XINTF                 00000b20   00000020  0000001e  00000002  RWIX
  CPU_TIMER0            00000c00   00000008  00000008  00000000  RWIX
  CPU_TIMER1            00000c08   00000008  00000008  00000000  RWIX
  CPU_TIMER2            00000c10   00000008  00000008  00000000  RWIX
  PIE_CTRL              00000ce0   00000020  0000001a  00000006  RWIX
  PIE_VECT              00000d00   00000100  00000100  00000000  RWIX
  DMA                   00001000   00000200  000000e0  00000120  RWIX
  MCBSPA                00005000   00000040  00000025  0000001b  RWIX
  MCBSPB                00005040   00000040  00000025  0000001b  RWIX
  ECANA                 00006000   00000040  00000034  0000000c  RWIX
  ECANA_LAM             00006040   00000040  00000040  00000000  RWIX
  ECANA_MOTS            00006080   00000040  00000040  00000000  RWIX
  ECANA_MOTO            000060c0   00000040  00000040  00000000  RWIX
  ECANA_MBOX            00006100   00000100  00000100  00000000  RWIX
  ECANB                 00006200   00000040  00000034  0000000c  RWIX
  ECANB_LAM             00006240   00000040  00000040  00000000  RWIX
  ECANB_MOTS            00006280   00000040  00000040  00000000  RWIX
  ECANB_MOTO            000062c0   00000040  00000040  00000000  RWIX
  ECANB_MBOX            00006300   00000100  00000100  00000000  RWIX
  EPWM1                 00006800   00000022  00000022  00000000  RWIX
  EPWM2                 00006840   00000022  00000022  00000000  RWIX
  EPWM3                 00006880   00000022  00000022  00000000  RWIX
  EPWM4                 000068c0   00000022  00000022  00000000  RWIX
  EPWM5                 00006900   00000022  00000022  00000000  RWIX
  EPWM6                 00006940   00000022  00000022  00000000  RWIX
  ECAP1                 00006a00   00000020  00000020  00000000  RWIX
  ECAP2                 00006a20   00000020  00000020  00000000  RWIX
  ECAP3                 00006a40   00000020  00000020  00000000  RWIX
  ECAP4                 00006a60   00000020  00000020  00000000  RWIX
  ECAP5                 00006a80   00000020  00000020  00000000  RWIX
  ECAP6                 00006aa0   00000020  00000020  00000000  RWIX
  EQEP1                 00006b00   00000040  00000040  00000000  RWIX
  EQEP2                 00006b40   00000040  00000040  00000000  RWIX
  GPIOCTRL              00006f80   00000040  0000002e  00000012  RWIX
  GPIODAT               00006fc0   00000020  00000020  00000000  RWIX
  GPIOINT               00006fe0   00000020  0000000a  00000016  RWIX
  SYSTEM                00007010   00000020  00000020  00000000  RWIX
  SPIA                  00007040   00000010  00000010  00000000  RWIX
  SCIA                  00007050   00000010  00000010  00000000  RWIX
  XINTRUPT              00007070   00000010  00000010  00000000  RWIX
  ADC                   00007100   00000020  0000001e  00000002  RWIX
  SCIB                  00007750   00000010  00000010  00000000  RWIX
  SCIC                  00007770   00000010  00000010  00000000  RWIX
  I2CA                  00007900   00000040  00000022  0000001e  RWIX
  RAMH                  0000b000   00005000  00003242  00001dbe  RWIX
  ZONE7B                0020fc00   00000400  00000000  00000400  RWIX
  CSM_PWL               0033fff8   00000008  00000008  00000000  RWIX


SECTION ALLOCATION MAP

 output                                  attributes/
section   page    origin      length       input sections
--------  ----  ----------  ----------   ----------------
codestart 
*          0    00000000    00000002     
                  00000000    00000002     DSP2833x_CodeStartBranch.obj (codestart)

.pinit     0    00008000    00000000     UNINITIALIZED

.text      0    00008000    00000e54     
                  00008000    0000032d     DATA_Process.obj (.text)
                  0000832d    00000323     DSP2833x_DefaultIsr.obj (.text)
                  00008650    0000019e     AD7656.obj (.text)
                  000087ee    0000010f     main.obj (.text)
                  000088fd    000000f6     DSP2833x_Xintf.obj (.text)
                  000089f3    000000f5     DSP2833x_SysCtrl.obj (.text)
                  00008ae8    00000088     rts2800_fpu32.lib : fs_div.obj (.text)
                  00008b70    0000007a     DSP2833x_CpuTimers.obj (.text)
                  00008bea    0000005e     rts2800_fpu32.lib : cos.obj (.text)
                  00008c48    0000005c                       : sin.obj (.text)
                  00008ca4    00000046                       : boot.obj (.text)
                  00008cea    00000045     DSP2833x_Sci.obj (.text)
                  00008d2f    00000037     SCI_Serial.obj (.text)
                  00008d66    00000028     DSP2833x_PieCtrl.obj (.text)
                  00008d8e    00000021     rts2800_fpu32.lib : memcpy_ff.obj (.text)
                  00008daf    00000020     DSP2833x_PieVect.obj (.text)
                  00008dcf    00000001     --HOLE-- [fill = 0]
                  00008dd0    00000020     rts2800_fpu32.lib : sqrt.obj (.text)
                  00008df0    0000001b                       : args_main.obj (.text)
                  00008e0b    00000019                       : exit.obj (.text)
                  00008e24    00000014     DSP2833x_Adc.obj (.text)
                  00008e38    0000000b     rts2800_fpu32.lib : u_div.obj (.text)
                  00008e43    00000009                       : _lock.obj (.text)
                  00008e4c    00000008     DSP2833x_CodeStartBranch.obj (.text)

.cinit     0    00008e54    00000101     
                  00008e54    000000cc     ConstData_Table.obj (.cinit)
                  00008f20    0000000f     DATA_Process.obj (.cinit)
                  00008f2f    0000000a     rts2800_fpu32.lib : _lock.obj (.cinit)
                  00008f39    0000000a                       : exit.obj (.cinit)
                  00008f43    00000008     AD7656.obj (.cinit)
                  00008f4b    00000004     main.obj (.cinit)
                  00008f4f    00000004     rts2800_fpu32.lib : errno.obj (.cinit)
                  00008f53    00000002     --HOLE-- [fill = 0]

ramfuncs   0    00008f55    0000001f     
                  00008f55    0000001b     DSP2833x_SysCtrl.obj (ramfuncs)
                  00008f70    00000004     DSP2833x_usDelay.obj (ramfuncs)

csm_rsvd   0    0033ff80    00000000     DSECT

csmpasswds 
*          0    0033fff8    00000000     DSECT

.adc_cal   0    00380080    00000007     NOLOAD SECTION
                  00380080    00000007     DSP2833x_ADC_cal.obj (.adc_cal)

.reset     0    003fffc0    00000002     DSECT
                  003fffc0    00000002     rts2800_fpu32.lib : boot.obj (.reset)

DevEmuRegsFile 
*          1    00000880    000000d0     UNINITIALIZED
                  00000880    000000d0     DSP2833x_GlobalVariableDefs.obj (DevEmuRegsFile)

FlashRegsFile 
*          1    00000a80    00000008     UNINITIALIZED
                  00000a80    00000008     DSP2833x_GlobalVariableDefs.obj (FlashRegsFile)

CsmRegsFile 
*          1    00000ae0    00000010     UNINITIALIZED
                  00000ae0    00000010     DSP2833x_GlobalVariableDefs.obj (CsmRegsFile)

AdcMirrorFile 
*          1    00000b00    00000010     UNINITIALIZED
                  00000b00    00000010     DSP2833x_GlobalVariableDefs.obj (AdcMirrorFile)

XintfRegsFile 
*          1    00000b20    0000001e     UNINITIALIZED
                  00000b20    0000001e     DSP2833x_GlobalVariableDefs.obj (XintfRegsFile)

CpuTimer0RegsFile 
*          1    00000c00    00000008     UNINITIALIZED
                  00000c00    00000008     DSP2833x_GlobalVariableDefs.obj (CpuTimer0RegsFile)

CpuTimer1RegsFile 
*          1    00000c08    00000008     UNINITIALIZED
                  00000c08    00000008     DSP2833x_GlobalVariableDefs.obj (CpuTimer1RegsFile)

CpuTimer2RegsFile 
*          1    00000c10    00000008     UNINITIALIZED
                  00000c10    00000008     DSP2833x_GlobalVariableDefs.obj (CpuTimer2RegsFile)

PieCtrlRegsFile 
*          1    00000ce0    0000001a     UNINITIALIZED
                  00000ce0    0000001a     DSP2833x_GlobalVariableDefs.obj (PieCtrlRegsFile)

PieVectTableFile 
*          1    00000d00    00000100     UNINITIALIZED
                  00000d00    00000100     DSP2833x_GlobalVariableDefs.obj (PieVectTableFile)

DmaRegsFile 
*          1    00001000    000000e0     UNINITIALIZED
                  00001000    000000e0     DSP2833x_GlobalVariableDefs.obj (DmaRegsFile)

McbspaRegsFile 
*          1    00005000    00000025     UNINITIALIZED
                  00005000    00000025     DSP2833x_GlobalVariableDefs.obj (McbspaRegsFile)

McbspbRegsFile 
*          1    00005040    00000025     UNINITIALIZED
                  00005040    00000025     DSP2833x_GlobalVariableDefs.obj (McbspbRegsFile)

ECanaRegsFile 
*          1    00006000    00000034     UNINITIALIZED
                  00006000    00000034     DSP2833x_GlobalVariableDefs.obj (ECanaRegsFile)

ECanaLAMRegsFile 
*          1    00006040    00000040     UNINITIALIZED
                  00006040    00000040     DSP2833x_GlobalVariableDefs.obj (ECanaLAMRegsFile)

ECanaMOTSRegsFile 
*          1    00006080    00000040     UNINITIALIZED
                  00006080    00000040     DSP2833x_GlobalVariableDefs.obj (ECanaMOTSRegsFile)

ECanaMOTORegsFile 
*          1    000060c0    00000040     UNINITIALIZED
                  000060c0    00000040     DSP2833x_GlobalVariableDefs.obj (ECanaMOTORegsFile)

ECanaMboxesFile 
*          1    00006100    00000100     UNINITIALIZED
                  00006100    00000100     DSP2833x_GlobalVariableDefs.obj (ECanaMboxesFile)

ECanbRegsFile 
*          1    00006200    00000034     UNINITIALIZED
                  00006200    00000034     DSP2833x_GlobalVariableDefs.obj (ECanbRegsFile)

ECanbLAMRegsFile 
*          1    00006240    00000040     UNINITIALIZED
                  00006240    00000040     DSP2833x_GlobalVariableDefs.obj (ECanbLAMRegsFile)

ECanbMOTSRegsFile 
*          1    00006280    00000040     UNINITIALIZED
                  00006280    00000040     DSP2833x_GlobalVariableDefs.obj (ECanbMOTSRegsFile)

ECanbMOTORegsFile 
*          1    000062c0    00000040     UNINITIALIZED
                  000062c0    00000040     DSP2833x_GlobalVariableDefs.obj (ECanbMOTORegsFile)

ECanbMboxesFile 
*          1    00006300    00000100     UNINITIALIZED
                  00006300    00000100     DSP2833x_GlobalVariableDefs.obj (ECanbMboxesFile)

EPwm1RegsFile 
*          1    00006800    00000022     UNINITIALIZED
                  00006800    00000022     DSP2833x_GlobalVariableDefs.obj (EPwm1RegsFile)

EPwm2RegsFile 
*          1    00006840    00000022     UNINITIALIZED
                  00006840    00000022     DSP2833x_GlobalVariableDefs.obj (EPwm2RegsFile)

EPwm3RegsFile 
*          1    00006880    00000022     UNINITIALIZED
                  00006880    00000022     DSP2833x_GlobalVariableDefs.obj (EPwm3RegsFile)

EPwm4RegsFile 
*          1    000068c0    00000022     UNINITIALIZED
                  000068c0    00000022     DSP2833x_GlobalVariableDefs.obj (EPwm4RegsFile)

EPwm5RegsFile 
*          1    00006900    00000022     UNINITIALIZED
                  00006900    00000022     DSP2833x_GlobalVariableDefs.obj (EPwm5RegsFile)

EPwm6RegsFile 
*          1    00006940    00000022     UNINITIALIZED
                  00006940    00000022     DSP2833x_GlobalVariableDefs.obj (EPwm6RegsFile)

ECap1RegsFile 
*          1    00006a00    00000020     UNINITIALIZED
                  00006a00    00000020     DSP2833x_GlobalVariableDefs.obj (ECap1RegsFile)

ECap2RegsFile 
*          1    00006a20    00000020     UNINITIALIZED
                  00006a20    00000020     DSP2833x_GlobalVariableDefs.obj (ECap2RegsFile)

ECap3RegsFile 
*          1    00006a40    00000020     UNINITIALIZED
                  00006a40    00000020     DSP2833x_GlobalVariableDefs.obj (ECap3RegsFile)

ECap4RegsFile 
*          1    00006a60    00000020     UNINITIALIZED
                  00006a60    00000020     DSP2833x_GlobalVariableDefs.obj (ECap4RegsFile)

ECap5RegsFile 
*          1    00006a80    00000020     UNINITIALIZED
                  00006a80    00000020     DSP2833x_GlobalVariableDefs.obj (ECap5RegsFile)

ECap6RegsFile 
*          1    00006aa0    00000020     UNINITIALIZED
                  00006aa0    00000020     DSP2833x_GlobalVariableDefs.obj (ECap6RegsFile)

EQep1RegsFile 
*          1    00006b00    00000040     UNINITIALIZED
                  00006b00    00000040     DSP2833x_GlobalVariableDefs.obj (EQep1RegsFile)

EQep2RegsFile 
*          1    00006b40    00000040     UNINITIALIZED
                  00006b40    00000040     DSP2833x_GlobalVariableDefs.obj (EQep2RegsFile)

GpioCtrlRegsFile 
*          1    00006f80    0000002e     UNINITIALIZED
                  00006f80    0000002e     DSP2833x_GlobalVariableDefs.obj (GpioCtrlRegsFile)

GpioDataRegsFile 
*          1    00006fc0    00000020     UNINITIALIZED
                  00006fc0    00000020     DSP2833x_GlobalVariableDefs.obj (GpioDataRegsFile)

GpioIntRegsFile 
*          1    00006fe0    0000000a     UNINITIALIZED
                  00006fe0    0000000a     DSP2833x_GlobalVariableDefs.obj (GpioIntRegsFile)

SysCtrlRegsFile 
*          1    00007010    00000020     UNINITIALIZED
                  00007010    00000020     DSP2833x_GlobalVariableDefs.obj (SysCtrlRegsFile)

SpiaRegsFile 
*          1    00007040    00000010     UNINITIALIZED
                  00007040    00000010     DSP2833x_GlobalVariableDefs.obj (SpiaRegsFile)

SciaRegsFile 
*          1    00007050    00000010     UNINITIALIZED
                  00007050    00000010     DSP2833x_GlobalVariableDefs.obj (SciaRegsFile)

XIntruptRegsFile 
*          1    00007070    00000010     UNINITIALIZED
                  00007070    00000010     DSP2833x_GlobalVariableDefs.obj (XIntruptRegsFile)

AdcRegsFile 
*          1    00007100    0000001e     UNINITIALIZED
                  00007100    0000001e     DSP2833x_GlobalVariableDefs.obj (AdcRegsFile)

ScibRegsFile 
*          1    00007750    00000010     UNINITIALIZED
                  00007750    00000010     DSP2833x_GlobalVariableDefs.obj (ScibRegsFile)

ScicRegsFile 
*          1    00007770    00000010     UNINITIALIZED
                  00007770    00000010     DSP2833x_GlobalVariableDefs.obj (ScicRegsFile)

I2caRegsFile 
*          1    00007900    00000022     UNINITIALIZED
                  00007900    00000022     DSP2833x_GlobalVariableDefs.obj (I2caRegsFile)

.ebss      1    0000b000    00001f7c     UNINITIALIZED
                  0000b000    00001420     main.obj (.ebss)
                  0000c420    00000018     DSP2833x_CpuTimers.obj (.ebss)
                  0000c438    00000004     rts2800_fpu32.lib : _lock.obj (.ebss)
                  0000c43c    00000004                       : exit.obj (.ebss)
                  0000c440    00000a04     DATA_Process.obj (.ebss)
                  0000ce44    00000003     AD7656.obj (.ebss)
                  0000ce47    00000001     rts2800_fpu32.lib : errno.obj (.ebss)
                  0000ce48    00000038     --HOLE--
                  0000ce80    000000fc     ConstData_Table.obj (.ebss)

.econst    1    0000cf7c    00000ede     
                  0000cf7c    0000068e     DATA_Process.obj (.econst:_$P$T0$1)
                  0000d60a    0000068e     DATA_Process.obj (.econst:_$P$T1$2)
                  0000dc98    00000100     DSP2833x_PieVect.obj (.econst)
                  0000dd98    00000054     DATA_Process.obj (.econst:_$P$T2$3)
                  0000ddec    00000054     DATA_Process.obj (.econst:_$P$T3$4)
                  0000de40    0000001a     main.obj (.econst:.string)

.stack     1    0000de5a    000003e8     UNINITIALIZED
                  0000de5a    000003e8     --HOLE--

CsmPwlFile 
*          1    0033fff8    00000008     UNINITIALIZED
                  0033fff8    00000008     DSP2833x_GlobalVariableDefs.obj (CsmPwlFile)


GLOBAL SYMBOLS: SORTED ALPHABETICALLY BY Name 

address    name
--------   ----
00008000   .text
00008e0b   C$$EXIT
00008ae8   FS$$DIV
00008e38   U$$DIV
00008e3d   U$$MOD
00008413   _ADCINT_ISR
00380080   _ADC_cal
00008746   _AD_Data_Shift
00000b00   _AdcMirror
00007100   _AdcRegs
00008baf   _ConfigCpuTimer
0000c430   _CpuTimer0
00000c00   _CpuTimer0Regs
0000c420   _CpuTimer1
00000c08   _CpuTimer1Regs
0000c428   _CpuTimer2
00000c10   _CpuTimer2Regs
0033fff8   _CsmPwl
00000ae0   _CsmRegs
00008ab7   _CsmUnlock
0000ca80   _DAL_OutPut1
0000c740   _DAL_OutPut2
0000c440   _DAL_OutPut3
000080d2   _DAL_Process
00008341   _DATALOG_ISR
00008535   _DINTCH1_ISR
0000853f   _DINTCH2_ISR
00008549   _DINTCH3_ISR
00008553   _DINTCH4_ISR
0000855d   _DINTCH5_ISR
00008567   _DINTCH6_ISR
00008f70   _DSP28x_usDelay
000082c0   _Data_Trans
00000880   _DevEmuRegs
00008a06   _DisableDog
00001000   _DmaRegs
000085c1   _ECAN0INTA_ISR
000085d5   _ECAN0INTB_ISR
000085cb   _ECAN1INTA_ISR
000085df   _ECAN1INTB_ISR
000084a9   _ECAP1_INT_ISR
000084b3   _ECAP2_INT_ISR
000084bd   _ECAP3_INT_ISR
000084c7   _ECAP4_INT_ISR
000084d1   _ECAP5_INT_ISR
000084db   _ECAP6_INT_ISR
00006040   _ECanaLAMRegs
000060c0   _ECanaMOTORegs
00006080   _ECanaMOTSRegs
00006100   _ECanaMboxes
00006000   _ECanaRegs
00006240   _ECanbLAMRegs
000062c0   _ECanbMOTORegs
00006280   _ECanbMOTSRegs
00006300   _ECanbMboxes
00006200   _ECanbRegs
00006a00   _ECap1Regs
00006a20   _ECap2Regs
00006a40   _ECap3Regs
00006a60   _ECap4Regs
00006a80   _ECap5Regs
00006aa0   _ECap6Regs
0000862f   _EMPTY_ISR
00008355   _EMUINT_ISR
0000846d   _EPWM1_INT_ISR
00008431   _EPWM1_TZINT_ISR
00008477   _EPWM2_INT_ISR
0000843b   _EPWM2_TZINT_ISR
00008481   _EPWM3_INT_ISR
00008445   _EPWM3_TZINT_ISR
0000848b   _EPWM4_INT_ISR
0000844f   _EPWM4_TZINT_ISR
00008495   _EPWM5_INT_ISR
00008459   _EPWM5_TZINT_ISR
0000849f   _EPWM6_INT_ISR
00008463   _EPWM6_TZINT_ISR
00006800   _EPwm1Regs
00006840   _EPwm2Regs
00006880   _EPwm3Regs
000068c0   _EPwm4Regs
00006900   _EPwm5Regs
00006940   _EPwm6Regs
000084e5   _EQEP1_INT_ISR
000084ef   _EQEP2_INT_ISR
00006b00   _EQep1Regs
00006b40   _EQep2Regs
00008d85   _EnableInterrupts
00000a80   _FlashRegs
000086e1   _GetAD_Value
00006f80   _GpioCtrlRegs
00006fc0   _GpioDataRegs
00006fe0   _GpioIntRegs
0000ce45   _Head_pointNum
00008571   _I2CINT1A_ISR
0000857b   _I2CINT2A_ISR
00007900   _I2caRegs
00008369   _ILLEGAL_ISR
0000832d   _INT13_ISR
00008337   _INT14_ISR
0000888e   _ISRTimer0
00008e24   _InitAdc
00008b70   _InitCpuTimers
00008f55   _InitFlash
00008a5c   _InitPeripheralClocks
00008d66   _InitPieCtrl
00008daf   _InitPieVectTable
00008a0e   _InitPll
00008cea   _InitSci
00008ceb   _InitSciGpio
00008cee   _InitSciaGpio
00008d03   _InitScibGpio
00008d19   _InitScicGpio
000089f3   _InitSysCtrl
000088fd   _InitXintf
00008999   _InitXintf16Gpio
00008952   _InitXintf32Gpio
00008625   _LUF_ISR
0000861b   _LVF_ISR
00008000   _LinearConvolution
0000cf00   _Low_Filter1
0000ce80   _Low_Filter2
00008521   _MRINTA_ISR
0000850d   _MRINTB_ISR
0000852b   _MXINTA_ISR
00008517   _MXINTB_ISR
00005000   _McbspaRegs
00005040   _McbspbRegs
00008291   _Moisture_FITcalcu
0000835f   _NMI_ISR
000086bf   _OUTAD_Init
00008671   _OUTAD_Variable_Init
0000863c   _PIE_RESERVED
00000ce0   _PieCtrlRegs
00000d00   _PieVectTable
0000dc98   _PieVectTableInit
0000834b   _RTOSINT_ISR
0000b000   _ReceivedChar
00008d2f   _SCIC_IO_Init
00008d32   _SCIC_Init
00008d61   _SCIC_fifo_init
00008d52   _SCIC_msg
00008d46   _SCIC_xmit
00008599   _SCIRXINTA_ISR
000085ad   _SCIRXINTB_ISR
00008585   _SCIRXINTC_ISR
000085a3   _SCITXINTA_ISR
000085b7   _SCITXINTB_ISR
0000858f   _SCITXINTC_ISR
000083eb   _SEQ1INT_ISR
000083f5   _SEQ2INT_ISR
0000809a   _SINCOS_TAB
000084f9   _SPIRXINTA_ISR
00008503   _SPITXINTA_ISR
0000ce46   _SampleCount
0000ce44   _SampleCount_Status_Flag
00007050   _SciaRegs
00007750   _ScibRegs
00007770   _ScicRegs
000089fc   _ServiceDog
00008305   _Single_Amplitude
00007040   _SpiaRegs
00007010   _SysCtrlRegs
0000841d   _TINT0_ISR
0000b001   _Timer_flag
000083cd   _USER10_ISR
000083d7   _USER11_ISR
000083e1   _USER12_ISR
00008373   _USER1_ISR
0000837d   _USER2_ISR
00008387   _USER3_ISR
00008391   _USER4_ISR
0000839b   _USER5_ISR
000083a5   _USER6_ISR
000083af   _USER7_ISR
000083b9   _USER8_ISR
000083c3   _USER9_ISR
00008427   _WAKEINT_ISR
000083ff   _XINT1_ISR
00008409   _XINT2_ISR
000085e9   _XINT3_ISR
000085f3   _XINT4_ISR
000085fd   _XINT5_ISR
00008607   _XINT6_ISR
00008611   _XINT7_ISR
00007070   _XIntruptRegs
00000b20   _XintfRegs
0000e242   __STACK_END
000003e8   __STACK_SIZE
00000001   __TI_args_main
ffffffff   ___binit__
ffffffff   ___c_args__
00008e54   ___cinit__
00008e54   ___etext__
00008d8e   ___memcpy_ff
ffffffff   ___pinit__
00008000   ___text__
00008df0   __args_main
0000c43c   __cleanup_ptr
0000c43e   __dtors_ptr
0000c43a   __lock
00008e4b   __nop
00008e47   __register_lock
00008e43   __register_unlock
0000de5a   __stack
0000c438   __unlock
00008e0b   _abort
00008ca4   _c_int00
00008bea   _cos
0000ce47   _errno
00008e0d   _exit
0000b040   _gSampleTable
0000b700   _gSampleValue
000087ee   _main
0000b002   _mesg
00008646   _rsvd_ISR
000088a9   _scic_isr
00008c48   _sin
00008dd0   _sqrt
ffffffff   binit
00008e54   cinit
00000000   code_start
00008e54   etext
ffffffff   pinit


GLOBAL SYMBOLS: SORTED BY Symbol Address 

address    name
--------   ----
00000000   code_start
00000001   __TI_args_main
000003e8   __STACK_SIZE
00000880   _DevEmuRegs
00000a80   _FlashRegs
00000ae0   _CsmRegs
00000b00   _AdcMirror
00000b20   _XintfRegs
00000c00   _CpuTimer0Regs
00000c08   _CpuTimer1Regs
00000c10   _CpuTimer2Regs
00000ce0   _PieCtrlRegs
00000d00   _PieVectTable
00001000   _DmaRegs
00005000   _McbspaRegs
00005040   _McbspbRegs
00006000   _ECanaRegs
00006040   _ECanaLAMRegs
00006080   _ECanaMOTSRegs
000060c0   _ECanaMOTORegs
00006100   _ECanaMboxes
00006200   _ECanbRegs
00006240   _ECanbLAMRegs
00006280   _ECanbMOTSRegs
000062c0   _ECanbMOTORegs
00006300   _ECanbMboxes
00006800   _EPwm1Regs
00006840   _EPwm2Regs
00006880   _EPwm3Regs
000068c0   _EPwm4Regs
00006900   _EPwm5Regs
00006940   _EPwm6Regs
00006a00   _ECap1Regs
00006a20   _ECap2Regs
00006a40   _ECap3Regs
00006a60   _ECap4Regs
00006a80   _ECap5Regs
00006aa0   _ECap6Regs
00006b00   _EQep1Regs
00006b40   _EQep2Regs
00006f80   _GpioCtrlRegs
00006fc0   _GpioDataRegs
00006fe0   _GpioIntRegs
00007010   _SysCtrlRegs
00007040   _SpiaRegs
00007050   _SciaRegs
00007070   _XIntruptRegs
00007100   _AdcRegs
00007750   _ScibRegs
00007770   _ScicRegs
00007900   _I2caRegs
00008000   .text
00008000   _LinearConvolution
00008000   ___text__
0000809a   _SINCOS_TAB
000080d2   _DAL_Process
00008291   _Moisture_FITcalcu
000082c0   _Data_Trans
00008305   _Single_Amplitude
0000832d   _INT13_ISR
00008337   _INT14_ISR
00008341   _DATALOG_ISR
0000834b   _RTOSINT_ISR
00008355   _EMUINT_ISR
0000835f   _NMI_ISR
00008369   _ILLEGAL_ISR
00008373   _USER1_ISR
0000837d   _USER2_ISR
00008387   _USER3_ISR
00008391   _USER4_ISR
0000839b   _USER5_ISR
000083a5   _USER6_ISR
000083af   _USER7_ISR
000083b9   _USER8_ISR
000083c3   _USER9_ISR
000083cd   _USER10_ISR
000083d7   _USER11_ISR
000083e1   _USER12_ISR
000083eb   _SEQ1INT_ISR
000083f5   _SEQ2INT_ISR
000083ff   _XINT1_ISR
00008409   _XINT2_ISR
00008413   _ADCINT_ISR
0000841d   _TINT0_ISR
00008427   _WAKEINT_ISR
00008431   _EPWM1_TZINT_ISR
0000843b   _EPWM2_TZINT_ISR
00008445   _EPWM3_TZINT_ISR
0000844f   _EPWM4_TZINT_ISR
00008459   _EPWM5_TZINT_ISR
00008463   _EPWM6_TZINT_ISR
0000846d   _EPWM1_INT_ISR
00008477   _EPWM2_INT_ISR
00008481   _EPWM3_INT_ISR
0000848b   _EPWM4_INT_ISR
00008495   _EPWM5_INT_ISR
0000849f   _EPWM6_INT_ISR
000084a9   _ECAP1_INT_ISR
000084b3   _ECAP2_INT_ISR
000084bd   _ECAP3_INT_ISR
000084c7   _ECAP4_INT_ISR
000084d1   _ECAP5_INT_ISR
000084db   _ECAP6_INT_ISR
000084e5   _EQEP1_INT_ISR
000084ef   _EQEP2_INT_ISR
000084f9   _SPIRXINTA_ISR
00008503   _SPITXINTA_ISR
0000850d   _MRINTB_ISR
00008517   _MXINTB_ISR
00008521   _MRINTA_ISR
0000852b   _MXINTA_ISR
00008535   _DINTCH1_ISR
0000853f   _DINTCH2_ISR
00008549   _DINTCH3_ISR
00008553   _DINTCH4_ISR
0000855d   _DINTCH5_ISR
00008567   _DINTCH6_ISR
00008571   _I2CINT1A_ISR
0000857b   _I2CINT2A_ISR
00008585   _SCIRXINTC_ISR
0000858f   _SCITXINTC_ISR
00008599   _SCIRXINTA_ISR
000085a3   _SCITXINTA_ISR
000085ad   _SCIRXINTB_ISR
000085b7   _SCITXINTB_ISR
000085c1   _ECAN0INTA_ISR
000085cb   _ECAN1INTA_ISR
000085d5   _ECAN0INTB_ISR
000085df   _ECAN1INTB_ISR
000085e9   _XINT3_ISR
000085f3   _XINT4_ISR
000085fd   _XINT5_ISR
00008607   _XINT6_ISR
00008611   _XINT7_ISR
0000861b   _LVF_ISR
00008625   _LUF_ISR
0000862f   _EMPTY_ISR
0000863c   _PIE_RESERVED
00008646   _rsvd_ISR
00008671   _OUTAD_Variable_Init
000086bf   _OUTAD_Init
000086e1   _GetAD_Value
00008746   _AD_Data_Shift
000087ee   _main
0000888e   _ISRTimer0
000088a9   _scic_isr
000088fd   _InitXintf
00008952   _InitXintf32Gpio
00008999   _InitXintf16Gpio
000089f3   _InitSysCtrl
000089fc   _ServiceDog
00008a06   _DisableDog
00008a0e   _InitPll
00008a5c   _InitPeripheralClocks
00008ab7   _CsmUnlock
00008ae8   FS$$DIV
00008b70   _InitCpuTimers
00008baf   _ConfigCpuTimer
00008bea   _cos
00008c48   _sin
00008ca4   _c_int00
00008cea   _InitSci
00008ceb   _InitSciGpio
00008cee   _InitSciaGpio
00008d03   _InitScibGpio
00008d19   _InitScicGpio
00008d2f   _SCIC_IO_Init
00008d32   _SCIC_Init
00008d46   _SCIC_xmit
00008d52   _SCIC_msg
00008d61   _SCIC_fifo_init
00008d66   _InitPieCtrl
00008d85   _EnableInterrupts
00008d8e   ___memcpy_ff
00008daf   _InitPieVectTable
00008dd0   _sqrt
00008df0   __args_main
00008e0b   C$$EXIT
00008e0b   _abort
00008e0d   _exit
00008e24   _InitAdc
00008e38   U$$DIV
00008e3d   U$$MOD
00008e43   __register_unlock
00008e47   __register_lock
00008e4b   __nop
00008e54   ___cinit__
00008e54   ___etext__
00008e54   cinit
00008e54   etext
00008f55   _InitFlash
00008f70   _DSP28x_usDelay
0000b000   _ReceivedChar
0000b001   _Timer_flag
0000b002   _mesg
0000b040   _gSampleTable
0000b700   _gSampleValue
0000c420   _CpuTimer1
0000c428   _CpuTimer2
0000c430   _CpuTimer0
0000c438   __unlock
0000c43a   __lock
0000c43c   __cleanup_ptr
0000c43e   __dtors_ptr
0000c440   _DAL_OutPut3
0000c740   _DAL_OutPut2
0000ca80   _DAL_OutPut1
0000ce44   _SampleCount_Status_Flag
0000ce45   _Head_pointNum
0000ce46   _SampleCount
0000ce47   _errno
0000ce80   _Low_Filter2
0000cf00   _Low_Filter1
0000dc98   _PieVectTableInit
0000de5a   __stack
0000e242   __STACK_END
0033fff8   _CsmPwl
00380080   _ADC_cal
ffffffff   ___binit__
ffffffff   ___c_args__
ffffffff   ___pinit__
ffffffff   binit
ffffffff   pinit

[223 symbols]
