******************************************************************************
             TMS320C2000 Linker PC v5.2.3                      
******************************************************************************
>> Linked Tue Jun 14 19:19:06 2016

OUTPUT FILE NAME:   <NEW_Date_Process_test.out>
ENTRY POINT SYMBOL: "_c_int00"  address: 00008d89


MEMORY CONFIGURATION

         name            origin    length      used     unused   attr    fill
----------------------  --------  ---------  --------  --------  ----  --------
PAGE 0:
  BEGIN                 00000000   00000002  00000002  00000000  RWIX
  BOOT_RSVD             00000002   0000004e  00000000  0000004e  RWIX
  RAMM0                 00000050   000003b0  00000000  000003b0  RWIX
  RAML                  00008000   00004000  00001037  00002fc9  RWIX
  ZONE7A                00200000   0000fc00  00000000  0000fc00  RWIX
  CSM_RSVD              0033ff80   00000076  00000000  00000076  RWIX
  CSM_PWL               0033fff8   00000008  00000000  00000008  RWIX
  ADC_CAL               00380080   00000009  00000007  00000002  RWIX
  IQTABLES              003fe000   00000b50  00000000  00000b50  RWIX
  IQTABLES2             003feb50   0000008c  00000000  0000008c  RWIX
  FPUTABLES             003febdc   000006a0  00000000  000006a0  RWIX
  BOOTROM               003ff27c   00000d44  00000000  00000d44  RWIX
  RESET                 003fffc0   00000002  00000000  00000002  RWIX

PAGE 1:
  RAMM                  00000400   00000400  00000000  00000400  RWIX
  DEV_EMU               00000880   00000180  000000d0  000000b0  RWIX
  FLASH_REGS            00000a80   00000060  00000008  00000058  RWIX
  CSM                   00000ae0   00000010  00000010  00000000  RWIX
  ADC_MIRROR            00000b00   00000010  00000010  00000000  RWIX
  XINTF                 00000b20   00000020  0000001e  00000002  RWIX
  CPU_TIMER0            00000c00   00000008  00000008  00000000  RWIX
  CPU_TIMER1            00000c08   00000008  00000008  00000000  RWIX
  CPU_TIMER2            00000c10   00000008  00000008  00000000  RWIX
  PIE_CTRL              00000ce0   00000020  0000001a  00000006  RWIX
  PIE_VECT              00000d00   00000100  00000100  00000000  RWIX
  DMA                   00001000   00000200  000000e0  00000120  RWIX
  MCBSPA                00005000   00000040  00000025  0000001b  RWIX
  MCBSPB                00005040   00000040  00000025  0000001b  RWIX
  ECANA                 00006000   00000040  00000034  0000000c  RWIX
  ECANA_LAM             00006040   00000040  00000040  00000000  RWIX
  ECANA_MOTS            00006080   00000040  00000040  00000000  RWIX
  ECANA_MOTO            000060c0   00000040  00000040  00000000  RWIX
  ECANA_MBOX            00006100   00000100  00000100  00000000  RWIX
  ECANB                 00006200   00000040  00000034  0000000c  RWIX
  ECANB_LAM             00006240   00000040  00000040  00000000  RWIX
  ECANB_MOTS            00006280   00000040  00000040  00000000  RWIX
  ECANB_MOTO            000062c0   00000040  00000040  00000000  RWIX
  ECANB_MBOX            00006300   00000100  00000100  00000000  RWIX
  EPWM1                 00006800   00000022  00000022  00000000  RWIX
  EPWM2                 00006840   00000022  00000022  00000000  RWIX
  EPWM3                 00006880   00000022  00000022  00000000  RWIX
  EPWM4                 000068c0   00000022  00000022  00000000  RWIX
  EPWM5                 00006900   00000022  00000022  00000000  RWIX
  EPWM6                 00006940   00000022  00000022  00000000  RWIX
  ECAP1                 00006a00   00000020  00000020  00000000  RWIX
  ECAP2                 00006a20   00000020  00000020  00000000  RWIX
  ECAP3                 00006a40   00000020  00000020  00000000  RWIX
  ECAP4                 00006a60   00000020  00000020  00000000  RWIX
  ECAP5                 00006a80   00000020  00000020  00000000  RWIX
  ECAP6                 00006aa0   00000020  00000020  00000000  RWIX
  EQEP1                 00006b00   00000040  00000040  00000000  RWIX
  EQEP2                 00006b40   00000040  00000040  00000000  RWIX
  GPIOCTRL              00006f80   00000040  0000002e  00000012  RWIX
  GPIODAT               00006fc0   00000020  00000020  00000000  RWIX
  GPIOINT               00006fe0   00000020  0000000a  00000016  RWIX
  SYSTEM                00007010   00000020  00000020  00000000  RWIX
  SPIA                  00007040   00000010  00000010  00000000  RWIX
  SCIA                  00007050   00000010  00000010  00000000  RWIX
  XINTRUPT              00007070   00000010  00000010  00000000  RWIX
  ADC                   00007100   00000020  0000001e  00000002  RWIX
  SCIB                  00007750   00000010  00000010  00000000  RWIX
  SCIC                  00007770   00000010  00000010  00000000  RWIX
  I2CA                  00007900   00000040  00000022  0000001e  RWIX
  RAMH                  0000b000   00005000  000031d8  00001e28  RWIX
  ZONE7B                0020fc00   00000400  00000000  00000400  RWIX
  CSM_PWL               0033fff8   00000008  00000008  00000000  RWIX


SECTION ALLOCATION MAP

 output                                  attributes/
section   page    origin      length       input sections
--------  ----  ----------  ----------   ----------------
codestart 
*          0    00000000    00000002     
                  00000000    00000002     DSP2833x_CodeStartBranch.obj (codestart)

.pinit     0    00008000    00000000     UNINITIALIZED

.text      0    00008000    00000f38     
                  00008000    00000394     DATA_Process.obj (.text)
                  00008394    00000323     DSP2833x_DefaultIsr.obj (.text)
                  000086b7    0000024a     AD7656.obj (.text)
                  00008901    000000f6     DSP2833x_Xintf.obj (.text)
                  000089f7    000000f5     DSP2833x_SysCtrl.obj (.text)
                  00008aec    000000e1     main.obj (.text)
                  00008bcd    00000088     rts2800_fpu32.lib : fs_div.obj (.text)
                  00008c55    0000007a     DSP2833x_CpuTimers.obj (.text)
                  00008ccf    0000005e     rts2800_fpu32.lib : cos.obj (.text)
                  00008d2d    0000005c                       : sin.obj (.text)
                  00008d89    00000046                       : boot.obj (.text)
                  00008dcf    00000045     DSP2833x_Sci.obj (.text)
                  00008e14    00000037     SCI_Serial.obj (.text)
                  00008e4b    00000028     DSP2833x_PieCtrl.obj (.text)
                  00008e73    00000021     rts2800_fpu32.lib : memcpy_ff.obj (.text)
                  00008e94    00000020     DSP2833x_PieVect.obj (.text)
                  00008eb4    00000020     rts2800_fpu32.lib : sqrt.obj (.text)
                  00008ed4    0000001b                       : args_main.obj (.text)
                  00008eef    00000019                       : exit.obj (.text)
                  00008f08    00000014     DSP2833x_Adc.obj (.text)
                  00008f1c    0000000b     rts2800_fpu32.lib : u_div.obj (.text)
                  00008f27    00000009                       : _lock.obj (.text)
                  00008f30    00000008     DSP2833x_CodeStartBranch.obj (.text)

.cinit     0    00008f38    000000e0     
                  00008f38    000000a2     ConstData_Table.obj (.cinit)
                  00008fda    00000018     DATA_Process.obj (.cinit)
                  00008ff2    0000000a     rts2800_fpu32.lib : _lock.obj (.cinit)
                  00008ffc    0000000a                       : exit.obj (.cinit)
                  00009006    00000008     AD7656.obj (.cinit)
                  0000900e    00000004     main.obj (.cinit)
                  00009012    00000004     rts2800_fpu32.lib : errno.obj (.cinit)
                  00009016    00000002     --HOLE-- [fill = 0]

ramfuncs   0    00009018    0000001f     
                  00009018    0000001b     DSP2833x_SysCtrl.obj (ramfuncs)
                  00009033    00000004     DSP2833x_usDelay.obj (ramfuncs)

csm_rsvd   0    0033ff80    00000000     DSECT

csmpasswds 
*          0    0033fff8    00000000     DSECT

.adc_cal   0    00380080    00000007     NOLOAD SECTION
                  00380080    00000007     DSP2833x_ADC_cal.obj (.adc_cal)

.reset     0    003fffc0    00000002     DSECT
                  003fffc0    00000002     rts2800_fpu32.lib : boot.obj (.reset)

DevEmuRegsFile 
*          1    00000880    000000d0     UNINITIALIZED
                  00000880    000000d0     DSP2833x_GlobalVariableDefs.obj (DevEmuRegsFile)

FlashRegsFile 
*          1    00000a80    00000008     UNINITIALIZED
                  00000a80    00000008     DSP2833x_GlobalVariableDefs.obj (FlashRegsFile)

CsmRegsFile 
*          1    00000ae0    00000010     UNINITIALIZED
                  00000ae0    00000010     DSP2833x_GlobalVariableDefs.obj (CsmRegsFile)

AdcMirrorFile 
*          1    00000b00    00000010     UNINITIALIZED
                  00000b00    00000010     DSP2833x_GlobalVariableDefs.obj (AdcMirrorFile)

XintfRegsFile 
*          1    00000b20    0000001e     UNINITIALIZED
                  00000b20    0000001e     DSP2833x_GlobalVariableDefs.obj (XintfRegsFile)

CpuTimer0RegsFile 
*          1    00000c00    00000008     UNINITIALIZED
                  00000c00    00000008     DSP2833x_GlobalVariableDefs.obj (CpuTimer0RegsFile)

CpuTimer1RegsFile 
*          1    00000c08    00000008     UNINITIALIZED
                  00000c08    00000008     DSP2833x_GlobalVariableDefs.obj (CpuTimer1RegsFile)

CpuTimer2RegsFile 
*          1    00000c10    00000008     UNINITIALIZED
                  00000c10    00000008     DSP2833x_GlobalVariableDefs.obj (CpuTimer2RegsFile)

PieCtrlRegsFile 
*          1    00000ce0    0000001a     UNINITIALIZED
                  00000ce0    0000001a     DSP2833x_GlobalVariableDefs.obj (PieCtrlRegsFile)

PieVectTableFile 
*          1    00000d00    00000100     UNINITIALIZED
                  00000d00    00000100     DSP2833x_GlobalVariableDefs.obj (PieVectTableFile)

DmaRegsFile 
*          1    00001000    000000e0     UNINITIALIZED
                  00001000    000000e0     DSP2833x_GlobalVariableDefs.obj (DmaRegsFile)

McbspaRegsFile 
*          1    00005000    00000025     UNINITIALIZED
                  00005000    00000025     DSP2833x_GlobalVariableDefs.obj (McbspaRegsFile)

McbspbRegsFile 
*          1    00005040    00000025     UNINITIALIZED
                  00005040    00000025     DSP2833x_GlobalVariableDefs.obj (McbspbRegsFile)

ECanaRegsFile 
*          1    00006000    00000034     UNINITIALIZED
                  00006000    00000034     DSP2833x_GlobalVariableDefs.obj (ECanaRegsFile)

ECanaLAMRegsFile 
*          1    00006040    00000040     UNINITIALIZED
                  00006040    00000040     DSP2833x_GlobalVariableDefs.obj (ECanaLAMRegsFile)

ECanaMOTSRegsFile 
*          1    00006080    00000040     UNINITIALIZED
                  00006080    00000040     DSP2833x_GlobalVariableDefs.obj (ECanaMOTSRegsFile)

ECanaMOTORegsFile 
*          1    000060c0    00000040     UNINITIALIZED
                  000060c0    00000040     DSP2833x_GlobalVariableDefs.obj (ECanaMOTORegsFile)

ECanaMboxesFile 
*          1    00006100    00000100     UNINITIALIZED
                  00006100    00000100     DSP2833x_GlobalVariableDefs.obj (ECanaMboxesFile)

ECanbRegsFile 
*          1    00006200    00000034     UNINITIALIZED
                  00006200    00000034     DSP2833x_GlobalVariableDefs.obj (ECanbRegsFile)

ECanbLAMRegsFile 
*          1    00006240    00000040     UNINITIALIZED
                  00006240    00000040     DSP2833x_GlobalVariableDefs.obj (ECanbLAMRegsFile)

ECanbMOTSRegsFile 
*          1    00006280    00000040     UNINITIALIZED
                  00006280    00000040     DSP2833x_GlobalVariableDefs.obj (ECanbMOTSRegsFile)

ECanbMOTORegsFile 
*          1    000062c0    00000040     UNINITIALIZED
                  000062c0    00000040     DSP2833x_GlobalVariableDefs.obj (ECanbMOTORegsFile)

ECanbMboxesFile 
*          1    00006300    00000100     UNINITIALIZED
                  00006300    00000100     DSP2833x_GlobalVariableDefs.obj (ECanbMboxesFile)

EPwm1RegsFile 
*          1    00006800    00000022     UNINITIALIZED
                  00006800    00000022     DSP2833x_GlobalVariableDefs.obj (EPwm1RegsFile)

EPwm2RegsFile 
*          1    00006840    00000022     UNINITIALIZED
                  00006840    00000022     DSP2833x_GlobalVariableDefs.obj (EPwm2RegsFile)

EPwm3RegsFile 
*          1    00006880    00000022     UNINITIALIZED
                  00006880    00000022     DSP2833x_GlobalVariableDefs.obj (EPwm3RegsFile)

EPwm4RegsFile 
*          1    000068c0    00000022     UNINITIALIZED
                  000068c0    00000022     DSP2833x_GlobalVariableDefs.obj (EPwm4RegsFile)

EPwm5RegsFile 
*          1    00006900    00000022     UNINITIALIZED
                  00006900    00000022     DSP2833x_GlobalVariableDefs.obj (EPwm5RegsFile)

EPwm6RegsFile 
*          1    00006940    00000022     UNINITIALIZED
                  00006940    00000022     DSP2833x_GlobalVariableDefs.obj (EPwm6RegsFile)

ECap1RegsFile 
*          1    00006a00    00000020     UNINITIALIZED
                  00006a00    00000020     DSP2833x_GlobalVariableDefs.obj (ECap1RegsFile)

ECap2RegsFile 
*          1    00006a20    00000020     UNINITIALIZED
                  00006a20    00000020     DSP2833x_GlobalVariableDefs.obj (ECap2RegsFile)

ECap3RegsFile 
*          1    00006a40    00000020     UNINITIALIZED
                  00006a40    00000020     DSP2833x_GlobalVariableDefs.obj (ECap3RegsFile)

ECap4RegsFile 
*          1    00006a60    00000020     UNINITIALIZED
                  00006a60    00000020     DSP2833x_GlobalVariableDefs.obj (ECap4RegsFile)

ECap5RegsFile 
*          1    00006a80    00000020     UNINITIALIZED
                  00006a80    00000020     DSP2833x_GlobalVariableDefs.obj (ECap5RegsFile)

ECap6RegsFile 
*          1    00006aa0    00000020     UNINITIALIZED
                  00006aa0    00000020     DSP2833x_GlobalVariableDefs.obj (ECap6RegsFile)

EQep1RegsFile 
*          1    00006b00    00000040     UNINITIALIZED
                  00006b00    00000040     DSP2833x_GlobalVariableDefs.obj (EQep1RegsFile)

EQep2RegsFile 
*          1    00006b40    00000040     UNINITIALIZED
                  00006b40    00000040     DSP2833x_GlobalVariableDefs.obj (EQep2RegsFile)

GpioCtrlRegsFile 
*          1    00006f80    0000002e     UNINITIALIZED
                  00006f80    0000002e     DSP2833x_GlobalVariableDefs.obj (GpioCtrlRegsFile)

GpioDataRegsFile 
*          1    00006fc0    00000020     UNINITIALIZED
                  00006fc0    00000020     DSP2833x_GlobalVariableDefs.obj (GpioDataRegsFile)

GpioIntRegsFile 
*          1    00006fe0    0000000a     UNINITIALIZED
                  00006fe0    0000000a     DSP2833x_GlobalVariableDefs.obj (GpioIntRegsFile)

SysCtrlRegsFile 
*          1    00007010    00000020     UNINITIALIZED
                  00007010    00000020     DSP2833x_GlobalVariableDefs.obj (SysCtrlRegsFile)

SpiaRegsFile 
*          1    00007040    00000010     UNINITIALIZED
                  00007040    00000010     DSP2833x_GlobalVariableDefs.obj (SpiaRegsFile)

SciaRegsFile 
*          1    00007050    00000010     UNINITIALIZED
                  00007050    00000010     DSP2833x_GlobalVariableDefs.obj (SciaRegsFile)

XIntruptRegsFile 
*          1    00007070    00000010     UNINITIALIZED
                  00007070    00000010     DSP2833x_GlobalVariableDefs.obj (XIntruptRegsFile)

AdcRegsFile 
*          1    00007100    0000001e     UNINITIALIZED
                  00007100    0000001e     DSP2833x_GlobalVariableDefs.obj (AdcRegsFile)

ScibRegsFile 
*          1    00007750    00000010     UNINITIALIZED
                  00007750    00000010     DSP2833x_GlobalVariableDefs.obj (ScibRegsFile)

ScicRegsFile 
*          1    00007770    00000010     UNINITIALIZED
                  00007770    00000010     DSP2833x_GlobalVariableDefs.obj (ScicRegsFile)

I2caRegsFile 
*          1    00007900    00000022     UNINITIALIZED
                  00007900    00000022     DSP2833x_GlobalVariableDefs.obj (I2caRegsFile)

.ebss      1    0000b000    00001f12     UNINITIALIZED
                  0000b000    00001420     main.obj (.ebss)
                  0000c420    00000018     DSP2833x_CpuTimers.obj (.ebss)
                  0000c438    00000004     rts2800_fpu32.lib : _lock.obj (.ebss)
                  0000c43c    00000004                       : exit.obj (.ebss)
                  0000c440    000009d2     DATA_Process.obj (.ebss)
                  0000ce12    00000003     AD7656.obj (.ebss)
                  0000ce15    00000001     rts2800_fpu32.lib : errno.obj (.ebss)
                  0000ce16    0000002a     --HOLE--
                  0000ce40    000000d2     ConstData_Table.obj (.ebss)

.econst    1    0000cf12    00000ede     
                  0000cf12    0000068e     DATA_Process.obj (.econst:_$P$T0$1)
                  0000d5a0    0000068e     DATA_Process.obj (.econst:_$P$T1$2)
                  0000dc2e    00000100     DSP2833x_PieVect.obj (.econst)
                  0000dd2e    00000054     DATA_Process.obj (.econst:_$P$T2$3)
                  0000dd82    00000054     DATA_Process.obj (.econst:_$P$T3$4)
                  0000ddd6    0000001a     main.obj (.econst:.string)

.stack     1    0000ddf0    000003e8     UNINITIALIZED
                  0000ddf0    000003e8     --HOLE--

CsmPwlFile 
*          1    0033fff8    00000008     UNINITIALIZED
                  0033fff8    00000008     DSP2833x_GlobalVariableDefs.obj (CsmPwlFile)


GLOBAL SYMBOLS: SORTED ALPHABETICALLY BY Name 

address    name
--------   ----
00008000   .text
00008eef   C$$EXIT
00008bcd   FS$$DIV
00008f1c   U$$DIV
00008f21   U$$MOD
0000847a   _ADCINT_ISR
00380080   _ADC_cal
000087ad   _AD_Data_Shift
00000b00   _AdcMirror
00007100   _AdcRegs
00008c94   _ConfigCpuTimer
0000c430   _CpuTimer0
00000c00   _CpuTimer0Regs
0000c420   _CpuTimer1
00000c08   _CpuTimer1Regs
0000c428   _CpuTimer2
00000c10   _CpuTimer2Regs
0033fff8   _CsmPwl
00000ae0   _CsmRegs
00008abb   _CsmUnlock
0000ca80   _DAL_OutPut1
0000c740   _DAL_OutPut2
0000c480   _DAL_OutPut3
000080d2   _DAL_Process
000083a8   _DATALOG_ISR
0000859c   _DINTCH1_ISR
000085a6   _DINTCH2_ISR
000085b0   _DINTCH3_ISR
000085ba   _DINTCH4_ISR
000085c4   _DINTCH5_ISR
000085ce   _DINTCH6_ISR
00009033   _DSP28x_usDelay
00008329   _Data_Trans
00000880   _DevEmuRegs
00008a0a   _DisableDog
00001000   _DmaRegs
00008628   _ECAN0INTA_ISR
0000863c   _ECAN0INTB_ISR
00008632   _ECAN1INTA_ISR
00008646   _ECAN1INTB_ISR
00008510   _ECAP1_INT_ISR
0000851a   _ECAP2_INT_ISR
00008524   _ECAP3_INT_ISR
0000852e   _ECAP4_INT_ISR
00008538   _ECAP5_INT_ISR
00008542   _ECAP6_INT_ISR
00006040   _ECanaLAMRegs
000060c0   _ECanaMOTORegs
00006080   _ECanaMOTSRegs
00006100   _ECanaMboxes
00006000   _ECanaRegs
00006240   _ECanbLAMRegs
000062c0   _ECanbMOTORegs
00006280   _ECanbMOTSRegs
00006300   _ECanbMboxes
00006200   _ECanbRegs
00006a00   _ECap1Regs
00006a20   _ECap2Regs
00006a40   _ECap3Regs
00006a60   _ECap4Regs
00006a80   _ECap5Regs
00006aa0   _ECap6Regs
00008696   _EMPTY_ISR
000083bc   _EMUINT_ISR
000084d4   _EPWM1_INT_ISR
00008498   _EPWM1_TZINT_ISR
000084de   _EPWM2_INT_ISR
000084a2   _EPWM2_TZINT_ISR
000084e8   _EPWM3_INT_ISR
000084ac   _EPWM3_TZINT_ISR
000084f2   _EPWM4_INT_ISR
000084b6   _EPWM4_TZINT_ISR
000084fc   _EPWM5_INT_ISR
000084c0   _EPWM5_TZINT_ISR
00008506   _EPWM6_INT_ISR
000084ca   _EPWM6_TZINT_ISR
00006800   _EPwm1Regs
00006840   _EPwm2Regs
00006880   _EPwm3Regs
000068c0   _EPwm4Regs
00006900   _EPwm5Regs
00006940   _EPwm6Regs
0000854c   _EQEP1_INT_ISR
00008556   _EQEP2_INT_ISR
00006b00   _EQep1Regs
00006b40   _EQep2Regs
00008e6a   _EnableInterrupts
00000a80   _FlashRegs
00008748   _GetAD_Value
00006f80   _GpioCtrlRegs
00006fc0   _GpioDataRegs
00006fe0   _GpioIntRegs
0000ce13   _Head_pointNum
000085d8   _I2CINT1A_ISR
000085e2   _I2CINT2A_ISR
00007900   _I2caRegs
000083d0   _ILLEGAL_ISR
00008394   _INT13_ISR
0000839e   _INT14_ISR
00008b5e   _ISRTimer0
00008f08   _InitAdc
00008c55   _InitCpuTimers
00009018   _InitFlash
00008a60   _InitPeripheralClocks
00008e4b   _InitPieCtrl
00008e94   _InitPieVectTable
00008a12   _InitPll
00008dcf   _InitSci
00008dd0   _InitSciGpio
00008dd3   _InitSciaGpio
00008de8   _InitScibGpio
00008dfe   _InitScicGpio
000089f7   _InitSysCtrl
00008901   _InitXintf
0000899d   _InitXintf16Gpio
00008956   _InitXintf32Gpio
0000868c   _LUF_ISR
00008682   _LVF_ISR
00008000   _LinearConvolution
0000cec0   _Low_Filter1
0000ce40   _Low_Filter2
00008588   _MRINTA_ISR
00008574   _MRINTB_ISR
00008592   _MXINTA_ISR
0000857e   _MXINTB_ISR
00005000   _McbspaRegs
00005040   _McbspbRegs
00008291   _Moisture_FITcalcu
000083c6   _NMI_ISR
00008726   _OUTAD_Init
000086d8   _OUTAD_Variable_Init
000086a3   _PIE_RESERVED
00000ce0   _PieCtrlRegs
00000d00   _PieVectTable
0000dc2e   _PieVectTableInit
0000c441   _Print_data
000083b2   _RTOSINT_ISR
0000b000   _ReceivedChar
00008e14   _SCIC_IO_Init
00008e17   _SCIC_Init
00008e46   _SCIC_fifo_init
00008e37   _SCIC_msg
00008e2b   _SCIC_xmit
00008600   _SCIRXINTA_ISR
00008614   _SCIRXINTB_ISR
000085ec   _SCIRXINTC_ISR
0000860a   _SCITXINTA_ISR
0000861e   _SCITXINTB_ISR
000085f6   _SCITXINTC_ISR
00008452   _SEQ1INT_ISR
0000845c   _SEQ2INT_ISR
0000809a   _SINCOS_TAB
00008560   _SPIRXINTA_ISR
0000856a   _SPITXINTA_ISR
0000ce14   _SampleCount
0000ce12   _SampleCount_Status_Flag
00007050   _SciaRegs
00007750   _ScibRegs
00007770   _ScicRegs
00008a00   _ServiceDog
0000836e   _Single_Amplitude
00007040   _SpiaRegs
00007010   _SysCtrlRegs
00008484   _TINT0_ISR
0000b001   _Timer_flag
00008434   _USER10_ISR
0000843e   _USER11_ISR
00008448   _USER12_ISR
000083da   _USER1_ISR
000083e4   _USER2_ISR
000083ee   _USER3_ISR
000083f8   _USER4_ISR
00008402   _USER5_ISR
0000840c   _USER6_ISR
00008416   _USER7_ISR
00008420   _USER8_ISR
0000842a   _USER9_ISR
0000848e   _WAKEINT_ISR
00008466   _XINT1_ISR
00008470   _XINT2_ISR
00008650   _XINT3_ISR
0000865a   _XINT4_ISR
00008664   _XINT5_ISR
0000866e   _XINT6_ISR
00008678   _XINT7_ISR
00007070   _XIntruptRegs
00000b20   _XintfRegs
0000e1d8   __STACK_END
000003e8   __STACK_SIZE
00000001   __TI_args_main
ffffffff   ___binit__
ffffffff   ___c_args__
00008f38   ___cinit__
00008f38   ___etext__
00008e73   ___memcpy_ff
ffffffff   ___pinit__
00008000   ___text__
00008ed4   __args_main
0000c43c   __cleanup_ptr
0000c43e   __dtors_ptr
0000c43a   __lock
00008f2f   __nop
00008f2b   __register_lock
00008f27   __register_unlock
0000ddf0   __stack
0000c438   __unlock
00008eef   _abort
0000c440   _array_index
00008d89   _c_int00
00008ccf   _cos
0000ce15   _errno
00008ef1   _exit
0000b040   _gSampleTable
0000b700   _gSampleValue
00008aec   _main
0000b002   _mesg
000086ad   _rsvd_ISR
00008b79   _scic_isr
00008d2d   _sin
00008eb4   _sqrt
ffffffff   binit
00008f38   cinit
00000000   code_start
00008f38   etext
ffffffff   pinit


GLOBAL SYMBOLS: SORTED BY Symbol Address 

address    name
--------   ----
00000000   code_start
00000001   __TI_args_main
000003e8   __STACK_SIZE
00000880   _DevEmuRegs
00000a80   _FlashRegs
00000ae0   _CsmRegs
00000b00   _AdcMirror
00000b20   _XintfRegs
00000c00   _CpuTimer0Regs
00000c08   _CpuTimer1Regs
00000c10   _CpuTimer2Regs
00000ce0   _PieCtrlRegs
00000d00   _PieVectTable
00001000   _DmaRegs
00005000   _McbspaRegs
00005040   _McbspbRegs
00006000   _ECanaRegs
00006040   _ECanaLAMRegs
00006080   _ECanaMOTSRegs
000060c0   _ECanaMOTORegs
00006100   _ECanaMboxes
00006200   _ECanbRegs
00006240   _ECanbLAMRegs
00006280   _ECanbMOTSRegs
000062c0   _ECanbMOTORegs
00006300   _ECanbMboxes
00006800   _EPwm1Regs
00006840   _EPwm2Regs
00006880   _EPwm3Regs
000068c0   _EPwm4Regs
00006900   _EPwm5Regs
00006940   _EPwm6Regs
00006a00   _ECap1Regs
00006a20   _ECap2Regs
00006a40   _ECap3Regs
00006a60   _ECap4Regs
00006a80   _ECap5Regs
00006aa0   _ECap6Regs
00006b00   _EQep1Regs
00006b40   _EQep2Regs
00006f80   _GpioCtrlRegs
00006fc0   _GpioDataRegs
00006fe0   _GpioIntRegs
00007010   _SysCtrlRegs
00007040   _SpiaRegs
00007050   _SciaRegs
00007070   _XIntruptRegs
00007100   _AdcRegs
00007750   _ScibRegs
00007770   _ScicRegs
00007900   _I2caRegs
00008000   .text
00008000   _LinearConvolution
00008000   ___text__
0000809a   _SINCOS_TAB
000080d2   _DAL_Process
00008291   _Moisture_FITcalcu
00008329   _Data_Trans
0000836e   _Single_Amplitude
00008394   _INT13_ISR
0000839e   _INT14_ISR
000083a8   _DATALOG_ISR
000083b2   _RTOSINT_ISR
000083bc   _EMUINT_ISR
000083c6   _NMI_ISR
000083d0   _ILLEGAL_ISR
000083da   _USER1_ISR
000083e4   _USER2_ISR
000083ee   _USER3_ISR
000083f8   _USER4_ISR
00008402   _USER5_ISR
0000840c   _USER6_ISR
00008416   _USER7_ISR
00008420   _USER8_ISR
0000842a   _USER9_ISR
00008434   _USER10_ISR
0000843e   _USER11_ISR
00008448   _USER12_ISR
00008452   _SEQ1INT_ISR
0000845c   _SEQ2INT_ISR
00008466   _XINT1_ISR
00008470   _XINT2_ISR
0000847a   _ADCINT_ISR
00008484   _TINT0_ISR
0000848e   _WAKEINT_ISR
00008498   _EPWM1_TZINT_ISR
000084a2   _EPWM2_TZINT_ISR
000084ac   _EPWM3_TZINT_ISR
000084b6   _EPWM4_TZINT_ISR
000084c0   _EPWM5_TZINT_ISR
000084ca   _EPWM6_TZINT_ISR
000084d4   _EPWM1_INT_ISR
000084de   _EPWM2_INT_ISR
000084e8   _EPWM3_INT_ISR
000084f2   _EPWM4_INT_ISR
000084fc   _EPWM5_INT_ISR
00008506   _EPWM6_INT_ISR
00008510   _ECAP1_INT_ISR
0000851a   _ECAP2_INT_ISR
00008524   _ECAP3_INT_ISR
0000852e   _ECAP4_INT_ISR
00008538   _ECAP5_INT_ISR
00008542   _ECAP6_INT_ISR
0000854c   _EQEP1_INT_ISR
00008556   _EQEP2_INT_ISR
00008560   _SPIRXINTA_ISR
0000856a   _SPITXINTA_ISR
00008574   _MRINTB_ISR
0000857e   _MXINTB_ISR
00008588   _MRINTA_ISR
00008592   _MXINTA_ISR
0000859c   _DINTCH1_ISR
000085a6   _DINTCH2_ISR
000085b0   _DINTCH3_ISR
000085ba   _DINTCH4_ISR
000085c4   _DINTCH5_ISR
000085ce   _DINTCH6_ISR
000085d8   _I2CINT1A_ISR
000085e2   _I2CINT2A_ISR
000085ec   _SCIRXINTC_ISR
000085f6   _SCITXINTC_ISR
00008600   _SCIRXINTA_ISR
0000860a   _SCITXINTA_ISR
00008614   _SCIRXINTB_ISR
0000861e   _SCITXINTB_ISR
00008628   _ECAN0INTA_ISR
00008632   _ECAN1INTA_ISR
0000863c   _ECAN0INTB_ISR
00008646   _ECAN1INTB_ISR
00008650   _XINT3_ISR
0000865a   _XINT4_ISR
00008664   _XINT5_ISR
0000866e   _XINT6_ISR
00008678   _XINT7_ISR
00008682   _LVF_ISR
0000868c   _LUF_ISR
00008696   _EMPTY_ISR
000086a3   _PIE_RESERVED
000086ad   _rsvd_ISR
000086d8   _OUTAD_Variable_Init
00008726   _OUTAD_Init
00008748   _GetAD_Value
000087ad   _AD_Data_Shift
00008901   _InitXintf
00008956   _InitXintf32Gpio
0000899d   _InitXintf16Gpio
000089f7   _InitSysCtrl
00008a00   _ServiceDog
00008a0a   _DisableDog
00008a12   _InitPll
00008a60   _InitPeripheralClocks
00008abb   _CsmUnlock
00008aec   _main
00008b5e   _ISRTimer0
00008b79   _scic_isr
00008bcd   FS$$DIV
00008c55   _InitCpuTimers
00008c94   _ConfigCpuTimer
00008ccf   _cos
00008d2d   _sin
00008d89   _c_int00
00008dcf   _InitSci
00008dd0   _InitSciGpio
00008dd3   _InitSciaGpio
00008de8   _InitScibGpio
00008dfe   _InitScicGpio
00008e14   _SCIC_IO_Init
00008e17   _SCIC_Init
00008e2b   _SCIC_xmit
00008e37   _SCIC_msg
00008e46   _SCIC_fifo_init
00008e4b   _InitPieCtrl
00008e6a   _EnableInterrupts
00008e73   ___memcpy_ff
00008e94   _InitPieVectTable
00008eb4   _sqrt
00008ed4   __args_main
00008eef   C$$EXIT
00008eef   _abort
00008ef1   _exit
00008f08   _InitAdc
00008f1c   U$$DIV
00008f21   U$$MOD
00008f27   __register_unlock
00008f2b   __register_lock
00008f2f   __nop
00008f38   ___cinit__
00008f38   ___etext__
00008f38   cinit
00008f38   etext
00009018   _InitFlash
00009033   _DSP28x_usDelay
0000b000   _ReceivedChar
0000b001   _Timer_flag
0000b002   _mesg
0000b040   _gSampleTable
0000b700   _gSampleValue
0000c420   _CpuTimer1
0000c428   _CpuTimer2
0000c430   _CpuTimer0
0000c438   __unlock
0000c43a   __lock
0000c43c   __cleanup_ptr
0000c43e   __dtors_ptr
0000c440   _array_index
0000c441   _Print_data
0000c480   _DAL_OutPut3
0000c740   _DAL_OutPut2
0000ca80   _DAL_OutPut1
0000ce12   _SampleCount_Status_Flag
0000ce13   _Head_pointNum
0000ce14   _SampleCount
0000ce15   _errno
0000ce40   _Low_Filter2
0000cec0   _Low_Filter1
0000dc2e   _PieVectTableInit
0000ddf0   __stack
0000e1d8   __STACK_END
0033fff8   _CsmPwl
00380080   _ADC_cal
ffffffff   ___binit__
ffffffff   ___c_args__
ffffffff   ___pinit__
ffffffff   binit
ffffffff   pinit

[225 symbols]
