******************************************************************************
             TMS320C2000 Linker PC v5.2.3                      
******************************************************************************
>> Linked Fri Jun 03 20:41:58 2016

OUTPUT FILE NAME:   <Uart_TFT_test.out>
ENTRY POINT SYMBOL: "_c_int00"  address: 0000927a


MEMORY CONFIGURATION

         name            origin    length      used     unused   attr    fill
----------------------  --------  ---------  --------  --------  ----  --------
PAGE 0:
  BEGIN                 00000000   00000002  00000002  00000000  RWIX
  BOOT_RSVD             00000002   0000004e  00000000  0000004e  RWIX
  RAMM0                 00000050   000003b0  00000000  000003b0  RWIX
  RAML                  00008000   00004000  0000144d  00002bb3  RWIX
  ZONE7A                00200000   0000fc00  00000000  0000fc00  RWIX
  CSM_RSVD              0033ff80   00000076  00000000  00000076  RWIX
  CSM_PWL               0033fff8   00000008  00000000  00000008  RWIX
  ADC_CAL               00380080   00000009  00000007  00000002  RWIX
  IQTABLES              003fe000   00000b50  00000000  00000b50  RWIX
  IQTABLES2             003feb50   0000008c  00000000  0000008c  RWIX
  FPUTABLES             003febdc   000006a0  00000000  000006a0  RWIX
  BOOTROM               003ff27c   00000d44  00000000  00000d44  RWIX
  RESET                 003fffc0   00000002  00000000  00000002  RWIX

PAGE 1:
  RAMM                  00000400   00000400  000003e8  00000018  RWIX
  DEV_EMU               00000880   00000180  000000d0  000000b0  RWIX
  FLASH_REGS            00000a80   00000060  00000008  00000058  RWIX
  CSM                   00000ae0   00000010  00000010  00000000  RWIX
  ADC_MIRROR            00000b00   00000010  00000010  00000000  RWIX
  XINTF                 00000b20   00000020  0000001e  00000002  RWIX
  CPU_TIMER0            00000c00   00000008  00000008  00000000  RWIX
  CPU_TIMER1            00000c08   00000008  00000008  00000000  RWIX
  CPU_TIMER2            00000c10   00000008  00000008  00000000  RWIX
  PIE_CTRL              00000ce0   00000020  0000001a  00000006  RWIX
  PIE_VECT              00000d00   00000100  00000100  00000000  RWIX
  DMA                   00001000   00000200  000000e0  00000120  RWIX
  MCBSPA                00005000   00000040  00000025  0000001b  RWIX
  MCBSPB                00005040   00000040  00000025  0000001b  RWIX
  ECANA                 00006000   00000040  00000034  0000000c  RWIX
  ECANA_LAM             00006040   00000040  00000040  00000000  RWIX
  ECANA_MOTS            00006080   00000040  00000040  00000000  RWIX
  ECANA_MOTO            000060c0   00000040  00000040  00000000  RWIX
  ECANA_MBOX            00006100   00000100  00000100  00000000  RWIX
  ECANB                 00006200   00000040  00000034  0000000c  RWIX
  ECANB_LAM             00006240   00000040  00000040  00000000  RWIX
  ECANB_MOTS            00006280   00000040  00000040  00000000  RWIX
  ECANB_MOTO            000062c0   00000040  00000040  00000000  RWIX
  ECANB_MBOX            00006300   00000100  00000100  00000000  RWIX
  EPWM1                 00006800   00000022  00000022  00000000  RWIX
  EPWM2                 00006840   00000022  00000022  00000000  RWIX
  EPWM3                 00006880   00000022  00000022  00000000  RWIX
  EPWM4                 000068c0   00000022  00000022  00000000  RWIX
  EPWM5                 00006900   00000022  00000022  00000000  RWIX
  EPWM6                 00006940   00000022  00000022  00000000  RWIX
  ECAP1                 00006a00   00000020  00000020  00000000  RWIX
  ECAP2                 00006a20   00000020  00000020  00000000  RWIX
  ECAP3                 00006a40   00000020  00000020  00000000  RWIX
  ECAP4                 00006a60   00000020  00000020  00000000  RWIX
  ECAP5                 00006a80   00000020  00000020  00000000  RWIX
  ECAP6                 00006aa0   00000020  00000020  00000000  RWIX
  EQEP1                 00006b00   00000040  00000040  00000000  RWIX
  EQEP2                 00006b40   00000040  00000040  00000000  RWIX
  GPIOCTRL              00006f80   00000040  0000002e  00000012  RWIX
  GPIODAT               00006fc0   00000020  00000020  00000000  RWIX
  GPIOINT               00006fe0   00000020  0000000a  00000016  RWIX
  SYSTEM                00007010   00000020  00000020  00000000  RWIX
  SPIA                  00007040   00000010  00000010  00000000  RWIX
  SCIA                  00007050   00000010  00000010  00000000  RWIX
  XINTRUPT              00007070   00000010  00000010  00000000  RWIX
  ADC                   00007100   00000020  0000001e  00000002  RWIX
  SCIB                  00007750   00000010  00000010  00000000  RWIX
  SCIC                  00007770   00000010  00000010  00000000  RWIX
  I2CA                  00007900   00000040  00000022  0000001e  RWIX
  RAMH                  0000c000   00004000  00000166  00003e9a  RWIX
  ZONE7B                0020fc00   00000400  00000000  00000400  RWIX
  CSM_PWL               0033fff8   00000008  00000008  00000000  RWIX


SECTION ALLOCATION MAP

 output                                  attributes/
section   page    origin      length       input sections
--------  ----  ----------  ----------   ----------------
codestart 
*          0    00000000    00000002     
                  00000000    00000002     DSP2833x_CodeStartBranch.obj (codestart)

.pinit     0    00008000    00000000     UNINITIALIZED

.text      0    00008000    000013f4     
                  00008000    00000918     hmi_driver.obj (.text)
                  00008918    00000323     DSP2833x_DefaultIsr.obj (.text)
                  00008c3b    00000239     cmd_process.obj (.text)
                  00008e74    000000f6     DSP2833x_Xintf.obj (.text)
                  00008f6a    000000f5     DSP2833x_SysCtrl.obj (.text)
                  0000905f    00000090     main.obj (.text)
                  000090ef    00000089     cmd_queue.obj (.text)
                  00009178    00000088     rts2800_fpu32.lib : fs_div.obj (.text)
                  00009200    0000007a     DSP2833x_CpuTimers.obj (.text)
                  0000927a    00000046     rts2800_fpu32.lib : boot.obj (.text)
                  000092c0    00000045     DSP2833x_Sci.obj (.text)
                  00009305    0000003c     hmi_user_uart.obj (.text)
                  00009341    00000028     DSP2833x_PieCtrl.obj (.text)
                  00009369    00000020     DSP2833x_PieVect.obj (.text)
                  00009389    0000001b     rts2800_fpu32.lib : args_main.obj (.text)
                  000093a4    00000019                       : exit.obj (.text)
                  000093bd    00000014     DSP2833x_Adc.obj (.text)
                  000093d1    0000000b     rts2800_fpu32.lib : u_div.obj (.text)
                  000093dc    00000009                       : _lock.obj (.text)
                  000093e5    00000008     DSP2833x_CodeStartBranch.obj (.text)
                  000093ed    00000007     rts2800_fpu32.lib : memset.obj (.text)

.cinit     0    000093f4    0000003a     
                  000093f4    00000016     main.obj (.cinit)
                  0000940a    0000000e     cmd_queue.obj (.cinit)
                  00009418    0000000a     rts2800_fpu32.lib : _lock.obj (.cinit)
                  00009422    0000000a                       : exit.obj (.cinit)
                  0000942c    00000002     --HOLE-- [fill = 0]

ramfuncs   0    0000942e    0000001f     
                  0000942e    0000001b     DSP2833x_SysCtrl.obj (ramfuncs)
                  00009449    00000004     DSP2833x_usDelay.obj (ramfuncs)

csm_rsvd   0    0033ff80    00000000     DSECT

csmpasswds 
*          0    0033fff8    00000000     DSECT

.adc_cal   0    00380080    00000007     NOLOAD SECTION
                  00380080    00000007     DSP2833x_ADC_cal.obj (.adc_cal)

.reset     0    003fffc0    00000002     DSECT
                  003fffc0    00000002     rts2800_fpu32.lib : boot.obj (.reset)

.stack     1    00000400    000003e8     UNINITIALIZED
                  00000400    000003e8     --HOLE--

DevEmuRegsFile 
*          1    00000880    000000d0     UNINITIALIZED
                  00000880    000000d0     DSP2833x_GlobalVariableDefs.obj (DevEmuRegsFile)

FlashRegsFile 
*          1    00000a80    00000008     UNINITIALIZED
                  00000a80    00000008     DSP2833x_GlobalVariableDefs.obj (FlashRegsFile)

CsmRegsFile 
*          1    00000ae0    00000010     UNINITIALIZED
                  00000ae0    00000010     DSP2833x_GlobalVariableDefs.obj (CsmRegsFile)

AdcMirrorFile 
*          1    00000b00    00000010     UNINITIALIZED
                  00000b00    00000010     DSP2833x_GlobalVariableDefs.obj (AdcMirrorFile)

XintfRegsFile 
*          1    00000b20    0000001e     UNINITIALIZED
                  00000b20    0000001e     DSP2833x_GlobalVariableDefs.obj (XintfRegsFile)

CpuTimer0RegsFile 
*          1    00000c00    00000008     UNINITIALIZED
                  00000c00    00000008     DSP2833x_GlobalVariableDefs.obj (CpuTimer0RegsFile)

CpuTimer1RegsFile 
*          1    00000c08    00000008     UNINITIALIZED
                  00000c08    00000008     DSP2833x_GlobalVariableDefs.obj (CpuTimer1RegsFile)

CpuTimer2RegsFile 
*          1    00000c10    00000008     UNINITIALIZED
                  00000c10    00000008     DSP2833x_GlobalVariableDefs.obj (CpuTimer2RegsFile)

PieCtrlRegsFile 
*          1    00000ce0    0000001a     UNINITIALIZED
                  00000ce0    0000001a     DSP2833x_GlobalVariableDefs.obj (PieCtrlRegsFile)

PieVectTableFile 
*          1    00000d00    00000100     UNINITIALIZED
                  00000d00    00000100     DSP2833x_GlobalVariableDefs.obj (PieVectTableFile)

DmaRegsFile 
*          1    00001000    000000e0     UNINITIALIZED
                  00001000    000000e0     DSP2833x_GlobalVariableDefs.obj (DmaRegsFile)

McbspaRegsFile 
*          1    00005000    00000025     UNINITIALIZED
                  00005000    00000025     DSP2833x_GlobalVariableDefs.obj (McbspaRegsFile)

McbspbRegsFile 
*          1    00005040    00000025     UNINITIALIZED
                  00005040    00000025     DSP2833x_GlobalVariableDefs.obj (McbspbRegsFile)

ECanaRegsFile 
*          1    00006000    00000034     UNINITIALIZED
                  00006000    00000034     DSP2833x_GlobalVariableDefs.obj (ECanaRegsFile)

ECanaLAMRegsFile 
*          1    00006040    00000040     UNINITIALIZED
                  00006040    00000040     DSP2833x_GlobalVariableDefs.obj (ECanaLAMRegsFile)

ECanaMOTSRegsFile 
*          1    00006080    00000040     UNINITIALIZED
                  00006080    00000040     DSP2833x_GlobalVariableDefs.obj (ECanaMOTSRegsFile)

ECanaMOTORegsFile 
*          1    000060c0    00000040     UNINITIALIZED
                  000060c0    00000040     DSP2833x_GlobalVariableDefs.obj (ECanaMOTORegsFile)

ECanaMboxesFile 
*          1    00006100    00000100     UNINITIALIZED
                  00006100    00000100     DSP2833x_GlobalVariableDefs.obj (ECanaMboxesFile)

ECanbRegsFile 
*          1    00006200    00000034     UNINITIALIZED
                  00006200    00000034     DSP2833x_GlobalVariableDefs.obj (ECanbRegsFile)

ECanbLAMRegsFile 
*          1    00006240    00000040     UNINITIALIZED
                  00006240    00000040     DSP2833x_GlobalVariableDefs.obj (ECanbLAMRegsFile)

ECanbMOTSRegsFile 
*          1    00006280    00000040     UNINITIALIZED
                  00006280    00000040     DSP2833x_GlobalVariableDefs.obj (ECanbMOTSRegsFile)

ECanbMOTORegsFile 
*          1    000062c0    00000040     UNINITIALIZED
                  000062c0    00000040     DSP2833x_GlobalVariableDefs.obj (ECanbMOTORegsFile)

ECanbMboxesFile 
*          1    00006300    00000100     UNINITIALIZED
                  00006300    00000100     DSP2833x_GlobalVariableDefs.obj (ECanbMboxesFile)

EPwm1RegsFile 
*          1    00006800    00000022     UNINITIALIZED
                  00006800    00000022     DSP2833x_GlobalVariableDefs.obj (EPwm1RegsFile)

EPwm2RegsFile 
*          1    00006840    00000022     UNINITIALIZED
                  00006840    00000022     DSP2833x_GlobalVariableDefs.obj (EPwm2RegsFile)

EPwm3RegsFile 
*          1    00006880    00000022     UNINITIALIZED
                  00006880    00000022     DSP2833x_GlobalVariableDefs.obj (EPwm3RegsFile)

EPwm4RegsFile 
*          1    000068c0    00000022     UNINITIALIZED
                  000068c0    00000022     DSP2833x_GlobalVariableDefs.obj (EPwm4RegsFile)

EPwm5RegsFile 
*          1    00006900    00000022     UNINITIALIZED
                  00006900    00000022     DSP2833x_GlobalVariableDefs.obj (EPwm5RegsFile)

EPwm6RegsFile 
*          1    00006940    00000022     UNINITIALIZED
                  00006940    00000022     DSP2833x_GlobalVariableDefs.obj (EPwm6RegsFile)

ECap1RegsFile 
*          1    00006a00    00000020     UNINITIALIZED
                  00006a00    00000020     DSP2833x_GlobalVariableDefs.obj (ECap1RegsFile)

ECap2RegsFile 
*          1    00006a20    00000020     UNINITIALIZED
                  00006a20    00000020     DSP2833x_GlobalVariableDefs.obj (ECap2RegsFile)

ECap3RegsFile 
*          1    00006a40    00000020     UNINITIALIZED
                  00006a40    00000020     DSP2833x_GlobalVariableDefs.obj (ECap3RegsFile)

ECap4RegsFile 
*          1    00006a60    00000020     UNINITIALIZED
                  00006a60    00000020     DSP2833x_GlobalVariableDefs.obj (ECap4RegsFile)

ECap5RegsFile 
*          1    00006a80    00000020     UNINITIALIZED
                  00006a80    00000020     DSP2833x_GlobalVariableDefs.obj (ECap5RegsFile)

ECap6RegsFile 
*          1    00006aa0    00000020     UNINITIALIZED
                  00006aa0    00000020     DSP2833x_GlobalVariableDefs.obj (ECap6RegsFile)

EQep1RegsFile 
*          1    00006b00    00000040     UNINITIALIZED
                  00006b00    00000040     DSP2833x_GlobalVariableDefs.obj (EQep1RegsFile)

EQep2RegsFile 
*          1    00006b40    00000040     UNINITIALIZED
                  00006b40    00000040     DSP2833x_GlobalVariableDefs.obj (EQep2RegsFile)

GpioCtrlRegsFile 
*          1    00006f80    0000002e     UNINITIALIZED
                  00006f80    0000002e     DSP2833x_GlobalVariableDefs.obj (GpioCtrlRegsFile)

GpioDataRegsFile 
*          1    00006fc0    00000020     UNINITIALIZED
                  00006fc0    00000020     DSP2833x_GlobalVariableDefs.obj (GpioDataRegsFile)

GpioIntRegsFile 
*          1    00006fe0    0000000a     UNINITIALIZED
                  00006fe0    0000000a     DSP2833x_GlobalVariableDefs.obj (GpioIntRegsFile)

SysCtrlRegsFile 
*          1    00007010    00000020     UNINITIALIZED
                  00007010    00000020     DSP2833x_GlobalVariableDefs.obj (SysCtrlRegsFile)

SpiaRegsFile 
*          1    00007040    00000010     UNINITIALIZED
                  00007040    00000010     DSP2833x_GlobalVariableDefs.obj (SpiaRegsFile)

SciaRegsFile 
*          1    00007050    00000010     UNINITIALIZED
                  00007050    00000010     DSP2833x_GlobalVariableDefs.obj (SciaRegsFile)

XIntruptRegsFile 
*          1    00007070    00000010     UNINITIALIZED
                  00007070    00000010     DSP2833x_GlobalVariableDefs.obj (XIntruptRegsFile)

AdcRegsFile 
*          1    00007100    0000001e     UNINITIALIZED
                  00007100    0000001e     DSP2833x_GlobalVariableDefs.obj (AdcRegsFile)

ScibRegsFile 
*          1    00007750    00000010     UNINITIALIZED
                  00007750    00000010     DSP2833x_GlobalVariableDefs.obj (ScibRegsFile)

ScicRegsFile 
*          1    00007770    00000010     UNINITIALIZED
                  00007770    00000010     DSP2833x_GlobalVariableDefs.obj (ScicRegsFile)

I2caRegsFile 
*          1    00007900    00000022     UNINITIALIZED
                  00007900    00000022     DSP2833x_GlobalVariableDefs.obj (I2caRegsFile)

.econst    1    0000c000    00000100     
                  0000c000    00000100     DSP2833x_PieVect.obj (.econst)

.ebss      1    0000c100    00000066     UNINITIALIZED
                  0000c100    00000022     cmd_queue.obj (.ebss)
                  0000c122    00000018     DSP2833x_CpuTimers.obj (.ebss)
                  0000c13a    00000004     rts2800_fpu32.lib : _lock.obj (.ebss)
                  0000c13e    00000002     --HOLE--
                  0000c140    00000022     main.obj (.ebss)
                  0000c162    00000004     rts2800_fpu32.lib : exit.obj (.ebss)

CsmPwlFile 
*          1    0033fff8    00000008     UNINITIALIZED
                  0033fff8    00000008     DSP2833x_GlobalVariableDefs.obj (CsmPwlFile)


GLOBAL SYMBOLS: SORTED ALPHABETICALLY BY Name 

address    name
--------   ----
00008000   .text
000093a4   C$$EXIT
00009178   FS$$DIV
000093d1   U$$DIV
000093d6   U$$MOD
000089fe   _ADCINT_ISR
00380080   _ADC_cal
00000b00   _AdcMirror
00007100   _AdcRegs
00008685   _AnimationPause
000086dd   _AnimationPlayNext
000086b1   _AnimationPlayPrev
0000862d   _AnimationStart
00008659   _AnimationStop
00008837   _BatchBegin
000088d0   _BatchEnd
0000884d   _BatchSetProgressValue
00008878   _BatchSetSliderValue
000088b2   _BatchSetText
00008371   _CalibrateTouchPane
00008428   _ClearLayer
0000806d   _ColorPicker
0000923f   _ConfigCpuTimer
00008409   _CopyLayer
0000c132   _CpuTimer0
00000c00   _CpuTimer0Regs
0000c122   _CpuTimer1
00000c08   _CpuTimer1Regs
0000c12a   _CpuTimer2
00000c10   _CpuTimer2Regs
0033fff8   _CsmPwl
00000ae0   _CsmRegs
0000902e   _CsmUnlock
0000892c   _DATALOG_ISR
00008b20   _DINTCH1_ISR
00008b2a   _DINTCH2_ISR
00008b34   _DINTCH3_ISR
00008b3e   _DINTCH4_ISR
00008b48   _DINTCH5_ISR
00008b52   _DINTCH6_ISR
00009449   _DSP28x_usDelay
00000880   _DevEmuRegs
0000811f   _DisFlashImage
000080fb   _DisFull_Image
00008f7d   _DisableDog
000083ef   _DisplyLayer
00001000   _DmaRegs
00008bac   _ECAN0INTA_ISR
00008bc0   _ECAN0INTB_ISR
00008bb6   _ECAN1INTA_ISR
00008bca   _ECAN1INTB_ISR
00008a94   _ECAP1_INT_ISR
00008a9e   _ECAP2_INT_ISR
00008aa8   _ECAP3_INT_ISR
00008ab2   _ECAP4_INT_ISR
00008abc   _ECAP5_INT_ISR
00008ac6   _ECAP6_INT_ISR
00006040   _ECanaLAMRegs
000060c0   _ECanaMOTORegs
00006080   _ECanaMOTSRegs
00006100   _ECanaMboxes
00006000   _ECanaRegs
00006240   _ECanbLAMRegs
000062c0   _ECanbMOTORegs
00006280   _ECanbMOTSRegs
00006300   _ECanbMboxes
00006200   _ECanbRegs
00006a00   _ECap1Regs
00006a20   _ECap2Regs
00006a40   _ECap3Regs
00006a60   _ECap4Regs
00006a80   _ECap5Regs
00006aa0   _ECap6Regs
00008c1a   _EMPTY_ISR
00008940   _EMUINT_ISR
00008a58   _EPWM1_INT_ISR
00008a1c   _EPWM1_TZINT_ISR
00008a62   _EPWM2_INT_ISR
00008a26   _EPWM2_TZINT_ISR
00008a6c   _EPWM3_INT_ISR
00008a30   _EPWM3_TZINT_ISR
00008a76   _EPWM4_INT_ISR
00008a3a   _EPWM4_TZINT_ISR
00008a80   _EPWM5_INT_ISR
00008a44   _EPWM5_TZINT_ISR
00008a8a   _EPWM6_INT_ISR
00008a4e   _EPWM6_TZINT_ISR
00006800   _EPwm1Regs
00006840   _EPwm2Regs
00006880   _EPwm3Regs
000068c0   _EPwm4Regs
00006900   _EPwm5Regs
00006940   _EPwm6Regs
00008ad0   _EQEP1_INT_ISR
00008ada   _EQEP2_INT_ISR
00006b00   _EQep1Regs
00006b40   _EQep2Regs
00009360   _EnableInterrupts
00000a80   _FlashRegs
00008c95   _FloatToISCII
00008304   _GUI_AreaInycolor
000082b4   _GUI_BcolorConDots
00008240   _GUI_BcolorConOffsetDots
0000809b   _GUI_CleanScreen
000081c1   _GUI_ConDots
000081e2   _GUI_ConSpaceDots
00008442   _GUI_DispRTC
0000815b   _GUI_Dot
00008298   _GUI_FcolorConDots
00008211   _GUI_FcolorConOffsetDots
00008184   _GUI_Line
00008601   _GetControlValue
000084ec   _GetScreen
000088a3   _GetStringLen
00006f80   _GpioCtrlRegs
00006fc0   _GpioDataRegs
00006fe0   _GpioIntRegs
00008709   _GraphChannelAdd
00008775   _GraphChannelDataAdd
000087b4   _GraphChannelDataClear
00008744   _GraphChannelDel
000087e5   _GraphSetViewport
00008b5c   _I2CINT1A_ISR
00008b66   _I2CINT2A_ISR
00007900   _I2caRegs
00008954   _ILLEGAL_ISR
00008918   _INT13_ISR
00008922   _INT14_ISR
000093bd   _InitAdc
00009200   _InitCpuTimers
0000942e   _InitFlash
00008fd3   _InitPeripheralClocks
00009341   _InitPieCtrl
00009369   _InitPieVectTable
00008f85   _InitPll
000092c0   _InitSci
000092c1   _InitSciGpio
000092c4   _InitSciaGpio
000092d9   _InitScibGpio
000092ef   _InitScicGpio
00008f6a   _InitSysCtrl
00008d0c   _InitUI
00008e74   _InitXintf
00008f10   _InitXintf16Gpio
00008ec9   _InitXintf32Gpio
00008c10   _LUF_ISR
00008c06   _LVF_ISR
00008397   _LockDeviceConfig
00008b0c   _MRINTA_ISR
00008af8   _MRINTB_ISR
00008b16   _MXINTA_ISR
00008b02   _MXINTB_ISR
00005000   _McbspaRegs
00005040   _McbspbRegs
0000894a   _NMI_ISR
00008db7   _NotifyButton
00008e6a   _NotifyReadFlash
00008c8b   _NotifyScreen
00008e1b   _NotifyText
00008c8f   _NotifyTouchXY
00008e70   _NotifyWriteFlash
00008c27   _PIE_RESERVED
00000ce0   _PieCtrlRegs
00000d00   _PieVectTable
0000c000   _PieVectTableInit
00008c3b   _ProcessMessage
00008936   _RTOSINT_ISR
000084b5   _ReadUserFlash
00008b84   _SCIRXINTA_ISR
00008b98   _SCIRXINTB_ISR
00008b70   _SCIRXINTC_ISR
00008b8e   _SCITXINTA_ISR
00008ba2   _SCITXINTB_ISR
00008b7a   _SCITXINTC_ISR
000089d6   _SEQ1INT_ISR
000089e0   _SEQ2INT_ISR
00008ae4   _SPIRXINTA_ISR
00008aee   _SPITXINTA_ISR
00007050   _SciaRegs
00007750   _ScibRegs
00007770   _ScicRegs
00009335   _SendChar
00008022   _SendNU16
00008010   _SendNU8
00008000   _SendStrings
00008f73   _ServiceDog
000082d0   _SetBackLight
000085a0   _SetButtonValue
000082ea   _SetBuzzer
0000856f   _SetControlEnable
0000853e   _SetControlFocus
0000804e   _SetFcolor
000080cd   _SetFont_Region
0000803b   _SetHandShake
0000826f   _SetPowerSaving
00008502   _SetScreen
00008524   _SetScreenUpdateEnable
000080ae   _SetTextSpace
000085d1   _SetTextValue
00008341   _SetTouchPaneOption
000088dd   _ShowKeyboard
00007040   _SpiaRegs
00008dbd   _StrToFloat
00007010   _SysCtrlRegs
00008a08   _TINT0_ISR
00008384   _TestTouchPane
000089b8   _USER10_ISR
000089c2   _USER11_ISR
000089cc   _USER12_ISR
0000895e   _USER1_ISR
00008968   _USER2_ISR
00008972   _USER3_ISR
0000897c   _USER4_ISR
00008986   _USER5_ISR
00008990   _USER6_ISR
0000899a   _USER7_ISR
000089a4   _USER8_ISR
000089ae   _USER9_ISR
00009305   _UartInit
000083b6   _UnlockDeviceConfig
00008d58   _UpdateUI
00008a12   _WAKEINT_ISR
000083d5   _WriteLayer
00008482   _WriteUserFlash
000089ea   _XINT1_ISR
000089f4   _XINT2_ISR
00008bd4   _XINT3_ISR
00008bde   _XINT4_ISR
00008be8   _XINT5_ISR
00008bf2   _XINT6_ISR
00008bfc   _XINT7_ISR
00007070   _XIntruptRegs
00000b20   _XintfRegs
000007e8   __STACK_END
000003e8   __STACK_SIZE
00000001   __TI_args_main
ffffffff   ___binit__
ffffffff   ___c_args__
000093f4   ___cinit__
000093f4   ___etext__
ffffffff   ___pinit__
00008000   ___text__
00009389   __args_main
0000c162   __cleanup_ptr
0000c164   __dtors_ptr
0000c13c   __lock
000093e4   __nop
000093e0   __register_lock
000093dc   __register_unlock
00000400   __stack
0000c13a   __unlock
000093a4   _abort
0000927a   _c_int00
0000c150   _cmd_buffer
000093a6   _exit
0000c146   _gSystem_WaterParam
0000c140   _gSystem_WaterValue
0000905f   _main
000093ed   _memset
0000912b   _queue_find_cmd
000090f7   _queue_push
000090ef   _queue_reset
00008c31   _rsvd_ISR
000090b3   _scic_isr
ffffffff   binit
000093f4   cinit
00000000   code_start
000093f4   etext
ffffffff   pinit


GLOBAL SYMBOLS: SORTED BY Symbol Address 

address    name
--------   ----
00000000   code_start
00000001   __TI_args_main
000003e8   __STACK_SIZE
00000400   __stack
000007e8   __STACK_END
00000880   _DevEmuRegs
00000a80   _FlashRegs
00000ae0   _CsmRegs
00000b00   _AdcMirror
00000b20   _XintfRegs
00000c00   _CpuTimer0Regs
00000c08   _CpuTimer1Regs
00000c10   _CpuTimer2Regs
00000ce0   _PieCtrlRegs
00000d00   _PieVectTable
00001000   _DmaRegs
00005000   _McbspaRegs
00005040   _McbspbRegs
00006000   _ECanaRegs
00006040   _ECanaLAMRegs
00006080   _ECanaMOTSRegs
000060c0   _ECanaMOTORegs
00006100   _ECanaMboxes
00006200   _ECanbRegs
00006240   _ECanbLAMRegs
00006280   _ECanbMOTSRegs
000062c0   _ECanbMOTORegs
00006300   _ECanbMboxes
00006800   _EPwm1Regs
00006840   _EPwm2Regs
00006880   _EPwm3Regs
000068c0   _EPwm4Regs
00006900   _EPwm5Regs
00006940   _EPwm6Regs
00006a00   _ECap1Regs
00006a20   _ECap2Regs
00006a40   _ECap3Regs
00006a60   _ECap4Regs
00006a80   _ECap5Regs
00006aa0   _ECap6Regs
00006b00   _EQep1Regs
00006b40   _EQep2Regs
00006f80   _GpioCtrlRegs
00006fc0   _GpioDataRegs
00006fe0   _GpioIntRegs
00007010   _SysCtrlRegs
00007040   _SpiaRegs
00007050   _SciaRegs
00007070   _XIntruptRegs
00007100   _AdcRegs
00007750   _ScibRegs
00007770   _ScicRegs
00007900   _I2caRegs
00008000   .text
00008000   _SendStrings
00008000   ___text__
00008010   _SendNU8
00008022   _SendNU16
0000803b   _SetHandShake
0000804e   _SetFcolor
0000806d   _ColorPicker
0000809b   _GUI_CleanScreen
000080ae   _SetTextSpace
000080cd   _SetFont_Region
000080fb   _DisFull_Image
0000811f   _DisFlashImage
0000815b   _GUI_Dot
00008184   _GUI_Line
000081c1   _GUI_ConDots
000081e2   _GUI_ConSpaceDots
00008211   _GUI_FcolorConOffsetDots
00008240   _GUI_BcolorConOffsetDots
0000826f   _SetPowerSaving
00008298   _GUI_FcolorConDots
000082b4   _GUI_BcolorConDots
000082d0   _SetBackLight
000082ea   _SetBuzzer
00008304   _GUI_AreaInycolor
00008341   _SetTouchPaneOption
00008371   _CalibrateTouchPane
00008384   _TestTouchPane
00008397   _LockDeviceConfig
000083b6   _UnlockDeviceConfig
000083d5   _WriteLayer
000083ef   _DisplyLayer
00008409   _CopyLayer
00008428   _ClearLayer
00008442   _GUI_DispRTC
00008482   _WriteUserFlash
000084b5   _ReadUserFlash
000084ec   _GetScreen
00008502   _SetScreen
00008524   _SetScreenUpdateEnable
0000853e   _SetControlFocus
0000856f   _SetControlEnable
000085a0   _SetButtonValue
000085d1   _SetTextValue
00008601   _GetControlValue
0000862d   _AnimationStart
00008659   _AnimationStop
00008685   _AnimationPause
000086b1   _AnimationPlayPrev
000086dd   _AnimationPlayNext
00008709   _GraphChannelAdd
00008744   _GraphChannelDel
00008775   _GraphChannelDataAdd
000087b4   _GraphChannelDataClear
000087e5   _GraphSetViewport
00008837   _BatchBegin
0000884d   _BatchSetProgressValue
00008878   _BatchSetSliderValue
000088a3   _GetStringLen
000088b2   _BatchSetText
000088d0   _BatchEnd
000088dd   _ShowKeyboard
00008918   _INT13_ISR
00008922   _INT14_ISR
0000892c   _DATALOG_ISR
00008936   _RTOSINT_ISR
00008940   _EMUINT_ISR
0000894a   _NMI_ISR
00008954   _ILLEGAL_ISR
0000895e   _USER1_ISR
00008968   _USER2_ISR
00008972   _USER3_ISR
0000897c   _USER4_ISR
00008986   _USER5_ISR
00008990   _USER6_ISR
0000899a   _USER7_ISR
000089a4   _USER8_ISR
000089ae   _USER9_ISR
000089b8   _USER10_ISR
000089c2   _USER11_ISR
000089cc   _USER12_ISR
000089d6   _SEQ1INT_ISR
000089e0   _SEQ2INT_ISR
000089ea   _XINT1_ISR
000089f4   _XINT2_ISR
000089fe   _ADCINT_ISR
00008a08   _TINT0_ISR
00008a12   _WAKEINT_ISR
00008a1c   _EPWM1_TZINT_ISR
00008a26   _EPWM2_TZINT_ISR
00008a30   _EPWM3_TZINT_ISR
00008a3a   _EPWM4_TZINT_ISR
00008a44   _EPWM5_TZINT_ISR
00008a4e   _EPWM6_TZINT_ISR
00008a58   _EPWM1_INT_ISR
00008a62   _EPWM2_INT_ISR
00008a6c   _EPWM3_INT_ISR
00008a76   _EPWM4_INT_ISR
00008a80   _EPWM5_INT_ISR
00008a8a   _EPWM6_INT_ISR
00008a94   _ECAP1_INT_ISR
00008a9e   _ECAP2_INT_ISR
00008aa8   _ECAP3_INT_ISR
00008ab2   _ECAP4_INT_ISR
00008abc   _ECAP5_INT_ISR
00008ac6   _ECAP6_INT_ISR
00008ad0   _EQEP1_INT_ISR
00008ada   _EQEP2_INT_ISR
00008ae4   _SPIRXINTA_ISR
00008aee   _SPITXINTA_ISR
00008af8   _MRINTB_ISR
00008b02   _MXINTB_ISR
00008b0c   _MRINTA_ISR
00008b16   _MXINTA_ISR
00008b20   _DINTCH1_ISR
00008b2a   _DINTCH2_ISR
00008b34   _DINTCH3_ISR
00008b3e   _DINTCH4_ISR
00008b48   _DINTCH5_ISR
00008b52   _DINTCH6_ISR
00008b5c   _I2CINT1A_ISR
00008b66   _I2CINT2A_ISR
00008b70   _SCIRXINTC_ISR
00008b7a   _SCITXINTC_ISR
00008b84   _SCIRXINTA_ISR
00008b8e   _SCITXINTA_ISR
00008b98   _SCIRXINTB_ISR
00008ba2   _SCITXINTB_ISR
00008bac   _ECAN0INTA_ISR
00008bb6   _ECAN1INTA_ISR
00008bc0   _ECAN0INTB_ISR
00008bca   _ECAN1INTB_ISR
00008bd4   _XINT3_ISR
00008bde   _XINT4_ISR
00008be8   _XINT5_ISR
00008bf2   _XINT6_ISR
00008bfc   _XINT7_ISR
00008c06   _LVF_ISR
00008c10   _LUF_ISR
00008c1a   _EMPTY_ISR
00008c27   _PIE_RESERVED
00008c31   _rsvd_ISR
00008c3b   _ProcessMessage
00008c8b   _NotifyScreen
00008c8f   _NotifyTouchXY
00008c95   _FloatToISCII
00008d0c   _InitUI
00008d58   _UpdateUI
00008db7   _NotifyButton
00008dbd   _StrToFloat
00008e1b   _NotifyText
00008e6a   _NotifyReadFlash
00008e70   _NotifyWriteFlash
00008e74   _InitXintf
00008ec9   _InitXintf32Gpio
00008f10   _InitXintf16Gpio
00008f6a   _InitSysCtrl
00008f73   _ServiceDog
00008f7d   _DisableDog
00008f85   _InitPll
00008fd3   _InitPeripheralClocks
0000902e   _CsmUnlock
0000905f   _main
000090b3   _scic_isr
000090ef   _queue_reset
000090f7   _queue_push
0000912b   _queue_find_cmd
00009178   FS$$DIV
00009200   _InitCpuTimers
0000923f   _ConfigCpuTimer
0000927a   _c_int00
000092c0   _InitSci
000092c1   _InitSciGpio
000092c4   _InitSciaGpio
000092d9   _InitScibGpio
000092ef   _InitScicGpio
00009305   _UartInit
00009335   _SendChar
00009341   _InitPieCtrl
00009360   _EnableInterrupts
00009369   _InitPieVectTable
00009389   __args_main
000093a4   C$$EXIT
000093a4   _abort
000093a6   _exit
000093bd   _InitAdc
000093d1   U$$DIV
000093d6   U$$MOD
000093dc   __register_unlock
000093e0   __register_lock
000093e4   __nop
000093ed   _memset
000093f4   ___cinit__
000093f4   ___etext__
000093f4   cinit
000093f4   etext
0000942e   _InitFlash
00009449   _DSP28x_usDelay
0000c000   _PieVectTableInit
0000c122   _CpuTimer1
0000c12a   _CpuTimer2
0000c132   _CpuTimer0
0000c13a   __unlock
0000c13c   __lock
0000c140   _gSystem_WaterValue
0000c146   _gSystem_WaterParam
0000c150   _cmd_buffer
0000c162   __cleanup_ptr
0000c164   __dtors_ptr
0033fff8   _CsmPwl
00380080   _ADC_cal
ffffffff   ___binit__
ffffffff   ___c_args__
ffffffff   ___pinit__
ffffffff   binit
ffffffff   pinit

[269 symbols]
