******************************************************************************
             TMS320C2000 Linker PC v5.2.3                      
******************************************************************************
>> Linked Mon Nov 28 09:58:07 2016

OUTPUT FILE NAME:   <6_NEW_Data_Process.out>
ENTRY POINT SYMBOL: "_c_int00"  address: 00009f23


MEMORY CONFIGURATION

         name            origin    length      used     unused   attr    fill
----------------------  --------  ---------  --------  --------  ----  --------
PAGE 0:
  BEGIN                 00000000   00000002  00000002  00000000  RWIX
  BOOT_RSVD             00000002   0000004e  00000000  0000004e  RWIX
  RAMM0                 00000050   000003b0  00000000  000003b0  RWIX
  ZONE0                 00004000   00001000  00000000  00001000  RWIX
  RAML                  00008000   00004000  0000217f  00001e81  RWIX
  RAML2                 00009a00   00000500  00000000  00000500  RWIX
  ZONE6                 00100000   00100000  00000000  00100000  RWIX
  ZONE7A                00200000   0000fc00  00000000  0000fc00  RWIX
  ZONE7A                00200000   0000fc00  00000000  0000fc00  RWIX
  FLASHH                00300000   00008000  00000000  00008000  RWIX
  FLASHG                00308000   00008000  00000000  00008000  RWIX
  FLASHF                00310000   00008000  00000000  00008000  RWIX
  FLASHE                00318000   00008000  00000000  00008000  RWIX
  FLASHD                00320000   00008000  00000000  00008000  RWIX
  FLASHC                00328000   00008000  00000000  00008000  RWIX
  FLASHA                00338000   00007f80  00000000  00007f80  RWIX
  CSM_RSVD              0033ff80   00000076  00000000  00000076  RWIX
  CSM_RSVD              0033ff80   00000076  00000000  00000076  RWIX
  BEGIN                 0033fff6   00000002  00000000  00000002  RWIX
  CSM_PWL               0033fff8   00000008  00000000  00000008  RWIX
  CSM_PWL               0033fff8   00000008  00000000  00000008  RWIX
  ADC_CAL               00380080   00000009  00000007  00000002  RWIX
  ADC_CAL               00380080   00000009  00000000  00000009  RWIX
  OTP                   00380400   00000400  00000000  00000400  RWIX
  IQTABLES              003fe000   00000b50  00000000  00000b50  RWIX
  IQTABLES              003fe000   00000b50  00000000  00000b50  RWIX
  IQTABLES2             003feb50   0000008c  00000000  0000008c  RWIX
  IQTABLES2             003feb50   0000008c  00000000  0000008c  RWIX
  FPUTABLES             003febdc   000006a0  00000000  000006a0  RWIX
  FPUTABLES             003febdc   000006a0  00000000  000006a0  RWIX
  ROM                   003ff27c   00000d44  00000000  00000d44  RWIX
  BOOTROM               003ff27c   00000d44  00000000  00000d44  RWIX
  RESET                 003fffc0   00000002  00000000  00000002  RWIX
  RESET                 003fffc0   00000002  00000000  00000002  RWIX
  VECTORS               003fffc2   0000003e  00000000  0000003e  RWIX

PAGE 1:
  BOOT_RSVD             00000000   00000050  00000000  00000050  RWIX
  RAMM0                 00000050   000003b0  00000000  000003b0  RWIX
  RAMM1                 00000400   000003ff  00000000  000003ff  RWIX
  RAMM                  00000400   00000400  00000000  00000400  RWIX
  DEV_EMU               00000880   00000180  000000d0  000000b0  RWIX
  FLASH_REGS            00000a80   00000060  00000008  00000058  RWIX
  CSM                   00000ae0   00000010  00000010  00000000  RWIX
  ADC_MIRROR            00000b00   00000010  00000010  00000000  RWIX
  XINTF                 00000b20   00000020  0000001e  00000002  RWIX
  CPU_TIMER0            00000c00   00000008  00000008  00000000  RWIX
  CPU_TIMER1            00000c08   00000008  00000008  00000000  RWIX
  CPU_TIMER2            00000c10   00000008  00000008  00000000  RWIX
  PIE_CTRL              00000ce0   00000020  0000001a  00000006  RWIX
  PIE_VECT              00000d00   00000100  00000100  00000000  RWIX
  DMA                   00001000   00000200  000000e0  00000120  RWIX
  MCBSPA                00005000   00000040  00000025  0000001b  RWIX
  MCBSPB                00005040   00000040  00000025  0000001b  RWIX
  ECANA                 00006000   00000040  00000034  0000000c  RWIX
  ECANA_LAM             00006040   00000040  00000040  00000000  RWIX
  ECANA_MOTS            00006080   00000040  00000040  00000000  RWIX
  ECANA_MOTO            000060c0   00000040  00000040  00000000  RWIX
  ECANA_MBOX            00006100   00000100  00000100  00000000  RWIX
  ECANB                 00006200   00000040  00000034  0000000c  RWIX
  ECANB_LAM             00006240   00000040  00000040  00000000  RWIX
  ECANB_MOTS            00006280   00000040  00000040  00000000  RWIX
  ECANB_MOTO            000062c0   00000040  00000040  00000000  RWIX
  ECANB_MBOX            00006300   00000100  00000100  00000000  RWIX
  EPWM1                 00006800   00000022  00000022  00000000  RWIX
  EPWM2                 00006840   00000022  00000022  00000000  RWIX
  EPWM3                 00006880   00000022  00000022  00000000  RWIX
  EPWM4                 000068c0   00000022  00000022  00000000  RWIX
  EPWM5                 00006900   00000022  00000022  00000000  RWIX
  EPWM6                 00006940   00000022  00000022  00000000  RWIX
  ECAP1                 00006a00   00000020  00000020  00000000  RWIX
  ECAP2                 00006a20   00000020  00000020  00000000  RWIX
  ECAP3                 00006a40   00000020  00000020  00000000  RWIX
  ECAP4                 00006a60   00000020  00000020  00000000  RWIX
  ECAP5                 00006a80   00000020  00000020  00000000  RWIX
  ECAP6                 00006aa0   00000020  00000020  00000000  RWIX
  EQEP1                 00006b00   00000040  00000040  00000000  RWIX
  EQEP2                 00006b40   00000040  00000040  00000000  RWIX
  GPIOCTRL              00006f80   00000040  0000002e  00000012  RWIX
  GPIODAT               00006fc0   00000020  00000020  00000000  RWIX
  GPIOINT               00006fe0   00000020  0000000a  00000016  RWIX
  SYSTEM                00007010   00000020  00000020  00000000  RWIX
  SPIA                  00007040   00000010  00000010  00000000  RWIX
  SCIA                  00007050   00000010  00000010  00000000  RWIX
  XINTRUPT              00007070   00000010  00000010  00000000  RWIX
  ADC                   00007100   00000020  0000001e  00000002  RWIX
  SCIB                  00007750   00000010  00000010  00000000  RWIX
  SCIC                  00007770   00000010  00000010  00000000  RWIX
  I2CA                  00007900   00000040  00000022  0000001e  RWIX
  RAML0                 00008000   00001500  00000000  00001500  RWIX
  RAML4                 00009f00   00005000  00000000  00005000  RWIX
  RAMH                  0000b000   00005000  00001dab  00003255  RWIX
  RAML5                 0000ef00   00000300  00000000  00000300  RWIX
  RAML6                 0000f200   00000300  00000000  00000300  RWIX
  RAML7                 0000f500   00000400  00000000  00000400  RWIX
  ZONE7B                0020f900   00000400  00000000  00000400  RWIX
  ZONE7B                0020fc00   00000400  00000000  00000400  RWIX
  FLASHB                00330000   00008000  00000000  00008000  RWIX
  CSM_PWL               0033fff8   00000008  00000008  00000000  RWIX


SECTION ALLOCATION MAP

 output                                  attributes/
section   page    origin      length       input sections
--------  ----  ----------  ----------   ----------------
codestart 
*          0    00000000    00000002     
                  00000000    00000002     DSP2833x_CodeStartBranch.obj (codestart)

.pinit     0    00008000    00000000     UNINITIALIZED

.cinit     0    00338000    00000000     UNINITIALIZED

.pinit     0    00338000    00000000     UNINITIALIZED

.text      0    00008000    000020ae     
                  00008000    0000096c     hmi_driver.obj (.text)
                  0000896c    00000323     DSP2833x_DefaultIsr.obj (.text)
                  00008c8f    00000001     --HOLE-- [fill = 0]
                  00008c90    00000287     main.obj (.text)
                  00008f17    00000001     --HOLE-- [fill = 0]
                  00008f18    00000278     DATA_Process.obj (.text)
                  00009190    00000196     cmd_process.obj (.text)
                  00009326    00000178     hmi_user_uart.obj (.text)
                  0000949e    00000177     AD7656.obj (.text)
                  00009615    0000014c     AD9833.obj (.text)
                  00009761    00000119     DSP2833x_Xintf.obj (.text)
                  0000987a    0000010f     LED.obj (.text)
                  00009989    00000102     DS18B20.obj (.text)
                  00009a8b    000000f9     DSP2833x_SysCtrl.obj (.text)
                  00009b84    00000088     rts2800_fpu32.lib : fs_div.obj (.text)
                  00009c0c    00000075     cmd_queue.obj (.text)
                  00009c81    0000006f     PWM_tem.obj (.text)
                  00009cf0    0000006f     tem_control.obj (.text)
                  00009d5f    0000006d     rts2800_fpu32.lib : exp.obj (.text)
                  00009dcc    0000005d     DSP2833x_CpuTimers.obj (.text)
                  00009e29    00000058     rts2800_fpu32.lib : pow.obj (.text)
                  00009e81    00000054     DSP2833x_Sci.obj (.text)
                  00009ed5    0000004e     rts2800_fpu32.lib : _log.obj (.text)
                  00009f23    00000046                       : boot.obj (.text)
                  00009f69    00000039                       : ldexp.obj (.text)
                  00009fa2    00000028     DSP2833x_PieCtrl.obj (.text)
                  00009fca    00000022     rts2800_fpu32.lib : i_div.obj (.text)
                  00009fec    00000021                       : memcpy_ff.obj (.text)
                  0000a00d    0000001b                       : args_main.obj (.text)
                  0000a028    00000019                       : exit.obj (.text)
                  0000a041    00000016                       : frexp.obj (.text)
                  0000a057    00000014     DSP2833x_Adc.obj (.text)
                  0000a06b    00000011     DSP2833x_PieVect.obj (.text)
                  0000a07c    0000000f     DSP2833x_MemCopy.obj (.text)
                  0000a08b    0000000b     rts2800_fpu32.lib : u_div.obj (.text)
                  0000a096    00000009                       : _lock.obj (.text)
                  0000a09f    00000008     DSP2833x_CodeStartBranch.obj (.text)
                  0000a0a7    00000007     rts2800_fpu32.lib : memset.obj (.text)

ramfuncs   0    00009a00    00000000     UNINITIALIZED

.cinit     0    0000a0ae    000000b0     
                  0000a0ae    0000002d     tem_control.obj (.cinit)
                  0000a0db    00000028     LED.obj (.cinit)
                  0000a103    00000027     main.obj (.cinit)
                  0000a12a    0000000e     cmd_queue.obj (.cinit)
                  0000a138    0000000a     rts2800_fpu32.lib : _lock.obj (.cinit)
                  0000a142    0000000a                       : exit.obj (.cinit)
                  0000a14c    00000008     AD7656.obj (.cinit)
                  0000a154    00000004     DATA_Process.obj (.cinit)
                  0000a158    00000004     rts2800_fpu32.lib : errno.obj (.cinit)
                  0000a15c    00000002     --HOLE-- [fill = 0]

ramfuncs   0    0000a15e    00000021     
                  0000a15e    0000001d     DSP2833x_SysCtrl.obj (ramfuncs)
                  0000a17b    00000004     DSP2833x_usDelay.obj (ramfuncs)

csm_rsvd   0    0033ff80    00000000     DSECT

csmpasswds 
*          0    0033fff8    00000000     DSECT

.adc_cal   0    00380080    00000007     NOLOAD SECTION
                  00380080    00000007     DSP2833x_ADC_cal.obj (.adc_cal)

.reset     0    003fffc0    00000002     DSECT
                  003fffc0    00000002     rts2800_fpu32.lib : boot.obj (.reset)

.reset     0    003fffc0    00000000     DSECT

vectors    0    003fffc2    00000000     DSECT

DevEmuRegsFile 
*          1    00000880    000000d0     UNINITIALIZED
                  00000880    000000d0     DSP2833x_GlobalVariableDefs.obj (DevEmuRegsFile)

FlashRegsFile 
*          1    00000a80    00000008     UNINITIALIZED
                  00000a80    00000008     DSP2833x_GlobalVariableDefs.obj (FlashRegsFile)

CsmRegsFile 
*          1    00000ae0    00000010     UNINITIALIZED
                  00000ae0    00000010     DSP2833x_GlobalVariableDefs.obj (CsmRegsFile)

AdcMirrorFile 
*          1    00000b00    00000010     UNINITIALIZED
                  00000b00    00000010     DSP2833x_GlobalVariableDefs.obj (AdcMirrorFile)

XintfRegsFile 
*          1    00000b20    0000001e     UNINITIALIZED
                  00000b20    0000001e     DSP2833x_GlobalVariableDefs.obj (XintfRegsFile)

CpuTimer0RegsFile 
*          1    00000c00    00000008     UNINITIALIZED
                  00000c00    00000008     DSP2833x_GlobalVariableDefs.obj (CpuTimer0RegsFile)

CpuTimer1RegsFile 
*          1    00000c08    00000008     UNINITIALIZED
                  00000c08    00000008     DSP2833x_GlobalVariableDefs.obj (CpuTimer1RegsFile)

CpuTimer2RegsFile 
*          1    00000c10    00000008     UNINITIALIZED
                  00000c10    00000008     DSP2833x_GlobalVariableDefs.obj (CpuTimer2RegsFile)

PieCtrlRegsFile 
*          1    00000ce0    0000001a     UNINITIALIZED
                  00000ce0    0000001a     DSP2833x_GlobalVariableDefs.obj (PieCtrlRegsFile)

PieVectTableFile 
*          1    00000d00    00000100     UNINITIALIZED
                  00000d00    00000100     DSP2833x_GlobalVariableDefs.obj (PieVectTableFile)

DmaRegsFile 
*          1    00001000    000000e0     UNINITIALIZED
                  00001000    000000e0     DSP2833x_GlobalVariableDefs.obj (DmaRegsFile)

McbspaRegsFile 
*          1    00005000    00000025     UNINITIALIZED
                  00005000    00000025     DSP2833x_GlobalVariableDefs.obj (McbspaRegsFile)

McbspbRegsFile 
*          1    00005040    00000025     UNINITIALIZED
                  00005040    00000025     DSP2833x_GlobalVariableDefs.obj (McbspbRegsFile)

ECanaRegsFile 
*          1    00006000    00000034     UNINITIALIZED
                  00006000    00000034     DSP2833x_GlobalVariableDefs.obj (ECanaRegsFile)

ECanaLAMRegsFile 
*          1    00006040    00000040     UNINITIALIZED
                  00006040    00000040     DSP2833x_GlobalVariableDefs.obj (ECanaLAMRegsFile)

ECanaMOTSRegsFile 
*          1    00006080    00000040     UNINITIALIZED
                  00006080    00000040     DSP2833x_GlobalVariableDefs.obj (ECanaMOTSRegsFile)

ECanaMOTORegsFile 
*          1    000060c0    00000040     UNINITIALIZED
                  000060c0    00000040     DSP2833x_GlobalVariableDefs.obj (ECanaMOTORegsFile)

ECanaMboxesFile 
*          1    00006100    00000100     UNINITIALIZED
                  00006100    00000100     DSP2833x_GlobalVariableDefs.obj (ECanaMboxesFile)

ECanbRegsFile 
*          1    00006200    00000034     UNINITIALIZED
                  00006200    00000034     DSP2833x_GlobalVariableDefs.obj (ECanbRegsFile)

ECanbLAMRegsFile 
*          1    00006240    00000040     UNINITIALIZED
                  00006240    00000040     DSP2833x_GlobalVariableDefs.obj (ECanbLAMRegsFile)

ECanbMOTSRegsFile 
*          1    00006280    00000040     UNINITIALIZED
                  00006280    00000040     DSP2833x_GlobalVariableDefs.obj (ECanbMOTSRegsFile)

ECanbMOTORegsFile 
*          1    000062c0    00000040     UNINITIALIZED
                  000062c0    00000040     DSP2833x_GlobalVariableDefs.obj (ECanbMOTORegsFile)

ECanbMboxesFile 
*          1    00006300    00000100     UNINITIALIZED
                  00006300    00000100     DSP2833x_GlobalVariableDefs.obj (ECanbMboxesFile)

EPwm1RegsFile 
*          1    00006800    00000022     UNINITIALIZED
                  00006800    00000022     DSP2833x_GlobalVariableDefs.obj (EPwm1RegsFile)

EPwm2RegsFile 
*          1    00006840    00000022     UNINITIALIZED
                  00006840    00000022     DSP2833x_GlobalVariableDefs.obj (EPwm2RegsFile)

EPwm3RegsFile 
*          1    00006880    00000022     UNINITIALIZED
                  00006880    00000022     DSP2833x_GlobalVariableDefs.obj (EPwm3RegsFile)

EPwm4RegsFile 
*          1    000068c0    00000022     UNINITIALIZED
                  000068c0    00000022     DSP2833x_GlobalVariableDefs.obj (EPwm4RegsFile)

EPwm5RegsFile 
*          1    00006900    00000022     UNINITIALIZED
                  00006900    00000022     DSP2833x_GlobalVariableDefs.obj (EPwm5RegsFile)

EPwm6RegsFile 
*          1    00006940    00000022     UNINITIALIZED
                  00006940    00000022     DSP2833x_GlobalVariableDefs.obj (EPwm6RegsFile)

ECap1RegsFile 
*          1    00006a00    00000020     UNINITIALIZED
                  00006a00    00000020     DSP2833x_GlobalVariableDefs.obj (ECap1RegsFile)

ECap2RegsFile 
*          1    00006a20    00000020     UNINITIALIZED
                  00006a20    00000020     DSP2833x_GlobalVariableDefs.obj (ECap2RegsFile)

ECap3RegsFile 
*          1    00006a40    00000020     UNINITIALIZED
                  00006a40    00000020     DSP2833x_GlobalVariableDefs.obj (ECap3RegsFile)

ECap4RegsFile 
*          1    00006a60    00000020     UNINITIALIZED
                  00006a60    00000020     DSP2833x_GlobalVariableDefs.obj (ECap4RegsFile)

ECap5RegsFile 
*          1    00006a80    00000020     UNINITIALIZED
                  00006a80    00000020     DSP2833x_GlobalVariableDefs.obj (ECap5RegsFile)

ECap6RegsFile 
*          1    00006aa0    00000020     UNINITIALIZED
                  00006aa0    00000020     DSP2833x_GlobalVariableDefs.obj (ECap6RegsFile)

EQep1RegsFile 
*          1    00006b00    00000040     UNINITIALIZED
                  00006b00    00000040     DSP2833x_GlobalVariableDefs.obj (EQep1RegsFile)

EQep2RegsFile 
*          1    00006b40    00000040     UNINITIALIZED
                  00006b40    00000040     DSP2833x_GlobalVariableDefs.obj (EQep2RegsFile)

GpioCtrlRegsFile 
*          1    00006f80    0000002e     UNINITIALIZED
                  00006f80    0000002e     DSP2833x_GlobalVariableDefs.obj (GpioCtrlRegsFile)

GpioDataRegsFile 
*          1    00006fc0    00000020     UNINITIALIZED
                  00006fc0    00000020     DSP2833x_GlobalVariableDefs.obj (GpioDataRegsFile)

GpioIntRegsFile 
*          1    00006fe0    0000000a     UNINITIALIZED
                  00006fe0    0000000a     DSP2833x_GlobalVariableDefs.obj (GpioIntRegsFile)

SysCtrlRegsFile 
*          1    00007010    00000020     UNINITIALIZED
                  00007010    00000020     DSP2833x_GlobalVariableDefs.obj (SysCtrlRegsFile)

SpiaRegsFile 
*          1    00007040    00000010     UNINITIALIZED
                  00007040    00000010     DSP2833x_GlobalVariableDefs.obj (SpiaRegsFile)

SciaRegsFile 
*          1    00007050    00000010     UNINITIALIZED
                  00007050    00000010     DSP2833x_GlobalVariableDefs.obj (SciaRegsFile)

XIntruptRegsFile 
*          1    00007070    00000010     UNINITIALIZED
                  00007070    00000010     DSP2833x_GlobalVariableDefs.obj (XIntruptRegsFile)

AdcRegsFile 
*          1    00007100    0000001e     UNINITIALIZED
                  00007100    0000001e     DSP2833x_GlobalVariableDefs.obj (AdcRegsFile)

ScibRegsFile 
*          1    00007750    00000010     UNINITIALIZED
                  00007750    00000010     DSP2833x_GlobalVariableDefs.obj (ScibRegsFile)

ScicRegsFile 
*          1    00007770    00000010     UNINITIALIZED
                  00007770    00000010     DSP2833x_GlobalVariableDefs.obj (ScicRegsFile)

I2caRegsFile 
*          1    00007900    00000022     UNINITIALIZED
                  00007900    00000022     DSP2833x_GlobalVariableDefs.obj (I2caRegsFile)

.ebss      1    0000b000    00001151     UNINITIALIZED
                  0000b000    000010ec     main.obj (.ebss)
                  0000c0ec    00000012     tem_control.obj (.ebss)
                  0000c0fe    00000001     DATA_Process.obj (.ebss)
                  0000c0ff    00000001     rts2800_fpu32.lib : errno.obj (.ebss)
                  0000c100    00000022     cmd_queue.obj (.ebss)
                  0000c122    00000018     DSP2833x_CpuTimers.obj (.ebss)
                  0000c13a    00000004     rts2800_fpu32.lib : _lock.obj (.ebss)
                  0000c13e    00000002     --HOLE--
                  0000c140    0000000a     LED.obj (.ebss)
                  0000c14a    00000004     rts2800_fpu32.lib : exit.obj (.ebss)
                  0000c14e    00000003     AD7656.obj (.ebss)

.econst    1    0000c152    00000872     
                  0000c152    00000410     main.obj (.econst:_$P$T0$1)
                  0000c562    00000100     DSP2833x_PieVect.obj (.econst)
                  0000c662    000000ca     ConstData_Table.obj (.econst:_PassB_Filter1)
                  0000c72c    000000ca     ConstData_Table.obj (.econst:_PassB_Filter2)
                  0000c7f6    000000ca     ConstData_Table.obj (.econst:_PassB_Filter3)
                  0000c8c0    0000003c     main.obj (.econst:_$P$T1$2)
                  0000c8fc    0000003c     main.obj (.econst:_$P$T2$3)
                  0000c938    0000003c     main.obj (.econst:_$P$T3$4)
                  0000c974    0000001e     DATA_Process.obj (.econst:_$P$T0$2)
                  0000c992    0000001e     DATA_Process.obj (.econst:_$P$T1$3)
                  0000c9b0    00000014     main.obj (.econst:_$P$T4$5)

.stack     1    0000c9c4    000003e8     UNINITIALIZED
                  0000c9c4    000003e8     --HOLE--

CsmPwlFile 
*          1    0033fff8    00000008     UNINITIALIZED
                  0033fff8    00000008     DSP2833x_GlobalVariableDefs.obj (CsmPwlFile)


GLOBAL SYMBOLS: SORTED ALPHABETICALLY BY Name 

address    name
--------   ----
00008000   .text
0000a028   C$$EXIT
00009b84   FS$$DIV
00009fca   I$$DIV
00009fdb   I$$MOD
0000a08b   U$$DIV
0000a090   U$$MOD
000096e6   _AD9833_Outdata
000096ad   _AD9833_Reset
00009686   _AD9833_configinit
00008c85   _ADCINT_ISR
00380080   _ADC_cal
0000958a   _AD_Data_Shift
00000b00   _AdcMirror
00007100   _AdcRegs
00008940   _AnimationPause
00008914   _AnimationPlayNext
000088e8   _AnimationPlayPrev
000088bc   _AnimationStart
00008890   _AnimationStop
0000887b   _BatchBegin
0000886e   _BatchEnd
00008845   _BatchSetProgressValue
0000881c   _BatchSetSliderValue
000087fd   _BatchSetText
0000997e   _BellIO_init
0000995b   _Bell_Didadi
000090bc   _Calcu_AMP
000087ea   _CalibrateTouchPane
000087d0   _ClearLayer
000087a0   _ColorPicker
00009e07   _ConfigCpuTimer
0000877f   _CopyLayer
0000c132   _CpuTimer0
00000c00   _CpuTimer0Regs
0000c122   _CpuTimer1
00000c08   _CpuTimer1Regs
0000c12a   _CpuTimer2
00000c10   _CpuTimer2Regs
0033fff8   _CsmPwl
00000ae0   _CsmRegs
00009b56   _CsmUnlock
00008c7b   _DATALOG_ISR
00008c71   _DINTCH1_ISR
00008c67   _DINTCH2_ISR
00008c5d   _DINTCH3_ISR
00008c53   _DINTCH4_ISR
00008c49   _DINTCH5_ISR
00008c3f   _DINTCH6_ISR
0000a17b   _DSP28x_usDelay
00000880   _DevEmuRegs
0000873f   _DisFlashImage
0000871a   _DisFull_Image
00009a95   _DisableDog
00008700   _DisplyLayer
00001000   _DmaRegs
00008c35   _ECAN0INTA_ISR
00008c2b   _ECAN0INTB_ISR
00008c21   _ECAN1INTA_ISR
00008c17   _ECAN1INTB_ISR
00008c0d   _ECAP1_INT_ISR
00008c03   _ECAP2_INT_ISR
00008bf9   _ECAP3_INT_ISR
00008bef   _ECAP4_INT_ISR
00008be5   _ECAP5_INT_ISR
00008bdb   _ECAP6_INT_ISR
00006040   _ECanaLAMRegs
000060c0   _ECanaMOTORegs
00006080   _ECanaMOTSRegs
00006100   _ECanaMboxes
00006000   _ECanaRegs
00006240   _ECanbLAMRegs
000062c0   _ECanbMOTORegs
00006280   _ECanbMOTSRegs
00006300   _ECanbMboxes
00006200   _ECanbRegs
00006a00   _ECap1Regs
00006a20   _ECap2Regs
00006a40   _ECap3Regs
00006a60   _ECap4Regs
00006a80   _ECap5Regs
00006aa0   _ECap6Regs
00008bce   _EMPTY_ISR
00008bc4   _EMUINT_ISR
00008bba   _EPWM1_INT_ISR
00008bb0   _EPWM1_TZINT_ISR
00008ba6   _EPWM2_INT_ISR
00008b9c   _EPWM2_TZINT_ISR
00008b92   _EPWM3_INT_ISR
00008b88   _EPWM3_TZINT_ISR
00008b7e   _EPWM4_INT_ISR
00008b74   _EPWM4_TZINT_ISR
00008b6a   _EPWM5_INT_ISR
00008b60   _EPWM5_TZINT_ISR
00008b56   _EPWM6_INT_ISR
00008b4c   _EPWM6_TZINT_ISR
00009cec   _EPWM_LED_deInit
00009ca2   _EPWM_tem_Init
00009c81   _EPWM_tem_UpdataCMPA
00006800   _EPwm1Regs
00006840   _EPwm2Regs
00006880   _EPwm3Regs
000068c0   _EPwm4Regs
00006900   _EPwm5Regs
00006940   _EPwm6Regs
00008b42   _EQEP1_INT_ISR
00008b38   _EQEP2_INT_ISR
00006b00   _EQep1Regs
00006b40   _EQep2Regs
00009fc1   _EnableInterrupts
0000907b   _FIR_Filter
00009950   _FanIO_init
00000a80   _FlashRegs
00009190   _FloatToISCII
0000c0ec   _Fresh_occupyvalue
000086c1   _GUI_AreaInycolor
000086a3   _GUI_BcolorConDots
0000866c   _GUI_BcolorConOffsetDots
00008659   _GUI_CleanScreen
00008634   _GUI_ConDots
000085fd   _GUI_ConSpaceDots
000085b8   _GUI_DispRTC
0000858f   _GUI_Dot
00008571   _GUI_FcolorConDots
0000853a   _GUI_FcolorConOffsetDots
000084fb   _GUI_Line
00009536   _GetAD_Value
000084cf   _GetControlValue
000084b9   _GetScreen
000084b1   _GetStringLen
00009cf0   _Get_new_occupyrate
00006f80   _GpioCtrlRegs
00006fc0   _GpioDataRegs
00006fe0   _GpioIntRegs
00008473   _GraphChannelAdd
0000842a   _GraphChannelDataAdd
000083f7   _GraphChannelDataClear
000083c4   _GraphChannelDel
0000836e   _GraphSetViewport
0000c14f   _Head_pointNum
00008b2e   _I2CINT1A_ISR
00008b24   _I2CINT2A_ISR
00007900   _I2caRegs
00008b1a   _ILLEGAL_ISR
00008b10   _INT13_ISR
00008b06   _INT14_ISR
00008ef8   _ISRTimer0
0000a057   _InitAdc
00009dcc   _InitCpuTimers
0000a15e   _InitFlash
00009ae7   _InitPeripheralClocks
00009fa2   _InitPieCtrl
0000a06b   _InitPieVectTable
00009a9d   _InitPll
00009ed4   _InitSci
00009e9e   _InitSciGpio
00009eb8   _InitSciaGpio
00009e9e   _InitScibGpio
00009e81   _InitScicGpio
00009b4d   _InitSysCtrl
000092dd   _InitUI
00009818   _InitXintf
00009761   _InitXintf16Gpio
000097c8   _InitXintf32Gpio
00009652   _JudgeCS
00009931   _LED_Blue_Flash
00009912   _LED_Blue_Flash_Slow
000098ef   _LED_Error_Flash
000098b4   _LED_IOinit
00009895   _LED_Red_Flash
0000987a   _LED_Red_Flash_Slow
00008afc   _LUF_ISR
00008af2   _LVF_ISR
00008fca   _LinearConvolution
0000834f   _LockDeviceConfig
00008ae8   _MRINTA_ISR
00008ade   _MRINTB_ISR
00008ad4   _MXINTA_ISR
00008aca   _MXINTB_ISR
00005000   _McbspaRegs
00005040   _McbspbRegs
0000a07c   _MemCopy
00008f7f   _Moisture_FITcalcu
00008ac0   _NMI_ISR
000092cc   _NotifyButton
000092ce   _NotifyReadFlash
000092cd   _NotifyScreen
000092a1   _NotifyText
000092dc   _NotifyTouchXY
000092cf   _NotifyWriteFlash
000094f3   _OUTAD_Init
0000949e   _OUTAD_Variable_Init
0000c0f6   _PID_KI
0000c0f4   _PID_KP
0000c0fc   _PID_de
0000c0f0   _PID_e0
0000c0f2   _PID_e1
0000c0ee   _PID_eut
0000c0f8   _PID_y0
0000c0fa   _PID_y1
00008ab6   _PIE_RESERVED
0000c662   _PassB_Filter1
0000c72c   _PassB_Filter2
0000c7f6   _PassB_Filter3
00000ce0   _PieCtrlRegs
00000d00   _PieVectTable
0000c562   _PieVectTableInit
000092d0   _ProcessMessage
00008aac   _RTOSINT_ISR
00009a00   _RamfuncsLoadEnd
00009a00   _RamfuncsLoadStart
00009a00   _RamfuncsRunStart
0000831a   _ReadUserFlash
00008aa2   _SCIRXINTA_ISR
00008a98   _SCIRXINTB_ISR
00008a8e   _SCIRXINTC_ISR
00008a84   _SCITXINTA_ISR
00008a7a   _SCITXINTB_ISR
00008a70   _SCITXINTC_ISR
00008a66   _SEQ1INT_ISR
00008a5c   _SEQ2INT_ISR
00008a52   _SPIRXINTA_ISR
00008a48   _SPITXINTA_ISR
0000c150   _SampleCount
0000c14e   _SampleCount_Status_Flag
00007050   _SciaRegs
00007750   _ScibRegs
00007770   _ScicRegs
00009396   _SendChar
000082f9   _SendNU16
00008000   _SendNU8
00008103   _SendStrings
000093b2   _SendValuetoLabview
000093a4   _Send_Uartb_Char
000093aa   _Send_Uartb_msg
0000939c   _Send_msg
00009a8b   _ServiceDog
000082df   _SetBackLight
000082ac   _SetButtonValue
00008292   _SetBuzzer
0000825f   _SetControlEnable
0000822c   _SetControlFocus
0000820e   _SetFcolor
000081de   _SetFont_Region
000081cb   _SetHandShake
0000819c   _SetPowerSaving
0000817b   _SetScreen
00008161   _SetScreenUpdateEnable
00008140   _SetTextSpace
0000810e   _SetTextValue
000080d5   _SetTouchPaneOption
00008094   _ShowKeyboard
00007040   _SpiaRegs
0000924a   _StrToFloat
00007010   _SysCtrlRegs
00009a7e   _TEM_Getinit
00008a3e   _TINT0_ISR
00008081   _TestTouchPane
0000b000   _Timer_flag
00008a34   _USER10_ISR
00008a2a   _USER11_ISR
00008a20   _USER12_ISR
00008a16   _USER1_ISR
00008a0c   _USER2_ISR
00008a02   _USER3_ISR
000089f8   _USER4_ISR
000089ee   _USER5_ISR
000089e4   _USER6_ISR
000089da   _USER7_ISR
000089d0   _USER8_ISR
000089c6   _USER9_ISR
0000935e   _UartBInit
00009326   _UartCInit
00008062   _UnlockDeviceConfig
000091ed   _UpdateUI
000089bc   _WAKEINT_ISR
00008048   _WriteLayer
00008014   _WriteUserFlash
000089b2   _XINT1_ISR
000089a8   _XINT2_ISR
0000899e   _XINT3_ISR
00008994   _XINT4_ISR
0000898a   _XINT5_ISR
00008980   _XINT6_ISR
00008976   _XINT7_ISR
00007070   _XIntruptRegs
00000b20   _XintfRegs
0000cdac   __STACK_END
000003e8   __STACK_SIZE
00000001   __TI_args_main
ffffffff   ___binit__
ffffffff   ___c_args__
0000a0ae   ___cinit__
0000a0ae   ___etext__
00009fec   ___memcpy_ff
ffffffff   ___pinit__
00008000   ___text__
0000a00d   __args_main
0000c14a   __cleanup_ptr
0000c14c   __dtors_ptr
0000c13c   __lock
00009ed5   __log
0000a09e   __nop
0000a09a   __register_lock
0000a096   __register_unlock
0000c9c4   __stack
0000c13a   __unlock
0000a028   _abort
0000c142   _blue_light_state4
0000c145   _blue_light_state5
00009f23   _c_int00
0000b01c   _cmd_buffer
00009651   _delay
0000c0ff   _errno
0000a02a   _exit
00009d5f   _exp
0000a041   _frexp
0000b040   _gSampleTable
0000b700   _gSampleValue
0000b012   _gSystem_InstantData
0000b008   _gSystem_WaterParam
0000b002   _gSystem_WaterValue
00009a25   _get_temp
0000c147   _i1
0000c141   _i2
0000c143   _i3
0000c144   _i4
0000c146   _i5
00009f69   _ldexp
0000c140   _light_state3
00008cc9   _main
0000a0a7   _memset
00009e29   _pow
00009c40   _queue_find_cmd
00009c13   _queue_push
00009c0c   _queue_reset
000099ee   _read_byte
0000c148   _red_light_state1
0000c149   _red_light_state2
000099c2   _reset
0000896c   _rsvd_ISR
00008c90   _scic_isr
00008f18   _sortandaverage
00009615   _write_ad9833_d16
00009989   _write_byte
ffffffff   binit
0000a0ae   cinit
00000000   code_start
0000a0ae   etext
ffffffff   pinit


GLOBAL SYMBOLS: SORTED BY Symbol Address 

address    name
--------   ----
00000000   code_start
00000001   __TI_args_main
000003e8   __STACK_SIZE
00000880   _DevEmuRegs
00000a80   _FlashRegs
00000ae0   _CsmRegs
00000b00   _AdcMirror
00000b20   _XintfRegs
00000c00   _CpuTimer0Regs
00000c08   _CpuTimer1Regs
00000c10   _CpuTimer2Regs
00000ce0   _PieCtrlRegs
00000d00   _PieVectTable
00001000   _DmaRegs
00005000   _McbspaRegs
00005040   _McbspbRegs
00006000   _ECanaRegs
00006040   _ECanaLAMRegs
00006080   _ECanaMOTSRegs
000060c0   _ECanaMOTORegs
00006100   _ECanaMboxes
00006200   _ECanbRegs
00006240   _ECanbLAMRegs
00006280   _ECanbMOTSRegs
000062c0   _ECanbMOTORegs
00006300   _ECanbMboxes
00006800   _EPwm1Regs
00006840   _EPwm2Regs
00006880   _EPwm3Regs
000068c0   _EPwm4Regs
00006900   _EPwm5Regs
00006940   _EPwm6Regs
00006a00   _ECap1Regs
00006a20   _ECap2Regs
00006a40   _ECap3Regs
00006a60   _ECap4Regs
00006a80   _ECap5Regs
00006aa0   _ECap6Regs
00006b00   _EQep1Regs
00006b40   _EQep2Regs
00006f80   _GpioCtrlRegs
00006fc0   _GpioDataRegs
00006fe0   _GpioIntRegs
00007010   _SysCtrlRegs
00007040   _SpiaRegs
00007050   _SciaRegs
00007070   _XIntruptRegs
00007100   _AdcRegs
00007750   _ScibRegs
00007770   _ScicRegs
00007900   _I2caRegs
00008000   .text
00008000   _SendNU8
00008000   ___text__
00008014   _WriteUserFlash
00008048   _WriteLayer
00008062   _UnlockDeviceConfig
00008081   _TestTouchPane
00008094   _ShowKeyboard
000080d5   _SetTouchPaneOption
00008103   _SendStrings
0000810e   _SetTextValue
00008140   _SetTextSpace
00008161   _SetScreenUpdateEnable
0000817b   _SetScreen
0000819c   _SetPowerSaving
000081cb   _SetHandShake
000081de   _SetFont_Region
0000820e   _SetFcolor
0000822c   _SetControlFocus
0000825f   _SetControlEnable
00008292   _SetBuzzer
000082ac   _SetButtonValue
000082df   _SetBackLight
000082f9   _SendNU16
0000831a   _ReadUserFlash
0000834f   _LockDeviceConfig
0000836e   _GraphSetViewport
000083c4   _GraphChannelDel
000083f7   _GraphChannelDataClear
0000842a   _GraphChannelDataAdd
00008473   _GraphChannelAdd
000084b1   _GetStringLen
000084b9   _GetScreen
000084cf   _GetControlValue
000084fb   _GUI_Line
0000853a   _GUI_FcolorConOffsetDots
00008571   _GUI_FcolorConDots
0000858f   _GUI_Dot
000085b8   _GUI_DispRTC
000085fd   _GUI_ConSpaceDots
00008634   _GUI_ConDots
00008659   _GUI_CleanScreen
0000866c   _GUI_BcolorConOffsetDots
000086a3   _GUI_BcolorConDots
000086c1   _GUI_AreaInycolor
00008700   _DisplyLayer
0000871a   _DisFull_Image
0000873f   _DisFlashImage
0000877f   _CopyLayer
000087a0   _ColorPicker
000087d0   _ClearLayer
000087ea   _CalibrateTouchPane
000087fd   _BatchSetText
0000881c   _BatchSetSliderValue
00008845   _BatchSetProgressValue
0000886e   _BatchEnd
0000887b   _BatchBegin
00008890   _AnimationStop
000088bc   _AnimationStart
000088e8   _AnimationPlayPrev
00008914   _AnimationPlayNext
00008940   _AnimationPause
0000896c   _rsvd_ISR
00008976   _XINT7_ISR
00008980   _XINT6_ISR
0000898a   _XINT5_ISR
00008994   _XINT4_ISR
0000899e   _XINT3_ISR
000089a8   _XINT2_ISR
000089b2   _XINT1_ISR
000089bc   _WAKEINT_ISR
000089c6   _USER9_ISR
000089d0   _USER8_ISR
000089da   _USER7_ISR
000089e4   _USER6_ISR
000089ee   _USER5_ISR
000089f8   _USER4_ISR
00008a02   _USER3_ISR
00008a0c   _USER2_ISR
00008a16   _USER1_ISR
00008a20   _USER12_ISR
00008a2a   _USER11_ISR
00008a34   _USER10_ISR
00008a3e   _TINT0_ISR
00008a48   _SPITXINTA_ISR
00008a52   _SPIRXINTA_ISR
00008a5c   _SEQ2INT_ISR
00008a66   _SEQ1INT_ISR
00008a70   _SCITXINTC_ISR
00008a7a   _SCITXINTB_ISR
00008a84   _SCITXINTA_ISR
00008a8e   _SCIRXINTC_ISR
00008a98   _SCIRXINTB_ISR
00008aa2   _SCIRXINTA_ISR
00008aac   _RTOSINT_ISR
00008ab6   _PIE_RESERVED
00008ac0   _NMI_ISR
00008aca   _MXINTB_ISR
00008ad4   _MXINTA_ISR
00008ade   _MRINTB_ISR
00008ae8   _MRINTA_ISR
00008af2   _LVF_ISR
00008afc   _LUF_ISR
00008b06   _INT14_ISR
00008b10   _INT13_ISR
00008b1a   _ILLEGAL_ISR
00008b24   _I2CINT2A_ISR
00008b2e   _I2CINT1A_ISR
00008b38   _EQEP2_INT_ISR
00008b42   _EQEP1_INT_ISR
00008b4c   _EPWM6_TZINT_ISR
00008b56   _EPWM6_INT_ISR
00008b60   _EPWM5_TZINT_ISR
00008b6a   _EPWM5_INT_ISR
00008b74   _EPWM4_TZINT_ISR
00008b7e   _EPWM4_INT_ISR
00008b88   _EPWM3_TZINT_ISR
00008b92   _EPWM3_INT_ISR
00008b9c   _EPWM2_TZINT_ISR
00008ba6   _EPWM2_INT_ISR
00008bb0   _EPWM1_TZINT_ISR
00008bba   _EPWM1_INT_ISR
00008bc4   _EMUINT_ISR
00008bce   _EMPTY_ISR
00008bdb   _ECAP6_INT_ISR
00008be5   _ECAP5_INT_ISR
00008bef   _ECAP4_INT_ISR
00008bf9   _ECAP3_INT_ISR
00008c03   _ECAP2_INT_ISR
00008c0d   _ECAP1_INT_ISR
00008c17   _ECAN1INTB_ISR
00008c21   _ECAN1INTA_ISR
00008c2b   _ECAN0INTB_ISR
00008c35   _ECAN0INTA_ISR
00008c3f   _DINTCH6_ISR
00008c49   _DINTCH5_ISR
00008c53   _DINTCH4_ISR
00008c5d   _DINTCH3_ISR
00008c67   _DINTCH2_ISR
00008c71   _DINTCH1_ISR
00008c7b   _DATALOG_ISR
00008c85   _ADCINT_ISR
00008c90   _scic_isr
00008cc9   _main
00008ef8   _ISRTimer0
00008f18   _sortandaverage
00008f7f   _Moisture_FITcalcu
00008fca   _LinearConvolution
0000907b   _FIR_Filter
000090bc   _Calcu_AMP
00009190   _FloatToISCII
000091ed   _UpdateUI
0000924a   _StrToFloat
000092a1   _NotifyText
000092cc   _NotifyButton
000092cd   _NotifyScreen
000092ce   _NotifyReadFlash
000092cf   _NotifyWriteFlash
000092d0   _ProcessMessage
000092dc   _NotifyTouchXY
000092dd   _InitUI
00009326   _UartCInit
0000935e   _UartBInit
00009396   _SendChar
0000939c   _Send_msg
000093a4   _Send_Uartb_Char
000093aa   _Send_Uartb_msg
000093b2   _SendValuetoLabview
0000949e   _OUTAD_Variable_Init
000094f3   _OUTAD_Init
00009536   _GetAD_Value
0000958a   _AD_Data_Shift
00009615   _write_ad9833_d16
00009651   _delay
00009652   _JudgeCS
00009686   _AD9833_configinit
000096ad   _AD9833_Reset
000096e6   _AD9833_Outdata
00009761   _InitXintf16Gpio
000097c8   _InitXintf32Gpio
00009818   _InitXintf
0000987a   _LED_Red_Flash_Slow
00009895   _LED_Red_Flash
000098b4   _LED_IOinit
000098ef   _LED_Error_Flash
00009912   _LED_Blue_Flash_Slow
00009931   _LED_Blue_Flash
00009950   _FanIO_init
0000995b   _Bell_Didadi
0000997e   _BellIO_init
00009989   _write_byte
000099c2   _reset
000099ee   _read_byte
00009a00   _RamfuncsLoadEnd
00009a00   _RamfuncsLoadStart
00009a00   _RamfuncsRunStart
00009a25   _get_temp
00009a7e   _TEM_Getinit
00009a8b   _ServiceDog
00009a95   _DisableDog
00009a9d   _InitPll
00009ae7   _InitPeripheralClocks
00009b4d   _InitSysCtrl
00009b56   _CsmUnlock
00009b84   FS$$DIV
00009c0c   _queue_reset
00009c13   _queue_push
00009c40   _queue_find_cmd
00009c81   _EPWM_tem_UpdataCMPA
00009ca2   _EPWM_tem_Init
00009cec   _EPWM_LED_deInit
00009cf0   _Get_new_occupyrate
00009d5f   _exp
00009dcc   _InitCpuTimers
00009e07   _ConfigCpuTimer
00009e29   _pow
00009e81   _InitScicGpio
00009e9e   _InitSciGpio
00009e9e   _InitScibGpio
00009eb8   _InitSciaGpio
00009ed4   _InitSci
00009ed5   __log
00009f23   _c_int00
00009f69   _ldexp
00009fa2   _InitPieCtrl
00009fc1   _EnableInterrupts
00009fca   I$$DIV
00009fdb   I$$MOD
00009fec   ___memcpy_ff
0000a00d   __args_main
0000a028   C$$EXIT
0000a028   _abort
0000a02a   _exit
0000a041   _frexp
0000a057   _InitAdc
0000a06b   _InitPieVectTable
0000a07c   _MemCopy
0000a08b   U$$DIV
0000a090   U$$MOD
0000a096   __register_unlock
0000a09a   __register_lock
0000a09e   __nop
0000a0a7   _memset
0000a0ae   ___cinit__
0000a0ae   ___etext__
0000a0ae   cinit
0000a0ae   etext
0000a15e   _InitFlash
0000a17b   _DSP28x_usDelay
0000b000   _Timer_flag
0000b002   _gSystem_WaterValue
0000b008   _gSystem_WaterParam
0000b012   _gSystem_InstantData
0000b01c   _cmd_buffer
0000b040   _gSampleTable
0000b700   _gSampleValue
0000c0ec   _Fresh_occupyvalue
0000c0ee   _PID_eut
0000c0f0   _PID_e0
0000c0f2   _PID_e1
0000c0f4   _PID_KP
0000c0f6   _PID_KI
0000c0f8   _PID_y0
0000c0fa   _PID_y1
0000c0fc   _PID_de
0000c0ff   _errno
0000c122   _CpuTimer1
0000c12a   _CpuTimer2
0000c132   _CpuTimer0
0000c13a   __unlock
0000c13c   __lock
0000c140   _light_state3
0000c141   _i2
0000c142   _blue_light_state4
0000c143   _i3
0000c144   _i4
0000c145   _blue_light_state5
0000c146   _i5
0000c147   _i1
0000c148   _red_light_state1
0000c149   _red_light_state2
0000c14a   __cleanup_ptr
0000c14c   __dtors_ptr
0000c14e   _SampleCount_Status_Flag
0000c14f   _Head_pointNum
0000c150   _SampleCount
0000c562   _PieVectTableInit
0000c662   _PassB_Filter1
0000c72c   _PassB_Filter2
0000c7f6   _PassB_Filter3
0000c9c4   __stack
0000cdac   __STACK_END
0033fff8   _CsmPwl
00380080   _ADC_cal
ffffffff   ___binit__
ffffffff   ___c_args__
ffffffff   ___pinit__
ffffffff   binit
ffffffff   pinit

[350 symbols]
