LX51 LINKER/LOCATER V4.05                                                               12/27/2013  09:38:01  PAGE 1


LX51 LINKER/LOCATER V4.05, INVOKED BY:
D:\KEIL51801\C51\BIN\LX51.EXE cmd_queue.obj, hmi_driver.obj, hmi_user_uart.obj, STARTUP.obj, main.obj, ulitity.obj TO 51
>> demo_forbasic REMOVEUNUSED


CPU MODE:     8051 MODE
MEMORY MODEL: SMALL


INPUT MODULES INCLUDED:
  cmd_queue.obj (CMD_QUEUE)
         COMMENT TYPE 0: C51 V8.02
  hmi_driver.obj (HMI_DRIVER)
         COMMENT TYPE 0: C51 V8.02
  hmi_user_uart.obj (HMI_USER_UART)
         COMMENT TYPE 0: C51 V8.02
  STARTUP.obj (?C_STARTUP)
         COMMENT TYPE 0: AX51 V3.01
  main.obj (MAIN)
         COMMENT TYPE 0: C51 V8.02
  ulitity.obj (ULITITY)
         COMMENT TYPE 0: C51 V8.02
  D:\KEIL51801\C51\LIB\C51S.LIB (?C_INIT)
         COMMENT TYPE 1: A51 / ASM51 Assembler
  D:\KEIL51801\C51\LIB\C51S.LIB (?C?CLDPTR)
         COMMENT TYPE 1: A51 / ASM51 Assembler
  D:\KEIL51801\C51\LIB\C51S.LIB (?C?CLDOPTR)
         COMMENT TYPE 1: A51 / ASM51 Assembler
  D:\KEIL51801\C51\LIB\C51S.LIB (?C?CSTPTR)
         COMMENT TYPE 1: A51 / ASM51 Assembler
  D:\KEIL51801\C51\LIB\C51S.LIB (?C?CSTOPTR)
         COMMENT TYPE 1: A51 / ASM51 Assembler
  D:\KEIL51801\C51\LIB\C51S.LIB (?C?IMUL)
         COMMENT TYPE 1: A51 / ASM51 Assembler
  D:\KEIL51801\C51\LIB\C51S.LIB (?C?UIDIV)
         COMMENT TYPE 1: A51 / ASM51 Assembler
  D:\KEIL51801\C51\LIB\C51S.LIB (?C?ILDOPTR)
         COMMENT TYPE 1: A51 / ASM51 Assembler
  D:\KEIL51801\C51\LIB\C51S.LIB (?C?ULDIV)
         COMMENT TYPE 1: A51 / ASM51 Assembler
  D:\KEIL51801\C51\LIB\C51S.LIB (?C?ULCMP)
         COMMENT TYPE 1: A51 / ASM51 Assembler
  D:\KEIL51801\C51\LIB\C51S.LIB (?C?ULSHR)
         COMMENT TYPE 1: A51 / ASM51 Assembler


ACTIVE MEMORY CLASSES OF MODULE:  51demo_forbasic (CMD_QUEUE)

BASE        START       END         USED      MEMORY CLASS
==========================================================
C:000000H   C:000000H   C:00FFFFH   0010C1H   CODE
I:000000H   I:000000H   I:00007FH   000066H   DATA
I:000000H   I:000000H   I:0000FFH   000037H   IDATA


MEMORY MAP OF MODULE:  51demo_forbasic (CMD_QUEUE)


START     STOP      LENGTH    ALIGN  RELOC    MEMORY CLASS   SEGMENT NAME
=========================================================================

* * * * * * * * * * *   D A T A   M E M O R Y   * * * * * * * * * * * * *
000000H   000007H   000008H   ---    AT..     DATA           "REG BANK 0"
000008H   000036H   00002FH   BYTE   UNIT     DATA           ?DT?CMD_QUEUE
000037H   000062H   00002CH   BYTE   UNIT     DATA           _DATA_GROUP_
000063H   000065H   000003H   BYTE   UNIT     DATA           ?DT?MAIN
LX51 LINKER/LOCATER V4.05                                                             12/27/2013  09:38:01  PAGE 2


000066H   000095H   000030H   BYTE   UNIT     IDATA          ?ID?MAIN
000096H   00009BH   000006H   BYTE   UNIT     IDATA          _IDATA_GROUP_
00009CH   00009CH   000001H   BYTE   UNIT     IDATA          ?STACK

* * * * * * * * * * *   C O D E   M E M O R Y   * * * * * * * * * * * * *
000000H   000002H   000003H   ---    OFFS..   CODE           ?CO?STARTUP?3
000003H   00000AH   000008H   BYTE   UNIT     CODE           ?PR?CMD_QUEUE
00000BH   00000DH   000003H   BYTE   OFFS..   CODE           ?ULITITY?0000B
00000EH   000022H   000015H   BYTE   UNIT     CODE           ?PR?UARTINIT?HMI_USER_UART
000023H   000025H   000003H   BYTE   OFFS..   CODE           ?ULITITY?00023
000026H   000230H   00020BH   BYTE   UNIT     CODE           ?C?LIB_CODE
000231H   000367H   000137H   BYTE   UNIT     CODE           ?CO?ULITITY
000368H   00049CH   000135H   BYTE   UNIT     CODE           ?PR?MAIN?MAIN
00049DH   00059EH   000102H   BYTE   UNIT     CODE           ?PR?_ONRECVBUTTON?MAIN
00059FH   00069AH   0000FCH   BYTE   UNIT     CODE           ?PR?_ONRECVTEXT?MAIN
00069BH   000772H   0000D8H   BYTE   UNIT     CODE           ?PR?UPDATE?ULITITY
000773H   00081DH   0000ABH   BYTE   UNIT     CODE           ?PR?_QUEUE_FIND_CMD?CMD_QUEUE
00081EH   0008BBH   00009EH   BYTE   UNIT     CODE           ?PR?MAIN
0008BCH   000947H   00008CH   BYTE   UNIT     CODE           ?C_C51STARTUP
000948H   0009C7H   000080H   BYTE   UNIT     CODE           ?PR?INIUSERCTR?ULITITY
0009C8H   000A44H   00007DH   BYTE   UNIT     CODE           ?PR?_ONRECVSLIDER?MAIN
000A45H   000AAAH   000066H   BYTE   UNIT     CODE           ?PR?_ONRECVPROGRESS?MAIN
000AABH   000B0AH   000060H   BYTE   UNIT     CODE           ?PR?_ONRECVMETER?MAIN
000B0BH   000B6AH   000060H   BYTE   UNIT     CODE           ?PR?_ONRECVANIMATION?MAIN
000B6BH   000BC9H   00005FH   BYTE   UNIT     CODE           ?PR?_SETPROGRESSVALUE?HMI_DRIVER
000BCAH   000C28H   00005FH   BYTE   UNIT     CODE           ?PR?_SETMETERVALUE?HMI_DRIVER
000C29H   000C7CH   000054H   BYTE   UNIT     CODE           ?PR?_GRAPHCHANNELDATAINSERT?HMI_DRIVER
000C7DH   000CCCH   000050H   BYTE   UNIT     CODE           ?PR?_DELAY_MS?ULITITY
000CCDH   000D13H   000047H   BYTE   UNIT     CODE           ?PR?_GRAPHCHANNELADD?HMI_DRIVER
000D14H   000D55H   000042H   BYTE   UNIT     CODE           ?PR?SERIAL?ULITITY
000D56H   000D96H   000041H   BYTE   UNIT     CODE           ?PR?_SETTEXTVALUE?HMI_DRIVER
000D97H   000DD6H   000040H   BYTE   UNIT     CODE           ?C_INITSEG
000DD7H   000E10H   00003AH   BYTE   UNIT     CODE           ?PR?_SHOWCONTROL?HMI_DRIVER
000E11H   000E4AH   00003AH   BYTE   UNIT     CODE           ?PR?_SETBUTTONVALUE?HMI_DRIVER
000E4BH   000E84H   00003AH   BYTE   UNIT     CODE           ?PR?_ANIMATIONPLAYFRAME?HMI_DRIVER
000E85H   000EBCH   000038H   BYTE   UNIT     CODE           ?PR?_SENDNU8?HMI_DRIVER
000EBDH   000EEEH   000032H   BYTE   UNIT     CODE           ?PR?_GETCONTROLVALUE?HMI_DRIVER
000EEFH   000F20H   000032H   BYTE   UNIT     CODE           ?PR?_ANIMATIONSTART?HMI_DRIVER
000F21H   000F52H   000032H   BYTE   UNIT     CODE           ?PR?_ANIMATIONSTOP?HMI_DRIVER
000F53H   000F7CH   00002AH   BYTE   UNIT     CODE           ?PR?ULITITY
000F7DH   000FA4H   000028H   BYTE   UNIT     CODE           ?PR?HMI_DRIVER
000FA5H   000FC9H   000025H   BYTE   UNIT     CODE           ?PR?_QUEUE_POP?CMD_QUEUE
000FCAH   000FECH   000023H   BYTE   UNIT     CODE           ?PR?_QUEUE_PUSH?CMD_QUEUE
000FEDH   00100BH   00001FH   BYTE   UNIT     CODE           ?PR?_ONRECCURRENTSCREEN?MAIN
00100CH   001029H   00001EH   BYTE   UNIT     CODE           ?PR?TIMER0?ULITITY
00102AH   001040H   000017H   BYTE   UNIT     CODE           ?PR?QUEUE_SIZE?CMD_QUEUE
001041H   001054H   000014H   BYTE   UNIT     CODE           ?PR?SENDENDCMD?HMI_DRIVER
001055H   001067H   000013H   BYTE   UNIT     CODE           ?PR?_SETBACKLIGHT?HMI_DRIVER
001068H   00107AH   000013H   BYTE   UNIT     CODE           ?PR?_SENDSTRINGS?HMI_USER_UART
00107BH   00108AH   000010H   BYTE   UNIT     CODE           ?PR?QUEUE_RESET?CMD_QUEUE
00108BH   00109AH   000010H   BYTE   UNIT     CODE           ?PR?GETSCREEN?HMI_DRIVER
00109BH   0010A8H   00000EH   BYTE   UNIT     CODE           ?PR?SYSTICKET_INIT?ULITITY
0010A9H   0010B3H   00000BH   BYTE   UNIT     CODE           ?PR?_ONRECVTOUCHXY?MAIN
0010B4H   0010BBH   000008H   BYTE   UNIT     CODE           ?PR?_SENDCHAR?HMI_USER_UART
0010BCH   0010C0H   000005H   BYTE   UNIT     CODE           ?PR?SENDBEGINCMD?HMI_DRIVER

* * * * * * * * *   R E M O V E D     S E G M E N T S   * * * * * * * *
   *DEL*:           000035H   BYTE   UNIT     CODE           ?PR?_SENDNU16?HMI_DRIVER
   *DEL*:           000007H   BYTE   UNIT     DATA           ?DT?_SENDNU16?HMI_DRIVER
   *DEL*:           00000BH   BYTE   UNIT     CODE           ?PR?SETHANDSHAKE_1?HMI_DRIVER
   *DEL*:           00000BH   BYTE   UNIT     CODE           ?PR?SETHANDSHAKE?HMI_DRIVER
   *DEL*:           00001FH   BYTE   UNIT     CODE           ?PR?SETDEVICERESET?HMI_DRIVER
   *DEL*:           00001CH   BYTE   UNIT     CODE           ?PR?_SETFCOLOR?HMI_DRIVER
   *DEL*:           000002H   BYTE   UNIT     DATA           ?DT?_SETFCOLOR?HMI_DRIVER
   *DEL*:           00001CH   BYTE   UNIT     CODE           ?PR?_SETBCOLOR?HMI_DRIVER
LX51 LINKER/LOCATER V4.05                                                             12/27/2013  09:38:01  PAGE 3


   *DEL*:           000002H   BYTE   UNIT     DATA           ?DT?_SETBCOLOR?HMI_DRIVER
   *DEL*:           00000BH   BYTE   UNIT     CODE           ?PR?GUI_CLEANSCREEN?HMI_DRIVER
   *DEL*:           00001BH   BYTE   UNIT     CODE           ?PR?_SETTEXTSPACE?HMI_DRIVER
   *DEL*:           000002H   BYTE   UNIT     DATA           ?DT?_SETTEXTSPACE?HMI_DRIVER
   *DEL*:           000035H   BYTE   UNIT     CODE           ?PR?_SETFONT_REGION?HMI_DRIVER
   *DEL*:           000005H   BYTE   UNIT     DATA           ?DT?_SETFONT_REGION?HMI_DRIVER
   *DEL*:           00002DH   BYTE   UNIT     CODE           ?PR?_SETFILTERCOLOR?HMI_DRIVER
   *DEL*:           000004H   BYTE   UNIT     DATA           ?DT?_SETFILTERCOLOR?HMI_DRIVER
   *DEL*:           000044H   BYTE   UNIT     CODE           ?PR?_DISTEXT?HMI_DRIVER
   *DEL*:           000009H   BYTE   UNIT     DATA           ?DT?_DISTEXT?HMI_DRIVER
   *DEL*:           000041H   BYTE   UNIT     CODE           ?PR?_DISCURSOR?HMI_DRIVER
   *DEL*:           000007H   BYTE   UNIT     DATA           ?DT?_DISCURSOR?HMI_DRIVER
   *DEL*:           000024H   BYTE   UNIT     CODE           ?PR?_DISFULL_IMAGE?HMI_DRIVER
   *DEL*:           000003H   BYTE   UNIT     DATA           ?DT?_DISFULL_IMAGE?HMI_DRIVER
   *DEL*:           000044H   BYTE   UNIT     CODE           ?PR?_DISAREA_IMAGE?HMI_DRIVER
   *DEL*:           000007H   BYTE   UNIT     DATA           ?DT?_DISAREA_IMAGE?HMI_DRIVER
   *DEL*:           000078H   BYTE   UNIT     CODE           ?PR?_DISCUT_IMAGE?HMI_DRIVER
   *DEL*:           00000FH   BYTE   UNIT     DATA           ?DT?_DISCUT_IMAGE?HMI_DRIVER
   *DEL*:           00004AH   BYTE   UNIT     CODE           ?PR?_DISFLASHIMAGE?HMI_DRIVER
   *DEL*:           000008H   BYTE   UNIT     DATA           ?DT?_DISFLASHIMAGE?HMI_DRIVER
   *DEL*:           00002DH   BYTE   UNIT     CODE           ?PR?_GUI_FCOLORDOT?HMI_DRIVER
   *DEL*:           000004H   BYTE   UNIT     DATA           ?DT?_GUI_FCOLORDOT?HMI_DRIVER
   *DEL*:           00002DH   BYTE   UNIT     CODE           ?PR?_GUI_BCOLORDOT?HMI_DRIVER
   *DEL*:           000004H   BYTE   UNIT     DATA           ?DT?_GUI_BCOLORDOT?HMI_DRIVER
   *DEL*:           00004BH   BYTE   UNIT     CODE           ?PR?_GUI_LINE?HMI_DRIVER
   *DEL*:           000008H   BYTE   UNIT     DATA           ?DT?_GUI_LINE?HMI_DRIVER
   *DEL*:           000033H   BYTE   UNIT     CODE           ?PR?_GUI_CONSPACEDOTS?HMI_DRIVER
   *DEL*:           000009H   BYTE   UNIT     DATA           ?DT?_GUI_CONSPACEDOTS?HMI_DRIVER
   *DEL*:           000040H   BYTE   UNIT     CODE           ?PR?_GUI_FCOLORCONOFFSETDOTS?HMI_DRIVER
   *DEL*:           000009H   BYTE   UNIT     DATA           ?DT?_GUI_FCOLORCONOFFSETDOTS?HMI_DRIVER
   *DEL*:           000040H   BYTE   UNIT     CODE           ?PR?_GUI_BCOLORCONOFFSETDOTS?HMI_DRIVER
   *DEL*:           000009H   BYTE   UNIT     DATA           ?DT?_GUI_BCOLORCONOFFSETDOTS?HMI_DRIVER
   *DEL*:           000027H   BYTE   UNIT     CODE           ?PR?_GUI_FCOLORCONDOTS?HMI_DRIVER
   *DEL*:           000005H   BYTE   UNIT     DATA           ?DT?_GUI_FCOLORCONDOTS?HMI_DRIVER
   *DEL*:           000027H   BYTE   UNIT     CODE           ?PR?_GUI_BCOLORCONDOTS?HMI_DRIVER
   *DEL*:           000005H   BYTE   UNIT     DATA           ?DT?_GUI_BCOLORCONDOTS?HMI_DRIVER
   *DEL*:           00003EH   BYTE   UNIT     CODE           ?PR?_GUI_CIRCLE?HMI_DRIVER
   *DEL*:           000006H   BYTE   UNIT     DATA           ?DT?_GUI_CIRCLE?HMI_DRIVER
   *DEL*:           00003EH   BYTE   UNIT     CODE           ?PR?_GUI_CIRCLEFILL?HMI_DRIVER
   *DEL*:           000006H   BYTE   UNIT     DATA           ?DT?_GUI_CIRCLEFILL?HMI_DRIVER
   *DEL*:           000058H   BYTE   UNIT     CODE           ?PR?_GUI_ARC?HMI_DRIVER
   *DEL*:           00000AH   BYTE   UNIT     DATA           ?DT?_GUI_ARC?HMI_DRIVER
   *DEL*:           00004BH   BYTE   UNIT     CODE           ?PR?_GUI_RECTANGLE?HMI_DRIVER
   *DEL*:           000008H   BYTE   UNIT     DATA           ?DT?_GUI_RECTANGLE?HMI_DRIVER
   *DEL*:           00004BH   BYTE   UNIT     CODE           ?PR?_GUI_RECTANGLEFILL?HMI_DRIVER
   *DEL*:           000008H   BYTE   UNIT     DATA           ?DT?_GUI_RECTANGLEFILL?HMI_DRIVER
   *DEL*:           00004BH   BYTE   UNIT     CODE           ?PR?_GUI_ELLIPSE?HMI_DRIVER
   *DEL*:           000008H   BYTE   UNIT     DATA           ?DT?_GUI_ELLIPSE?HMI_DRIVER
   *DEL*:           00004BH   BYTE   UNIT     CODE           ?PR?_GUI_ELLIPSEFILL?HMI_DRIVER
   *DEL*:           000008H   BYTE   UNIT     DATA           ?DT?_GUI_ELLIPSEFILL?HMI_DRIVER
   *DEL*:           000029H   BYTE   UNIT     CODE           ?PR?_SETPOWERSAVING?HMI_DRIVER
   *DEL*:           000004H   BYTE   UNIT     DATA           ?DT?_SETPOWERSAVING?HMI_DRIVER
   *DEL*:           000013H   BYTE   UNIT     CODE           ?PR?_SETBUZZER?HMI_DRIVER
   *DEL*:           000001H   BYTE   UNIT     DATA           ?DT?_SETBUZZER?HMI_DRIVER
   *DEL*:           00000BH   BYTE   UNIT     CODE           ?PR?GET_REVISION?HMI_DRIVER
   *DEL*:           000013H   BYTE   UNIT     CODE           ?PR?_SETTOUCHSCREEN?HMI_DRIVER
   *DEL*:           000001H   BYTE   UNIT     DATA           ?DT?_SETTOUCHSCREEN?HMI_DRIVER
   *DEL*:           00000BH   BYTE   UNIT     CODE           ?PR?SETTOUCHSCREEN_ADJ?HMI_DRIVER
   *DEL*:           00000BH   BYTE   UNIT     CODE           ?PR?TESTTOUCHSCREEN?HMI_DRIVER
   *DEL*:           000013H   BYTE   UNIT     CODE           ?PR?_SETCOMMBPS?HMI_DRIVER
   *DEL*:           000001H   BYTE   UNIT     DATA           ?DT?_SETCOMMBPS?HMI_DRIVER
   *DEL*:           000013H   BYTE   UNIT     CODE           ?PR?_SETMATRIXKB?HMI_DRIVER
   *DEL*:           000001H   BYTE   UNIT     DATA           ?DT?_SETMATRIXKB?HMI_DRIVER
   *DEL*:           000053H   BYTE   UNIT     CODE           ?PR?_WRITEADDRDDATA?HMI_DRIVER
   *DEL*:           000009H   BYTE   UNIT     DATA           ?DT?_WRITEADDRDDATA?HMI_DRIVER
LX51 LINKER/LOCATER V4.05                                                             12/27/2013  09:38:01  PAGE 4


   *DEL*:           00004DH   BYTE   UNIT     CODE           ?PR?_READADDRDDATA?HMI_DRIVER
   *DEL*:           000006H   BYTE   UNIT     DATA           ?DT?_READADDRDDATA?HMI_DRIVER
   *DEL*:           000013H   BYTE   UNIT     CODE           ?PR?_WRITELAYER?HMI_DRIVER
   *DEL*:           000001H   BYTE   UNIT     DATA           ?DT?_WRITELAYER?HMI_DRIVER
   *DEL*:           000013H   BYTE   UNIT     CODE           ?PR?_DISPLYLAYER?HMI_DRIVER
   *DEL*:           000001H   BYTE   UNIT     DATA           ?DT?_DISPLYLAYER?HMI_DRIVER
   *DEL*:           00001BH   BYTE   UNIT     CODE           ?PR?_COPYLAYER?HMI_DRIVER
   *DEL*:           000002H   BYTE   UNIT     DATA           ?DT?_COPYLAYER?HMI_DRIVER
   *DEL*:           000013H   BYTE   UNIT     CODE           ?PR?_CLEARLAYER?HMI_DRIVER
   *DEL*:           000001H   BYTE   UNIT     DATA           ?DT?_CLEARLAYER?HMI_DRIVER
   *DEL*:           000013H   BYTE   UNIT     CODE           ?PR?_AUTOCLEARLAYER_EN?HMI_DRIVER
   *DEL*:           000001H   BYTE   UNIT     DATA           ?DT?_AUTOCLEARLAYER_EN?HMI_DRIVER
   *DEL*:           000013H   BYTE   UNIT     CODE           ?PR?_SAVEPRINTSCREEN_INTO_FLASH?HMI_DRIVER
   *DEL*:           000001H   BYTE   UNIT     DATA           ?DT?_SAVEPRINTSCREEN_INTO_FLASH?HMI_DRIVER
   *DEL*:           000013H   BYTE   UNIT     CODE           ?PR?_DISPLAYPRINTSCREEN_IN_FLASH?HMI_DRIVER
   *DEL*:           000001H   BYTE   UNIT     DATA           ?DT?_DISPLAYPRINTSCREEN_IN_FLASH?HMI_DRIVER
   *DEL*:           00004AH   BYTE   UNIT     CODE           ?PR?_GUI_DISPRTC?HMI_DRIVER
   *DEL*:           000009H   BYTE   UNIT     DATA           ?DT?_GUI_DISPRTC?HMI_DRIVER
   *DEL*:           00003BH   BYTE   UNIT     CODE           ?PR?_SETRTCTIME?HMI_DRIVER
   *DEL*:           000007H   BYTE   UNIT     DATA           ?DT?_SETRTCTIME?HMI_DRIVER
   *DEL*:           00000BH   BYTE   UNIT     CODE           ?PR?READRTCTIME?HMI_DRIVER
   *DEL*:           00001FH   BYTE   UNIT     CODE           ?PR?LOCKSYSCONFIG?HMI_DRIVER
   *DEL*:           00001FH   BYTE   UNIT     CODE           ?PR?UNLOCKSYSCONFIG?HMI_DRIVER
   *DEL*:           000021H   BYTE   UNIT     CODE           ?PR?_SETSCREEN?HMI_DRIVER
   *DEL*:           000002H   BYTE   UNIT     DATA           ?DT?_SETSCREEN?HMI_DRIVER
   *DEL*:           000013H   BYTE   UNIT     CODE           ?PR?_SETSCREENUPDATE?HMI_DRIVER
   *DEL*:           000001H   BYTE   UNIT     DATA           ?DT?_SETSCREENUPDATE?HMI_DRIVER
   *DEL*:           00005FH   BYTE   UNIT     CODE           ?PR?_SETSLIDERVALUE?HMI_DRIVER
   *DEL*:           000008H   BYTE   UNIT     DATA           ?DT?_SETSLIDERVALUE?HMI_DRIVER
   *DEL*:           000032H   BYTE   UNIT     CODE           ?PR?_ANIMATIONPAUSE?HMI_DRIVER
   *DEL*:           000004H   BYTE   UNIT     DATA           ?DT?_ANIMATIONPAUSE?HMI_DRIVER
   *DEL*:           000032H   BYTE   UNIT     CODE           ?PR?_ANIMATIONPLAYPREV?HMI_DRIVER
   *DEL*:           000004H   BYTE   UNIT     DATA           ?DT?_ANIMATIONPLAYPREV?HMI_DRIVER
   *DEL*:           000032H   BYTE   UNIT     CODE           ?PR?_ANIMATIONPLAYNEXT?HMI_DRIVER
   *DEL*:           000004H   BYTE   UNIT     DATA           ?DT?_ANIMATIONPLAYNEXT?HMI_DRIVER
   *DEL*:           00003AH   BYTE   UNIT     CODE           ?PR?_GRAPHCHANNELDEL?HMI_DRIVER
   *DEL*:           000005H   BYTE   UNIT     DATA           ?DT?_GRAPHCHANNELDEL?HMI_DRIVER
   *DEL*:           000054H   BYTE   UNIT     CODE           ?PR?_GRAPHCHANNELDATAADD?HMI_DRIVER
   *DEL*:           00000AH   BYTE   UNIT     DATA           ?DT?_GRAPHCHANNELDATAADD?HMI_DRIVER
   *DEL*:           00003AH   BYTE   UNIT     CODE           ?PR?_GRAPHCHANNELDATACLEAR?HMI_DRIVER
   *DEL*:           000005H   BYTE   UNIT     DATA           ?DT?_GRAPHCHANNELDATACLEAR?HMI_DRIVER
   *DEL*:           000072H   BYTE   UNIT     CODE           ?PR?_GRAPHSETVIEWPORT?HMI_DRIVER
   *DEL*:           00000CH   BYTE   UNIT     DATA           ?DT?_GRAPHSETVIEWPORT?HMI_DRIVER
   *DEL*:           000005H   BYTE   UNIT     CODE           ?PR?_ONRECVCHANGESCREEN?MAIN
   *DEL*:           000002H   BYTE   UNIT     DATA           ?DT?_ONRECVCHANGESCREEN?MAIN
   *DEL*:           000006H   BYTE   UNIT     CODE           ?PR?_CLEANSCREEN?ULITITY



OVERLAY MAP OF MODULE:   51demo_forbasic (CMD_QUEUE)


FUNCTION/MODULE                               BIT_GROUP   DATA_GROUP   IDATA_GROUP
--> CALLED FUNCTION/MODULE                   START  STOP  START  STOP  START  STOP
==================================================================================
?C_C51STARTUP                                ----- -----  ----- -----  ----- -----
  +--> ?PR?MAIN?MAIN
  +--> ?C_INITSEG

MAIN/MAIN                                    ----- -----  0037H 0039H  0096H 009BH
  +--> ?PR?SYSTICKET_INIT?ULITITY
  +--> ?PR?UARTINIT?HMI_USER_UART
  +--> ?PR?QUEUE_RESET?CMD_QUEUE
  +--> ?PR?_DELAY_MS?ULITITY
  +--> ?PR?INIUSERCTR?ULITITY
LX51 LINKER/LOCATER V4.05                                                             12/27/2013  09:38:01  PAGE 5


  +--> ?PR?MAIN
  +--> ?PR?UPDATE?ULITITY
  +--> ?PR?_QUEUE_FIND_CMD?CMD_QUEUE
  +--> ?PR?_ONRECVTOUCHXY?MAIN
  +--> ?PR?_ONRECCURRENTSCREEN?MAIN
  +--> ?PR?_ONRECVBUTTON?MAIN
  +--> ?PR?_ONRECVTEXT?MAIN
  +--> ?PR?_ONRECVPROGRESS?MAIN
  +--> ?PR?_ONRECVSLIDER?MAIN
  +--> ?PR?_ONRECVMETER?MAIN
  +--> ?PR?_ONRECVANIMATION?MAIN

SYSTICKET_INIT/ULITITY                       ----- -----  ----- -----  ----- -----

UARTINIT/HMI_USER_UART                       ----- -----  ----- -----  ----- -----

QUEUE_RESET/CMD_QUEUE                        ----- -----  ----- -----  ----- -----

_DELAY_MS/ULITITY                            ----- -----  003AH 0041H  ----- -----

INIUSERCTR/ULITITY                           ----- -----  ----- -----  ----- -----
  +--> ?CO?ULITITY
  +--> ?PR?ULITITY
  +--> ?PR?_SETTEXTVALUE?HMI_DRIVER
  +--> ?PR?_SETBUTTONVALUE?HMI_DRIVER
  +--> ?PR?_ANIMATIONPLAYFRAME?HMI_DRIVER

?CO?ULITITY                                  ----- -----  ----- -----  ----- -----

ULITITY                                      ----- -----  ----- -----  ----- -----

_SETTEXTVALUE/HMI_DRIVER                     ----- -----  005CH 0062H  ----- -----
  +--> ?PR?SENDBEGINCMD?HMI_DRIVER
  +--> ?PR?_SENDCHAR?HMI_USER_UART
  +--> ?PR?_SENDSTRINGS?HMI_USER_UART
  +--> ?PR?SENDENDCMD?HMI_DRIVER

SENDBEGINCMD/HMI_DRIVER                      ----- -----  ----- -----  ----- -----
  +--> ?PR?_SENDCHAR?HMI_USER_UART

_SENDCHAR/HMI_USER_UART                      ----- -----  ----- -----  ----- -----

_SENDSTRINGS/HMI_USER_UART                   ----- -----  ----- -----  ----- -----
  +--> ?PR?_SENDCHAR?HMI_USER_UART

SENDENDCMD/HMI_DRIVER                        ----- -----  ----- -----  ----- -----
  +--> ?PR?_SENDCHAR?HMI_USER_UART

_SETBUTTONVALUE/HMI_DRIVER                   ----- -----  0041H 0045H  ----- -----
  +--> ?PR?SENDBEGINCMD?HMI_DRIVER
  +--> ?PR?_SENDCHAR?HMI_USER_UART
  +--> ?PR?SENDENDCMD?HMI_DRIVER

_ANIMATIONPLAYFRAME/HMI_DRIVER               ----- -----  0041H 0045H  ----- -----
  +--> ?PR?SENDBEGINCMD?HMI_DRIVER
  +--> ?PR?_SENDCHAR?HMI_USER_UART
  +--> ?PR?SENDENDCMD?HMI_DRIVER

MAIN                                         ----- -----  ----- -----  ----- -----

UPDATE/ULITITY                               ----- -----  003AH 0043H  ----- -----
  +--> ?PR?ULITITY
  +--> ?PR?GETSCREEN?HMI_DRIVER
  +--> ?PR?_SETTEXTVALUE?HMI_DRIVER
  +--> ?CO?ULITITY
LX51 LINKER/LOCATER V4.05                                                             12/27/2013  09:38:01  PAGE 6


  +--> ?PR?_GRAPHCHANNELDATAINSERT?HMI_DRIVER
  +--> ?PR?_SETMETERVALUE?HMI_DRIVER
  +--> ?PR?_SETPROGRESSVALUE?HMI_DRIVER

GETSCREEN/HMI_DRIVER                         ----- -----  ----- -----  ----- -----
  +--> ?PR?SENDBEGINCMD?HMI_DRIVER
  +--> ?PR?_SENDCHAR?HMI_USER_UART
  +--> ?PR?SENDENDCMD?HMI_DRIVER

_GRAPHCHANNELDATAINSERT/HMI_DRIVER           ----- -----  0044H 004DH  ----- -----
  +--> ?PR?SENDBEGINCMD?HMI_DRIVER
  +--> ?PR?_SENDCHAR?HMI_USER_UART
  +--> ?PR?_SENDNU8?HMI_DRIVER
  +--> ?PR?SENDENDCMD?HMI_DRIVER

_SENDNU8/HMI_DRIVER                          ----- -----  004EH 0054H  ----- -----
  +--> ?PR?_SENDCHAR?HMI_USER_UART

_SETMETERVALUE/HMI_DRIVER                    ----- -----  0044H 004BH  ----- -----
  +--> ?PR?SENDBEGINCMD?HMI_DRIVER
  +--> ?PR?_SENDCHAR?HMI_USER_UART
  +--> ?PR?HMI_DRIVER
  +--> ?PR?SENDENDCMD?HMI_DRIVER

HMI_DRIVER                                   ----- -----  ----- -----  ----- -----

_SETPROGRESSVALUE/HMI_DRIVER                 ----- -----  0044H 004BH  ----- -----
  +--> ?PR?SENDBEGINCMD?HMI_DRIVER
  +--> ?PR?_SENDCHAR?HMI_USER_UART
  +--> ?PR?HMI_DRIVER
  +--> ?PR?SENDENDCMD?HMI_DRIVER

_QUEUE_FIND_CMD/CMD_QUEUE                    ----- -----  003AH 0041H  ----- -----
  +--> ?PR?QUEUE_SIZE?CMD_QUEUE
  +--> ?PR?_QUEUE_POP?CMD_QUEUE

QUEUE_SIZE/CMD_QUEUE                         ----- -----  ----- -----  ----- -----
  +--> ?PR?CMD_QUEUE

CMD_QUEUE                                    ----- -----  ----- -----  ----- -----

_QUEUE_POP/CMD_QUEUE                         ----- -----  ----- -----  ----- -----
  +--> ?PR?CMD_QUEUE

_ONRECVTOUCHXY/MAIN                          ----- -----  003AH 003EH  ----- -----

_ONRECCURRENTSCREEN/MAIN                     ----- -----  003AH 003EH  ----- -----
  +--> ?PR?MAIN

_ONRECVBUTTON/MAIN                           ----- -----  003AH 0040H  ----- -----
  +--> ?PR?MAIN
  +--> ?PR?_GETCONTROLVALUE?HMI_DRIVER
  +--> ?PR?_GRAPHCHANNELADD?HMI_DRIVER
  +--> ?PR?_ANIMATIONSTART?HMI_DRIVER
  +--> ?PR?_ANIMATIONPLAYFRAME?HMI_DRIVER
  +--> ?PR?_ANIMATIONSTOP?HMI_DRIVER
  +--> ?PR?_SETBUTTONVALUE?HMI_DRIVER
  +--> ?PR?_SHOWCONTROL?HMI_DRIVER

_GETCONTROLVALUE/HMI_DRIVER                  ----- -----  0041H 0044H  ----- -----
  +--> ?PR?SENDBEGINCMD?HMI_DRIVER
  +--> ?PR?_SENDCHAR?HMI_USER_UART
  +--> ?PR?SENDENDCMD?HMI_DRIVER

_GRAPHCHANNELADD/HMI_DRIVER                  ----- -----  0041H 0047H  ----- -----
LX51 LINKER/LOCATER V4.05                                                             12/27/2013  09:38:01  PAGE 7


  +--> ?PR?SENDBEGINCMD?HMI_DRIVER
  +--> ?PR?_SENDCHAR?HMI_USER_UART
  +--> ?PR?SENDENDCMD?HMI_DRIVER

_ANIMATIONSTART/HMI_DRIVER                   ----- -----  0041H 0044H  ----- -----
  +--> ?PR?SENDBEGINCMD?HMI_DRIVER
  +--> ?PR?_SENDCHAR?HMI_USER_UART
  +--> ?PR?SENDENDCMD?HMI_DRIVER

_ANIMATIONSTOP/HMI_DRIVER                    ----- -----  0041H 0044H  ----- -----
  +--> ?PR?SENDBEGINCMD?HMI_DRIVER
  +--> ?PR?_SENDCHAR?HMI_USER_UART
  +--> ?PR?SENDENDCMD?HMI_DRIVER

_SHOWCONTROL/HMI_DRIVER                      ----- -----  0041H 0045H  ----- -----
  +--> ?PR?SENDBEGINCMD?HMI_DRIVER
  +--> ?PR?_SENDCHAR?HMI_USER_UART
  +--> ?PR?SENDENDCMD?HMI_DRIVER

_ONRECVTEXT/MAIN                             ----- -----  003AH 005BH  ----- -----
  +--> ?PR?MAIN
  +--> ?PR?_SETTEXTVALUE?HMI_DRIVER

_ONRECVPROGRESS/MAIN                         ----- -----  003AH 0040H  ----- -----
  +--> ?PR?MAIN

_ONRECVSLIDER/MAIN                           ----- -----  003AH 0040H  ----- -----
  +--> ?PR?MAIN
  +--> ?PR?_SETBACKLIGHT?HMI_DRIVER

_SETBACKLIGHT/HMI_DRIVER                     ----- -----  0041H 0041H  ----- -----
  +--> ?PR?SENDBEGINCMD?HMI_DRIVER
  +--> ?PR?_SENDCHAR?HMI_USER_UART
  +--> ?PR?SENDENDCMD?HMI_DRIVER

_ONRECVMETER/MAIN                            ----- -----  003AH 0044H  ----- -----
  +--> ?PR?MAIN

_ONRECVANIMATION/MAIN                        ----- -----  003AH 0044H  ----- -----
  +--> ?PR?MAIN

?C_INITSEG                                   ----- -----  ----- -----  ----- -----

*** NEW ROOT *******************************

TIMER0/ULITITY                               ----- -----  ----- -----  ----- -----

*** NEW ROOT *******************************

SERIAL/ULITITY                               ----- -----  ----- -----  ----- -----
  +--> ?PR?_QUEUE_PUSH?CMD_QUEUE

_QUEUE_PUSH/CMD_QUEUE                        ----- -----  ----- -----  ----- -----
  +--> ?PR?CMD_QUEUE



PUBLIC SYMBOLS OF MODULE:  51demo_forbasic (CMD_QUEUE)


      VALUE       CLASS    TYPE      PUBLIC SYMBOL NAME
      =================================================
*DEL*:00000000H   DATA     BYTE      ?_DisArea_Image?BYTE
*DEL*:00000000H   DATA     BYTE      ?_DisCursor?BYTE
*DEL*:00000000H   DATA     BYTE      ?_DisCut_Image?BYTE
LX51 LINKER/LOCATER V4.05                                                             12/27/2013  09:38:01  PAGE 8


*DEL*:00000000H   DATA     BYTE      ?_DisFlashImage?BYTE
*DEL*:00000000H   DATA     BYTE      ?_DisText?BYTE
      00000041H   DATA     BYTE      ?_GraphChannelAdd?BYTE
*DEL*:00000000H   DATA     BYTE      ?_GraphChannelDataAdd?BYTE
      00000044H   DATA     BYTE      ?_GraphChannelDataInsert?BYTE
*DEL*:00000000H   DATA     BYTE      ?_GraphSetViewport?BYTE
*DEL*:00000000H   DATA     BYTE      ?_GUI_Arc?BYTE
*DEL*:00000000H   DATA     BYTE      ?_GUI_BcolorConOffsetDots?BYTE
*DEL*:00000000H   DATA     BYTE      ?_GUI_ConSpaceDots?BYTE
*DEL*:00000000H   DATA     BYTE      ?_GUI_DispRTC?BYTE
*DEL*:00000000H   DATA     BYTE      ?_GUI_Ellipse?BYTE
*DEL*:00000000H   DATA     BYTE      ?_GUI_EllipseFill?BYTE
*DEL*:00000000H   DATA     BYTE      ?_GUI_FcolorConOffsetDots?BYTE
*DEL*:00000000H   DATA     BYTE      ?_GUI_Line?BYTE
*DEL*:00000000H   DATA     BYTE      ?_GUI_Rectangle?BYTE
*DEL*:00000000H   DATA     BYTE      ?_GUI_RectangleFill?BYTE
*DEL*:00000000H   DATA     BYTE      ?_ReadAddrdData?BYTE
      00000044H   DATA     BYTE      ?_SetMeterValue?BYTE
*DEL*:00000000H   DATA     BYTE      ?_SetPowerSaving?BYTE
      00000044H   DATA     BYTE      ?_SetProgressValue?BYTE
*DEL*:00000000H   DATA     BYTE      ?_SetRTCTime?BYTE
*DEL*:00000000H   DATA     BYTE      ?_SetSliderValue?BYTE
*DEL*:00000000H   DATA     BYTE      ?_WriteAddrdData?BYTE
      0100003FH   CODE     ---       ?C?CLDOPTR
      01000026H   CODE     ---       ?C?CLDPTR
      00000000H   NUMBER   ---       ?C?CODESEG
      0100007EH   CODE     ---       ?C?CSTOPTR
      0100006CH   CODE     ---       ?C?CSTPTR
      01000107H   CODE     ---       ?C?ILDOPTR
      010000A0H   CODE     ---       ?C?IMUL
      010000B2H   CODE     ---       ?C?UIDIV
      0100020DH   CODE     ---       ?C?ULCMP
      0100017BH   CODE     ---       ?C?ULDIV
      0100021EH   CODE     ---       ?C?ULSHR
      00000000H   NUMBER   ---       ?C?XDATASEG
      01000903H   CODE     ---       ?C_START
      01000000H   CODE     NEAR LAB  ?C_STARTUP
*DEL*:00000000H   CODE     ---       _AnimationPause
      01000E4BH   CODE     ---       _AnimationPlayFrame
*DEL*:00000000H   CODE     ---       _AnimationPlayNext
*DEL*:00000000H   CODE     ---       _AnimationPlayPrev
      01000EEFH   CODE     ---       _AnimationStart
      01000F21H   CODE     ---       _AnimationStop
*DEL*:00000000H   CODE     ---       _AutoClearLayer_en
*DEL*:00000000H   CODE     ---       _CleanScreen
*DEL*:00000000H   CODE     ---       _ClearLayer
*DEL*:00000000H   CODE     ---       _CopyLayer
      01000C7DH   CODE     ---       _delay_ms
*DEL*:00000000H   CODE     ---       _DisArea_Image
*DEL*:00000000H   CODE     ---       _DisCursor
*DEL*:00000000H   CODE     ---       _DisCut_Image
*DEL*:00000000H   CODE     ---       _DisFlashImage
*DEL*:00000000H   CODE     ---       _DisFull_Image
*DEL*:00000000H   CODE     ---       _DisplayPrintscreen_In_Flash
*DEL*:00000000H   CODE     ---       _DisplyLayer
*DEL*:00000000H   CODE     ---       _DisText
      01000EBDH   CODE     ---       _GetControlValue
      01000CCDH   CODE     ---       _GraphChannelAdd
*DEL*:00000000H   CODE     ---       _GraphChannelDataAdd
*DEL*:00000000H   CODE     ---       _GraphChannelDataClear
      01000C29H   CODE     ---       _GraphChannelDataInsert
*DEL*:00000000H   CODE     ---       _GraphChannelDel
*DEL*:00000000H   CODE     ---       _GraphSetViewport
*DEL*:00000000H   CODE     ---       _GUI_Arc
*DEL*:00000000H   CODE     ---       _GUI_BcolorConDots
LX51 LINKER/LOCATER V4.05                                                             12/27/2013  09:38:01  PAGE 9


*DEL*:00000000H   CODE     ---       _GUI_BcolorConOffsetDots
*DEL*:00000000H   CODE     ---       _GUI_BcolorDot
*DEL*:00000000H   CODE     ---       _GUI_Circle
*DEL*:00000000H   CODE     ---       _GUI_CircleFill
*DEL*:00000000H   CODE     ---       _GUI_ConSpaceDots
*DEL*:00000000H   CODE     ---       _GUI_DispRTC
*DEL*:00000000H   CODE     ---       _GUI_Ellipse
*DEL*:00000000H   CODE     ---       _GUI_EllipseFill
*DEL*:00000000H   CODE     ---       _GUI_FcolorConDots
*DEL*:00000000H   CODE     ---       _GUI_FcolorConOffsetDots
*DEL*:00000000H   CODE     ---       _GUI_FcolorDot
*DEL*:00000000H   CODE     ---       _GUI_Line
*DEL*:00000000H   CODE     ---       _GUI_Rectangle
*DEL*:00000000H   CODE     ---       _GUI_RectangleFill
      01000FEDH   CODE     ---       _OnRecCurrentScreen
      01000B0BH   CODE     ---       _OnRecvAnimation
      0100049DH   CODE     ---       _OnRecvButton
*DEL*:00000000H   CODE     ---       _OnRecvChangeScreen
      01000AABH   CODE     ---       _OnRecvMeter
      01000A45H   CODE     ---       _OnRecvProgress
      010009C8H   CODE     ---       _OnRecvSlider
      0100059FH   CODE     ---       _OnRecvText
      010010A9H   CODE     ---       _OnRecvTouchXY
      01000773H   CODE     ---       _queue_find_cmd
      01000FCAH   CODE     ---       _queue_push
*DEL*:00000000H   CODE     ---       _ReadAddrdData
*DEL*:00000000H   CODE     ---       _SavePrintscreen_Into_Flash
      010010B4H   CODE     ---       _SendChar
*DEL*:00000000H   CODE     ---       _SendNU16
      01000E85H   CODE     ---       _SendNU8
      01001068H   CODE     ---       _SendStrings
      01001055H   CODE     ---       _SetBackLight
*DEL*:00000000H   CODE     ---       _SetBcolor
      01000E11H   CODE     ---       _SetButtonValue
*DEL*:00000000H   CODE     ---       _SetBuzzer
*DEL*:00000000H   CODE     ---       _SetCommBps
*DEL*:00000000H   CODE     ---       _SetFcolor
*DEL*:00000000H   CODE     ---       _SetFilterColor
*DEL*:00000000H   CODE     ---       _SetFont_Region
*DEL*:00000000H   CODE     ---       _SetMatrixKB
      01000BCAH   CODE     ---       _SetMeterValue
*DEL*:00000000H   CODE     ---       _SetPowerSaving
      01000B6BH   CODE     ---       _SetProgressValue
*DEL*:00000000H   CODE     ---       _SetRTCTime
*DEL*:00000000H   CODE     ---       _SetScreen
*DEL*:00000000H   CODE     ---       _SetScreenUpdate
*DEL*:00000000H   CODE     ---       _SetSliderValue
*DEL*:00000000H   CODE     ---       _SetTextSpace
      01000D56H   CODE     ---       _SetTextValue
*DEL*:00000000H   CODE     ---       _SetTouchScreen
      01000DD7H   CODE     ---       _ShowControl
*DEL*:00000000H   CODE     ---       _WriteAddrdData
*DEL*:00000000H   CODE     ---       _WriteLayer
*SFR* 000000D0H.6 DATA     BIT       AC
*SFR* 000000E0H   DATA     BYTE      ACC
*SFR* 000000F0H   DATA     BYTE      B
      00000066H   IDATA    ---       cmd_buffer
      00000092H   IDATA    WORD      control_id
      0000008EH   IDATA    WORD      current_screen_id
*SFR* 000000D0H.7 DATA     BIT       CY
*SFR* 00000083H   DATA     BYTE      DPH
*SFR* 00000082H   DATA     BYTE      DPL
*SFR* 000000A8H.7 DATA     BIT       EA
*SFR* 000000A8H.4 DATA     BIT       ES
*SFR* 000000A8H.1 DATA     BIT       ET0
LX51 LINKER/LOCATER V4.05                                                             12/27/2013  09:38:01  PAGE 10


*SFR* 000000A8H.3 DATA     BIT       ET1
*SFR* 000000A8H   DATA     BIT       EX0
*SFR* 000000A8H.2 DATA     BIT       EX1
*SFR* 000000D0H.5 DATA     BIT       F0
*DEL*:00000000H   CODE     ---       Get_Revision
      0100108BH   CODE     ---       GetScreen
*DEL*:00000000H   CODE     ---       GUI_CleanScreen
      00000063H   DATA     BYTE      ICON_fans_status
      00000065H   DATA     BYTE      ICON_run_status
      00000064H   DATA     BYTE      ICON_wind_status
*SFR* 000000A8H   DATA     BYTE      IE
*SFR* 00000088H.1 DATA     BIT       IE0
*SFR* 00000088H.3 DATA     BIT       IE1
      01000948H   CODE     ---       iniuserctr
*SFR* 000000B0H.2 DATA     BIT       INT0
*SFR* 000000B0H.3 DATA     BIT       INT1
*SFR* 000000B8H   DATA     BYTE      IP
*SFR* 00000088H   DATA     BIT       IT0
*SFR* 00000088H.2 DATA     BIT       IT1
*DEL*:00000000H   CODE     ---       Locksysconfig
      01000368H   CODE     ---       main
*SFR* 000000D0H.2 DATA     BIT       OV
*SFR* 000000D0H   DATA     BIT       P
*SFR* 00000080H   DATA     BYTE      P0
*SFR* 00000090H   DATA     BYTE      P1
*SFR* 000000A0H   DATA     BYTE      P2
*SFR* 000000B0H   DATA     BYTE      P3
*SFR* 00000087H   DATA     BYTE      PCON
*SFR* 000000A0H   DATA     BYTE      PPAGE_SFR
*SFR* 000000B8H.4 DATA     BIT       PS
*SFR* 000000D0H   DATA     BYTE      PSW
*SFR* 000000B8H.1 DATA     BIT       PT0
*SFR* 000000B8H.3 DATA     BIT       PT1
*SFR* 000000B8H   DATA     BIT       PX0
*SFR* 000000B8H.2 DATA     BIT       PX1
      0100107BH   CODE     ---       queue_reset
*SFR* 00000098H.2 DATA     BIT       RB8
*SFR* 000000B0H.7 DATA     BIT       RD
*DEL*:00000000H   CODE     ---       ReadRTCTime
*SFR* 00000098H.4 DATA     BIT       REN
*SFR* 00000098H   DATA     BIT       RI
*SFR* 000000D0H.3 DATA     BIT       RS0
*SFR* 000000D0H.4 DATA     BIT       RS1
*SFR* 000000B0H   DATA     BIT       RXD
*SFR* 00000099H   DATA     BYTE      SBUF
*SFR* 00000098H   DATA     BYTE      SCON
      00000090H   IDATA    WORD      screen_id
      010010BCH   CODE     ---       SendBeginCMD
      01001041H   CODE     ---       SendEndCmd
      01000D14H   CODE     ---       serial
*DEL*:00000000H   CODE     ---       SetDeviceReset
*DEL*:00000000H   CODE     ---       SetHandShake
*DEL*:00000000H   CODE     ---       setHandShake_1
*DEL*:00000000H   CODE     ---       SetTouchScreen_Adj
      01000248H   CODE     ---       sine1
      010002D8H   CODE     ---       sine2
*SFR* 00000098H.7 DATA     BIT       SM0
*SFR* 00000098H.6 DATA     BIT       SM1
*SFR* 00000098H.5 DATA     BIT       SM2
*SFR* 00000081H   DATA     BYTE      SP
      0100109BH   CODE     ---       systicket_init
*SFR* 000000B0H.4 DATA     BIT       T0
*SFR* 000000B0H.5 DATA     BIT       T1
*SFR* 00000098H.3 DATA     BIT       TB8
*SFR* 00000088H   DATA     BYTE      TCON
LX51 LINKER/LOCATER V4.05                                                             12/27/2013  09:38:01  PAGE 11


*DEL*:00000000H   CODE     ---       TestTouchScreen
*SFR* 00000088H.5 DATA     BIT       TF0
*SFR* 00000088H.7 DATA     BIT       TF1
*SFR* 0000008CH   DATA     BYTE      TH0
*SFR* 0000008DH   DATA     BYTE      TH1
*SFR* 00000098H.1 DATA     BIT       TI
      0100100CH   CODE     ---       timer0
      00000094H   IDATA    WORD      timer_tick_count
*SFR* 0000008AH   DATA     BYTE      TL0
*SFR* 0000008BH   DATA     BYTE      TL1
*SFR* 00000089H   DATA     BYTE      TMOD
*SFR* 00000088H.4 DATA     BIT       TR0
*SFR* 00000088H.6 DATA     BIT       TR1
*SFR* 000000B0H.1 DATA     BIT       TXD
      0100000EH   CODE     ---       UartInit
*DEL*:00000000H   CODE     ---       Unlocksysconfig
      0100069BH   CODE     ---       UpDate
*SFR* 000000B0H.6 DATA     BIT       WR



SYMBOL TABLE OF MODULE:  51demo_forbasic (CMD_QUEUE)

      VALUE       REP       CLASS    TYPE      SYMBOL NAME
      ====================================================
      ---         MODULE    ---      ---       CMD_QUEUE
      01000773H   PUBLIC    CODE     ---       _queue_find_cmd
      01000FCAH   PUBLIC    CODE     ---       _queue_push
      0100107BH   PUBLIC    CODE     ---       queue_reset
      00000080H   SFRSYM    DATA     BYTE      P0
      00000090H   SFRSYM    DATA     BYTE      P1
      000000A0H   SFRSYM    DATA     BYTE      P2
      000000B0H   SFRSYM    DATA     BYTE      P3
      000000B0H.4 SFRSYM    DATA     BIT       T0
      000000D0H.6 SFRSYM    DATA     BIT       AC
      000000B0H.5 SFRSYM    DATA     BIT       T1
      000000A8H.7 SFRSYM    DATA     BIT       EA
      000000A8H   SFRSYM    DATA     BYTE      IE
      000000B0H.7 SFRSYM    DATA     BIT       RD
      000000A8H.4 SFRSYM    DATA     BIT       ES
      000000B8H   SFRSYM    DATA     BYTE      IP
      00000098H   SFRSYM    DATA     BIT       RI
      000000B0H.2 SFRSYM    DATA     BIT       INT0
      000000D0H.7 SFRSYM    DATA     BIT       CY
      00000098H.1 SFRSYM    DATA     BIT       TI
      000000B0H.3 SFRSYM    DATA     BIT       INT1
      000000B8H.4 SFRSYM    DATA     BIT       PS
      00000081H   SFRSYM    DATA     BYTE      SP
      000000D0H.2 SFRSYM    DATA     BIT       OV
      000000B0H.6 SFRSYM    DATA     BIT       WR
      00000099H   SFRSYM    DATA     BYTE      SBUF
      00000087H   SFRSYM    DATA     BYTE      PCON
      00000098H   SFRSYM    DATA     BYTE      SCON
      00000089H   SFRSYM    DATA     BYTE      TMOD
      00000088H   SFRSYM    DATA     BYTE      TCON
      00000088H.1 SFRSYM    DATA     BIT       IE0
      00000088H.3 SFRSYM    DATA     BIT       IE1
      000000F0H   SFRSYM    DATA     BYTE      B
      000000E0H   SFRSYM    DATA     BYTE      ACC
      000000A8H.1 SFRSYM    DATA     BIT       ET0
      000000A8H.3 SFRSYM    DATA     BIT       ET1
      00000088H.5 SFRSYM    DATA     BIT       TF0
      00000088H.7 SFRSYM    DATA     BIT       TF1
      00000098H.2 SFRSYM    DATA     BIT       RB8
      0000008CH   SFRSYM    DATA     BYTE      TH0
LX51 LINKER/LOCATER V4.05                                                             12/27/2013  09:38:01  PAGE 12


      000000A8H   SFRSYM    DATA     BIT       EX0
      00000088H   SFRSYM    DATA     BIT       IT0
      0000008DH   SFRSYM    DATA     BYTE      TH1
      00000098H.3 SFRSYM    DATA     BIT       TB8
      000000A8H.2 SFRSYM    DATA     BIT       EX1
      00000088H.2 SFRSYM    DATA     BIT       IT1
      000000D0H   SFRSYM    DATA     BIT       P
      00000098H.7 SFRSYM    DATA     BIT       SM0
      0000008AH   SFRSYM    DATA     BYTE      TL0
      00000098H.6 SFRSYM    DATA     BIT       SM1
      0000008BH   SFRSYM    DATA     BYTE      TL1
      00000098H.5 SFRSYM    DATA     BIT       SM2
      000000B8H.1 SFRSYM    DATA     BIT       PT0
      000000B8H.3 SFRSYM    DATA     BIT       PT1
      000000D0H.3 SFRSYM    DATA     BIT       RS0
      00000088H.4 SFRSYM    DATA     BIT       TR0
      000000D0H.4 SFRSYM    DATA     BIT       RS1
      00000088H.6 SFRSYM    DATA     BIT       TR1
      000000B8H   SFRSYM    DATA     BIT       PX0
      000000B8H.2 SFRSYM    DATA     BIT       PX1
      00000083H   SFRSYM    DATA     BYTE      DPH
      00000082H   SFRSYM    DATA     BYTE      DPL
      00000098H.4 SFRSYM    DATA     BIT       REN
      000000B0H   SFRSYM    DATA     BIT       RXD
      000000B0H.1 SFRSYM    DATA     BIT       TXD
      000000D0H.5 SFRSYM    DATA     BIT       F0
      000000D0H   SFRSYM    DATA     BYTE      PSW
      01000FA5H   SYMBOL    CODE     ---       _queue_pop
      00000008H   SYMBOL    DATA     BYTE      cmd_state
      0100102AH   SYMBOL    CODE     ---       queue_size
      00000009H   SYMBOL    DATA     ---       que
      00000035H   SYMBOL    DATA     WORD      cmd_pos

      01000003H   BLOCK     CODE     ---       LVL=0
      ---         BLOCKEND  ---      ---       LVL=0

      0100107BH   BLOCK     CODE     ---       LVL=0
      0100107BH   LINE      CODE     ---       #31
      0100107BH   LINE      CODE     ---       #32
      0100107BH   LINE      CODE     ---       #33
      01001084H   LINE      CODE     ---       #34
      0100108AH   LINE      CODE     ---       #35
      ---         BLOCKEND  ---      ---       LVL=0

      01000FCAH   BLOCK     CODE     ---       LVL=0
      00000003H   SYMBOL    DATA     BYTE      _data
      01000FCCH   BLOCK     CODE     NEAR LAB  LVL=1
      00000004H   SYMBOL    DATA     WORD      pos
      ---         BLOCKEND  ---      ---       LVL=1
      01000FCAH   LINE      CODE     ---       #43
      01000FCCH   LINE      CODE     ---       #44
      01000FCCH   LINE      CODE     ---       #45
      01000FD7H   LINE      CODE     ---       #46
      01000FE1H   LINE      CODE     ---       #47
      01000FE1H   LINE      CODE     ---       #48
      01000FE8H   LINE      CODE     ---       #49
      01000FECH   LINE      CODE     ---       #50
      01000FECH   LINE      CODE     ---       #51
      ---         BLOCKEND  ---      ---       LVL=0

      01000FA5H   BLOCK     CODE     ---       LVL=0
      00000001H   SYMBOL    DATA     ---       _data
      01000FA5H   LINE      CODE     ---       #58
      01000FA5H   LINE      CODE     ---       #59
      01000FA5H   LINE      CODE     ---       #60
LX51 LINKER/LOCATER V4.05                                                             12/27/2013  09:38:01  PAGE 13


      01000FB1H   LINE      CODE     ---       #61
      01000FB1H   LINE      CODE     ---       #62
      01000FBAH   LINE      CODE     ---       #63
      01000FC9H   LINE      CODE     ---       #64
      01000FC9H   LINE      CODE     ---       #65
      ---         BLOCKEND  ---      ---       LVL=0

      0100102AH   BLOCK     CODE     ---       LVL=0
      0100102AH   LINE      CODE     ---       #72
      0100102AH   LINE      CODE     ---       #73
      0100102AH   LINE      CODE     ---       #74
      01001040H   LINE      CODE     ---       #75
      ---         BLOCKEND  ---      ---       LVL=0

      01000773H   BLOCK     CODE     ---       LVL=0
      0000003AH   SYMBOL    DATA     ---       buffer
      0000003DH   SYMBOL    DATA     WORD      buf_len
      0100077DH   BLOCK     CODE     NEAR LAB  LVL=1
      0000003FH   SYMBOL    DATA     WORD      cmd_size
      00000041H   SYMBOL    DATA     BYTE      _data
      ---         BLOCKEND  ---      ---       LVL=1
      01000773H   LINE      CODE     ---       #84
      0100077DH   LINE      CODE     ---       #85
      0100077DH   LINE      CODE     ---       #86
      01000782H   LINE      CODE     ---       #87
      01000784H   LINE      CODE     ---       #88
      01000793H   LINE      CODE     ---       #89
      01000793H   LINE      CODE     ---       #91
      0100079CH   LINE      CODE     ---       #93
      010007A7H   LINE      CODE     ---       #94
      010007A7H   LINE      CODE     ---       #96
      010007B2H   LINE      CODE     ---       #97
      010007CCH   LINE      CODE     ---       #100
      010007D1H   LINE      CODE     ---       #101
      010007D1H   LINE      CODE     ---       #102
      010007DAH   LINE      CODE     ---       #103
      010007DAH   LINE      CODE     ---       #104
      010007DAH   LINE      CODE     ---       #105
      010007DDH   LINE      CODE     ---       #106
      010007DFH   LINE      CODE     ---       #107
      010007DFH   LINE      CODE     ---       #108
      010007E2H   LINE      CODE     ---       #109
      010007E4H   LINE      CODE     ---       #110
      010007E4H   LINE      CODE     ---       #111
      010007E7H   LINE      CODE     ---       #112
      010007E9H   LINE      CODE     ---       #113
      010007E9H   LINE      CODE     ---       #114
      010007E9H   LINE      CODE     ---       #115
      010007EEH   LINE      CODE     ---       #116
      010007EEH   LINE      CODE     ---       #117
      010007F8H   LINE      CODE     ---       #118
      010007F8H   LINE      CODE     ---       #119
      010007F8H   LINE      CODE     ---       #120
      010007F8H   LINE      CODE     ---       #121
      010007F8H   LINE      CODE     ---       #122
      010007FBH   LINE      CODE     ---       #124
      010007FDH   LINE      CODE     ---       #125
      010007FDH   LINE      CODE     ---       #128
      010007FDH   LINE      CODE     ---       #129
      010007FDH   LINE      CODE     ---       #131
      01000800H   LINE      CODE     ---       #134
      01000809H   LINE      CODE     ---       #135
      01000809H   LINE      CODE     ---       #136
      0100080FH   LINE      CODE     ---       #137
      01000811H   LINE      CODE     ---       #138
LX51 LINKER/LOCATER V4.05                                                             12/27/2013  09:38:01  PAGE 14


      01000815H   LINE      CODE     ---       #139
      0100081AH   LINE      CODE     ---       #140
      0100081AH   LINE      CODE     ---       #141
      0100081AH   LINE      CODE     ---       #143
      0100081DH   LINE      CODE     ---       #144
      ---         BLOCKEND  ---      ---       LVL=0

      ---         MODULE    ---      ---       HMI_DRIVER
      00000044H   PUBLIC    DATA     BYTE      ?_GraphChannelDataInsert?BYTE
      01000C29H   PUBLIC    CODE     ---       _GraphChannelDataInsert
      00000041H   PUBLIC    DATA     BYTE      ?_GraphChannelAdd?BYTE
      01000CCDH   PUBLIC    CODE     ---       _GraphChannelAdd
      01000E4BH   PUBLIC    CODE     ---       _AnimationPlayFrame
      01000F21H   PUBLIC    CODE     ---       _AnimationStop
      01000EEFH   PUBLIC    CODE     ---       _AnimationStart
      01000EBDH   PUBLIC    CODE     ---       _GetControlValue
      00000044H   PUBLIC    DATA     BYTE      ?_SetMeterValue?BYTE
      01000BCAH   PUBLIC    CODE     ---       _SetMeterValue
      00000044H   PUBLIC    DATA     BYTE      ?_SetProgressValue?BYTE
      01000B6BH   PUBLIC    CODE     ---       _SetProgressValue
      01000D56H   PUBLIC    CODE     ---       _SetTextValue
      01000E11H   PUBLIC    CODE     ---       _SetButtonValue
      01000DD7H   PUBLIC    CODE     ---       _ShowControl
      0100108BH   PUBLIC    CODE     ---       GetScreen
      01001055H   PUBLIC    CODE     ---       _SetBackLight
      01001041H   PUBLIC    CODE     ---       SendEndCmd
      010010BCH   PUBLIC    CODE     ---       SendBeginCMD
      01000E85H   PUBLIC    CODE     ---       _SendNU8
      00000080H   SFRSYM    DATA     BYTE      P0
      00000090H   SFRSYM    DATA     BYTE      P1
      000000A0H   SFRSYM    DATA     BYTE      P2
      000000B0H   SFRSYM    DATA     BYTE      P3
      000000B0H.4 SFRSYM    DATA     BIT       T0
      000000D0H.6 SFRSYM    DATA     BIT       AC
      000000B0H.5 SFRSYM    DATA     BIT       T1
      000000A8H.7 SFRSYM    DATA     BIT       EA
      000000A8H   SFRSYM    DATA     BYTE      IE
      000000B0H.7 SFRSYM    DATA     BIT       RD
      000000A8H.4 SFRSYM    DATA     BIT       ES
      000000B8H   SFRSYM    DATA     BYTE      IP
      00000098H   SFRSYM    DATA     BIT       RI
      000000B0H.2 SFRSYM    DATA     BIT       INT0
      000000D0H.7 SFRSYM    DATA     BIT       CY
      00000098H.1 SFRSYM    DATA     BIT       TI
      000000B0H.3 SFRSYM    DATA     BIT       INT1
      000000B8H.4 SFRSYM    DATA     BIT       PS
      00000081H   SFRSYM    DATA     BYTE      SP
      000000D0H.2 SFRSYM    DATA     BIT       OV
      000000B0H.6 SFRSYM    DATA     BIT       WR
      00000099H   SFRSYM    DATA     BYTE      SBUF
      00000087H   SFRSYM    DATA     BYTE      PCON
      00000098H   SFRSYM    DATA     BYTE      SCON
      00000089H   SFRSYM    DATA     BYTE      TMOD
      00000088H   SFRSYM    DATA     BYTE      TCON
      00000088H.1 SFRSYM    DATA     BIT       IE0
      00000088H.3 SFRSYM    DATA     BIT       IE1
      000000F0H   SFRSYM    DATA     BYTE      B
      000000E0H   SFRSYM    DATA     BYTE      ACC
      000000A8H.1 SFRSYM    DATA     BIT       ET0
      000000A8H.3 SFRSYM    DATA     BIT       ET1
      00000088H.5 SFRSYM    DATA     BIT       TF0
      00000088H.7 SFRSYM    DATA     BIT       TF1
      00000098H.2 SFRSYM    DATA     BIT       RB8
      0000008CH   SFRSYM    DATA     BYTE      TH0
      000000A8H   SFRSYM    DATA     BIT       EX0
LX51 LINKER/LOCATER V4.05                                                             12/27/2013  09:38:01  PAGE 15


      00000088H   SFRSYM    DATA     BIT       IT0
      0000008DH   SFRSYM    DATA     BYTE      TH1
      00000098H.3 SFRSYM    DATA     BIT       TB8
      000000A8H.2 SFRSYM    DATA     BIT       EX1
      00000088H.2 SFRSYM    DATA     BIT       IT1
      000000D0H   SFRSYM    DATA     BIT       P
      00000098H.7 SFRSYM    DATA     BIT       SM0
      0000008AH   SFRSYM    DATA     BYTE      TL0
      00000098H.6 SFRSYM    DATA     BIT       SM1
      0000008BH   SFRSYM    DATA     BYTE      TL1
      00000098H.5 SFRSYM    DATA     BIT       SM2
      000000B8H.1 SFRSYM    DATA     BIT       PT0
      000000B8H.3 SFRSYM    DATA     BIT       PT1
      000000D0H.3 SFRSYM    DATA     BIT       RS0
      00000088H.4 SFRSYM    DATA     BIT       TR0
      000000D0H.4 SFRSYM    DATA     BIT       RS1
      00000088H.6 SFRSYM    DATA     BIT       TR1
      000000B8H   SFRSYM    DATA     BIT       PX0
      000000B8H.2 SFRSYM    DATA     BIT       PX1
      00000083H   SFRSYM    DATA     BYTE      DPH
      00000082H   SFRSYM    DATA     BYTE      DPL
      00000098H.4 SFRSYM    DATA     BIT       REN
      000000B0H   SFRSYM    DATA     BIT       RXD
      000000B0H.1 SFRSYM    DATA     BIT       TXD
      000000D0H.5 SFRSYM    DATA     BIT       F0
      000000D0H   SFRSYM    DATA     BYTE      PSW

      01000F7DH   BLOCK     CODE     ---       LVL=0
      ---         BLOCKEND  ---      ---       LVL=0

      01000E85H   BLOCK     CODE     ---       LVL=0
      0000004EH   SYMBOL    DATA     ---       pData
      00000051H   SYMBOL    DATA     WORD      nDataLen
      01000E8FH   BLOCK     CODE     NEAR LAB  LVL=1
      00000053H   SYMBOL    DATA     WORD      i
      ---         BLOCKEND  ---      ---       LVL=1
      01000E85H   LINE      CODE     ---       #51
      01000E8FH   LINE      CODE     ---       #52
      01000E8FH   LINE      CODE     ---       #53
      01000E94H   LINE      CODE     ---       #54
      01000E9FH   LINE      CODE     ---       #55
      01000E9FH   LINE      CODE     ---       #56
      01000EB2H   LINE      CODE     ---       #57
      01000EBCH   LINE      CODE     ---       #58
      ---         BLOCKEND  ---      ---       LVL=0

      010010BCH   BLOCK     CODE     ---       LVL=0
      010010BCH   LINE      CODE     ---       #69
      010010BCH   LINE      CODE     ---       #70
      010010BCH   LINE      CODE     ---       #71
      ---         BLOCKEND  ---      ---       LVL=0

      01001041H   BLOCK     CODE     ---       LVL=0
      01001041H   LINE      CODE     ---       #74
      01001041H   LINE      CODE     ---       #75
      01001041H   LINE      CODE     ---       #76
      ---         BLOCKEND  ---      ---       LVL=0

      01001055H   BLOCK     CODE     ---       LVL=0
      00000041H   SYMBOL    DATA     BYTE      light_level
      01001055H   LINE      CODE     ---       #178
      01001057H   LINE      CODE     ---       #179
      ---         BLOCKEND  ---      ---       LVL=0

      0100108BH   BLOCK     CODE     ---       LVL=0
LX51 LINKER/LOCATER V4.05                                                             12/27/2013  09:38:01  PAGE 16


      0100108BH   LINE      CODE     ---       #248
      0100108BH   LINE      CODE     ---       #249
      ---         BLOCKEND  ---      ---       LVL=0

      01000DD7H   BLOCK     CODE     ---       LVL=0
      00000041H   SYMBOL    DATA     WORD      screen_id
      00000043H   SYMBOL    DATA     WORD      control_id
      00000045H   SYMBOL    DATA     BYTE      visible
      01000DD7H   LINE      CODE     ---       #257
      01000DE1H   LINE      CODE     ---       #258
      ---         BLOCKEND  ---      ---       LVL=0

      01000E11H   BLOCK     CODE     ---       LVL=0
      00000041H   SYMBOL    DATA     WORD      screen_id
      00000043H   SYMBOL    DATA     WORD      control_id
      00000045H   SYMBOL    DATA     BYTE      state
      01000E11H   LINE      CODE     ---       #260
      01000E1BH   LINE      CODE     ---       #261
      ---         BLOCKEND  ---      ---       LVL=0

      01000D56H   BLOCK     CODE     ---       LVL=0
      0000005CH   SYMBOL    DATA     WORD      screen_id
      0000005EH   SYMBOL    DATA     WORD      control_id
      00000060H   SYMBOL    DATA     ---       str
      01000D56H   LINE      CODE     ---       #263
      01000D64H   LINE      CODE     ---       #264
      ---         BLOCKEND  ---      ---       LVL=0

      01000B6BH   BLOCK     CODE     ---       LVL=0
      00000044H   SYMBOL    DATA     WORD      screen_id
      00000046H   SYMBOL    DATA     WORD      control_id
      00000048H   SYMBOL    DATA     DWORD     value
      01000B6BH   LINE      CODE     ---       #266
      01000B73H   LINE      CODE     ---       #267
      ---         BLOCKEND  ---      ---       LVL=0

      01000BCAH   BLOCK     CODE     ---       LVL=0
      00000044H   SYMBOL    DATA     WORD      screen_id
      00000046H   SYMBOL    DATA     WORD      control_id
      00000048H   SYMBOL    DATA     DWORD     value
      01000BCAH   LINE      CODE     ---       #269
      01000BD2H   LINE      CODE     ---       #270
      ---         BLOCKEND  ---      ---       LVL=0

      01000EBDH   BLOCK     CODE     ---       LVL=0
      00000041H   SYMBOL    DATA     WORD      screen_id
      00000043H   SYMBOL    DATA     WORD      control_id
      01000EBDH   LINE      CODE     ---       #275
      01000EC5H   LINE      CODE     ---       #276
      ---         BLOCKEND  ---      ---       LVL=0

      01000EEFH   BLOCK     CODE     ---       LVL=0
      00000041H   SYMBOL    DATA     WORD      screen_id
      00000043H   SYMBOL    DATA     WORD      control_id
      01000EEFH   LINE      CODE     ---       #278
      01000EF7H   LINE      CODE     ---       #279
      ---         BLOCKEND  ---      ---       LVL=0

      01000F21H   BLOCK     CODE     ---       LVL=0
      00000041H   SYMBOL    DATA     WORD      screen_id
      00000043H   SYMBOL    DATA     WORD      control_id
      01000F21H   LINE      CODE     ---       #281
      01000F29H   LINE      CODE     ---       #282
      ---         BLOCKEND  ---      ---       LVL=0

LX51 LINKER/LOCATER V4.05                                                             12/27/2013  09:38:01  PAGE 17


      01000E4BH   BLOCK     CODE     ---       LVL=0
      00000041H   SYMBOL    DATA     WORD      screen_id
      00000043H   SYMBOL    DATA     WORD      control_id
      00000045H   SYMBOL    DATA     BYTE      frame_id
      01000E4BH   LINE      CODE     ---       #287
      01000E55H   LINE      CODE     ---       #288
      ---         BLOCKEND  ---      ---       LVL=0

      01000CCDH   BLOCK     CODE     ---       LVL=0
      00000041H   SYMBOL    DATA     WORD      screen_id
      00000043H   SYMBOL    DATA     WORD      control_id
      00000045H   SYMBOL    DATA     BYTE      channel
      00000046H   SYMBOL    DATA     WORD      color
      01000CCDH   LINE      CODE     ---       #297
      01000CD7H   LINE      CODE     ---       #298
      ---         BLOCKEND  ---      ---       LVL=0

      01000C29H   BLOCK     CODE     ---       LVL=0
      00000044H   SYMBOL    DATA     WORD      screen_id
      00000046H   SYMBOL    DATA     WORD      control_id
      00000048H   SYMBOL    DATA     BYTE      channel
      00000049H   SYMBOL    DATA     ---       pData
      0000004CH   SYMBOL    DATA     WORD      nDataLen
      01000C29H   LINE      CODE     ---       #306
      01000C33H   LINE      CODE     ---       #307
      ---         BLOCKEND  ---      ---       LVL=0

      ---         MODULE    ---      ---       HMI_USER_UART
      01001068H   PUBLIC    CODE     ---       _SendStrings
      010010B4H   PUBLIC    CODE     ---       _SendChar
      0100000EH   PUBLIC    CODE     ---       UartInit
      00000080H   SFRSYM    DATA     BYTE      P0
      00000090H   SFRSYM    DATA     BYTE      P1
      000000A0H   SFRSYM    DATA     BYTE      P2
      000000B0H   SFRSYM    DATA     BYTE      P3
      000000B0H.4 SFRSYM    DATA     BIT       T0
      000000D0H.6 SFRSYM    DATA     BIT       AC
      000000B0H.5 SFRSYM    DATA     BIT       T1
      000000A8H.7 SFRSYM    DATA     BIT       EA
      000000A8H   SFRSYM    DATA     BYTE      IE
      000000B0H.7 SFRSYM    DATA     BIT       RD
      000000A8H.4 SFRSYM    DATA     BIT       ES
      000000B8H   SFRSYM    DATA     BYTE      IP
      00000098H   SFRSYM    DATA     BIT       RI
      000000B0H.2 SFRSYM    DATA     BIT       INT0
      000000D0H.7 SFRSYM    DATA     BIT       CY
      00000098H.1 SFRSYM    DATA     BIT       TI
      000000B0H.3 SFRSYM    DATA     BIT       INT1
      000000B8H.4 SFRSYM    DATA     BIT       PS
      00000081H   SFRSYM    DATA     BYTE      SP
      000000D0H.2 SFRSYM    DATA     BIT       OV
      000000B0H.6 SFRSYM    DATA     BIT       WR
      00000099H   SFRSYM    DATA     BYTE      SBUF
      00000087H   SFRSYM    DATA     BYTE      PCON
      00000098H   SFRSYM    DATA     BYTE      SCON
      00000089H   SFRSYM    DATA     BYTE      TMOD
      00000088H   SFRSYM    DATA     BYTE      TCON
      00000088H.1 SFRSYM    DATA     BIT       IE0
      00000088H.3 SFRSYM    DATA     BIT       IE1
      000000F0H   SFRSYM    DATA     BYTE      B
      000000E0H   SFRSYM    DATA     BYTE      ACC
      000000A8H.1 SFRSYM    DATA     BIT       ET0
      000000A8H.3 SFRSYM    DATA     BIT       ET1
      00000088H.5 SFRSYM    DATA     BIT       TF0
      00000088H.7 SFRSYM    DATA     BIT       TF1
LX51 LINKER/LOCATER V4.05                                                             12/27/2013  09:38:01  PAGE 18


      00000098H.2 SFRSYM    DATA     BIT       RB8
      0000008CH   SFRSYM    DATA     BYTE      TH0
      000000A8H   SFRSYM    DATA     BIT       EX0
      00000088H   SFRSYM    DATA     BIT       IT0
      0000008DH   SFRSYM    DATA     BYTE      TH1
      00000098H.3 SFRSYM    DATA     BIT       TB8
      000000A8H.2 SFRSYM    DATA     BIT       EX1
      00000088H.2 SFRSYM    DATA     BIT       IT1
      000000D0H   SFRSYM    DATA     BIT       P
      00000098H.7 SFRSYM    DATA     BIT       SM0
      0000008AH   SFRSYM    DATA     BYTE      TL0
      00000098H.6 SFRSYM    DATA     BIT       SM1
      0000008BH   SFRSYM    DATA     BYTE      TL1
      00000098H.5 SFRSYM    DATA     BIT       SM2
      000000B8H.1 SFRSYM    DATA     BIT       PT0
      000000B8H.3 SFRSYM    DATA     BIT       PT1
      000000D0H.3 SFRSYM    DATA     BIT       RS0
      00000088H.4 SFRSYM    DATA     BIT       TR0
      000000D0H.4 SFRSYM    DATA     BIT       RS1
      00000088H.6 SFRSYM    DATA     BIT       TR1
      000000B8H   SFRSYM    DATA     BIT       PX0
      000000B8H.2 SFRSYM    DATA     BIT       PX1
      00000083H   SFRSYM    DATA     BYTE      DPH
      00000082H   SFRSYM    DATA     BYTE      DPL
      00000098H.4 SFRSYM    DATA     BIT       REN
      000000B0H   SFRSYM    DATA     BIT       RXD
      000000B0H.1 SFRSYM    DATA     BIT       TXD
      000000D0H.5 SFRSYM    DATA     BIT       F0
      000000D0H   SFRSYM    DATA     BYTE      PSW

      0100000EH   BLOCK     CODE     ---       LVL=0
      0100000EH   LINE      CODE     ---       #32
      0100000EH   LINE      CODE     ---       #33
      0100000EH   LINE      CODE     ---       #34
      01000011H   LINE      CODE     ---       #35
      01000014H   LINE      CODE     ---       #36
      01000017H   LINE      CODE     ---       #37
      0100001AH   LINE      CODE     ---       #38
      0100001DH   LINE      CODE     ---       #39
      01000020H   LINE      CODE     ---       #40
      01000022H   LINE      CODE     ---       #42
      ---         BLOCKEND  ---      ---       LVL=0

      010010B4H   BLOCK     CODE     ---       LVL=0
      00000007H   SYMBOL    DATA     BYTE      t
      010010B4H   LINE      CODE     ---       #51
      010010B4H   LINE      CODE     ---       #52
      010010B4H   LINE      CODE     ---       #53
      010010B6H   LINE      CODE     ---       #54
      010010B9H   LINE      CODE     ---       #55
      010010BBH   LINE      CODE     ---       #56
      ---         BLOCKEND  ---      ---       LVL=0

      01001068H   BLOCK     CODE     ---       LVL=0
      00000001H   SYMBOL    DATA     ---       str
      01001068H   LINE      CODE     ---       #64
      01001068H   LINE      CODE     ---       #65
      01001068H   LINE      CODE     ---       #66
      0100106EH   LINE      CODE     ---       #67
      0100106EH   LINE      CODE     ---       #68
      01001071H   LINE      CODE     ---       #69
      01001078H   LINE      CODE     ---       #70
      0100107AH   LINE      CODE     ---       #71
      ---         BLOCKEND  ---      ---       LVL=0

LX51 LINKER/LOCATER V4.05                                                             12/27/2013  09:38:01  PAGE 19


      ---         MODULE    ---      ---       ?C_STARTUP
      01000000H   PUBLIC    CODE     NEAR LAB  ?C_STARTUP
      000000E0H   SFRSYM    DATA     BYTE      ACC
      000000F0H   SFRSYM    DATA     BYTE      B
      00000083H   SFRSYM    DATA     BYTE      DPH
      00000082H   SFRSYM    DATA     BYTE      DPL
      000000A0H   SFRSYM    DATA     BYTE      PPAGE_SFR
      00000081H   SFRSYM    DATA     BYTE      SP
      00000000H   SYMBOL    NUMBER   ---       IBPSTACK
      00000100H   SYMBOL    NUMBER   ---       IBPSTACKTOP
      00000080H   SYMBOL    NUMBER   ---       IDATALEN
      010008BFH   SYMBOL    CODE     NEAR LAB  IDATALOOP
      00000000H   SYMBOL    NUMBER   ---       PBPSTACK
      00010000H   SYMBOL    NUMBER   ---       PBPSTACKTOP
      00000000H   SYMBOL    NUMBER   ---       PDATALEN
      00000000H   SYMBOL    NUMBER   ---       PDATASTART
      00000000H   SYMBOL    NUMBER   ---       PPAGE
      00000000H   SYMBOL    NUMBER   ---       PPAGEENABLE
      010008BCH   SYMBOL    CODE     NEAR LAB  STARTUP1
      00000000H   SYMBOL    NUMBER   ---       XBPSTACK
      00010000H   SYMBOL    NUMBER   ---       XBPSTACKTOP
      00000000H   SYMBOL    NUMBER   ---       XDATALEN
      00000000H   SYMBOL    NUMBER   ---       XDATASTART

      01000000H   BLOCK     CODE     NEAR LAB  LVL=0
      01000000H   LINE      CODE     ---       #92
      ---         BLOCKEND  ---      ---       LVL=0

      010008BCH   BLOCK     CODE     NEAR LAB  LVL=0
      010008BCH   LINE      CODE     ---       #99
      010008BEH   LINE      CODE     ---       #100
      010008BFH   LINE      CODE     ---       #101
      010008C0H   LINE      CODE     ---       #102
      010008C2H   LINE      CODE     ---       #151
      010008C5H   LINE      CODE     ---       #155
      ---         BLOCKEND  ---      ---       LVL=0

      ---         MODULE    ---      ---       MAIN
      00000065H   PUBLIC    DATA     BYTE      ICON_run_status
      00000064H   PUBLIC    DATA     BYTE      ICON_wind_status
      00000094H   PUBLIC    IDATA    WORD      timer_tick_count
      00000063H   PUBLIC    DATA     BYTE      ICON_fans_status
      00000092H   PUBLIC    IDATA    WORD      control_id
      00000090H   PUBLIC    IDATA    WORD      screen_id
      0000008EH   PUBLIC    IDATA    WORD      current_screen_id
      00000066H   PUBLIC    IDATA    ---       cmd_buffer
      01000FEDH   PUBLIC    CODE     ---       _OnRecCurrentScreen
      01000B0BH   PUBLIC    CODE     ---       _OnRecvAnimation
      01000AABH   PUBLIC    CODE     ---       _OnRecvMeter
      010009C8H   PUBLIC    CODE     ---       _OnRecvSlider
      01000A45H   PUBLIC    CODE     ---       _OnRecvProgress
      0100059FH   PUBLIC    CODE     ---       _OnRecvText
      0100049DH   PUBLIC    CODE     ---       _OnRecvButton
      010010A9H   PUBLIC    CODE     ---       _OnRecvTouchXY
      01000368H   PUBLIC    CODE     ---       main
      00000080H   SFRSYM    DATA     BYTE      P0
      00000090H   SFRSYM    DATA     BYTE      P1
      000000A0H   SFRSYM    DATA     BYTE      P2
      000000B0H   SFRSYM    DATA     BYTE      P3
      000000B0H.4 SFRSYM    DATA     BIT       T0
      000000D0H.6 SFRSYM    DATA     BIT       AC
      000000B0H.5 SFRSYM    DATA     BIT       T1
      000000A8H.7 SFRSYM    DATA     BIT       EA
      000000A8H   SFRSYM    DATA     BYTE      IE
      000000B0H.7 SFRSYM    DATA     BIT       RD
LX51 LINKER/LOCATER V4.05                                                             12/27/2013  09:38:01  PAGE 20


      000000A8H.4 SFRSYM    DATA     BIT       ES
      000000B8H   SFRSYM    DATA     BYTE      IP
      00000098H   SFRSYM    DATA     BIT       RI
      000000B0H.2 SFRSYM    DATA     BIT       INT0
      000000D0H.7 SFRSYM    DATA     BIT       CY
      00000098H.1 SFRSYM    DATA     BIT       TI
      000000B0H.3 SFRSYM    DATA     BIT       INT1
      000000B8H.4 SFRSYM    DATA     BIT       PS
      00000081H   SFRSYM    DATA     BYTE      SP
      000000D0H.2 SFRSYM    DATA     BIT       OV
      000000B0H.6 SFRSYM    DATA     BIT       WR
      00000099H   SFRSYM    DATA     BYTE      SBUF
      00000087H   SFRSYM    DATA     BYTE      PCON
      00000098H   SFRSYM    DATA     BYTE      SCON
      00000089H   SFRSYM    DATA     BYTE      TMOD
      00000088H   SFRSYM    DATA     BYTE      TCON
      00000088H.1 SFRSYM    DATA     BIT       IE0
      00000088H.3 SFRSYM    DATA     BIT       IE1
      000000F0H   SFRSYM    DATA     BYTE      B
      000000E0H   SFRSYM    DATA     BYTE      ACC
      000000A8H.1 SFRSYM    DATA     BIT       ET0
      000000A8H.3 SFRSYM    DATA     BIT       ET1
      00000088H.5 SFRSYM    DATA     BIT       TF0
      00000088H.7 SFRSYM    DATA     BIT       TF1
      00000098H.2 SFRSYM    DATA     BIT       RB8
      0000008CH   SFRSYM    DATA     BYTE      TH0
      000000A8H   SFRSYM    DATA     BIT       EX0
      00000088H   SFRSYM    DATA     BIT       IT0
      0000008DH   SFRSYM    DATA     BYTE      TH1
      00000098H.3 SFRSYM    DATA     BIT       TB8
      000000A8H.2 SFRSYM    DATA     BIT       EX1
      00000088H.2 SFRSYM    DATA     BIT       IT1
      000000D0H   SFRSYM    DATA     BIT       P
      00000098H.7 SFRSYM    DATA     BIT       SM0
      0000008AH   SFRSYM    DATA     BYTE      TL0
      00000098H.6 SFRSYM    DATA     BIT       SM1
      0000008BH   SFRSYM    DATA     BYTE      TL1
      00000098H.5 SFRSYM    DATA     BIT       SM2
      000000B8H.1 SFRSYM    DATA     BIT       PT0
      000000B8H.3 SFRSYM    DATA     BIT       PT1
      000000D0H.3 SFRSYM    DATA     BIT       RS0
      00000088H.4 SFRSYM    DATA     BIT       TR0
      000000D0H.4 SFRSYM    DATA     BIT       RS1
      00000088H.6 SFRSYM    DATA     BIT       TR1
      000000B8H   SFRSYM    DATA     BIT       PX0
      000000B8H.2 SFRSYM    DATA     BIT       PX1
      00000083H   SFRSYM    DATA     BYTE      DPH
      00000082H   SFRSYM    DATA     BYTE      DPL
      00000098H.4 SFRSYM    DATA     BIT       REN
      000000B0H   SFRSYM    DATA     BIT       RXD
      000000B0H.1 SFRSYM    DATA     BIT       TXD
      000000D0H.5 SFRSYM    DATA     BIT       F0
      000000D0H   SFRSYM    DATA     BYTE      PSW

      0100081EH   BLOCK     CODE     ---       LVL=0
      ---         BLOCKEND  ---      ---       LVL=0

      01000368H   BLOCK     CODE     ---       LVL=0
      01000368H   BLOCK     CODE     NEAR LAB  LVL=1
      00000096H   SYMBOL    IDATA    BYTE      cmd_type
      00000097H   SYMBOL    IDATA    BYTE      msg_type
      00000098H   SYMBOL    IDATA    BYTE      control_type
      00000037H   SYMBOL    DATA     BYTE      update_en
      00000038H   SYMBOL    DATA     WORD      size
      00000099H   SYMBOL    IDATA    ---       msg
LX51 LINKER/LOCATER V4.05                                                             12/27/2013  09:38:01  PAGE 21


      ---         BLOCKEND  ---      ---       LVL=1
      01000368H   LINE      CODE     ---       #46
      01000368H   LINE      CODE     ---       #47
      01000368H   LINE      CODE     ---       #49
      0100036CH   LINE      CODE     ---       #50
      0100036EH   LINE      CODE     ---       #51
      01000370H   LINE      CODE     ---       #52
      01000373H   LINE      CODE     ---       #53
      01000377H   LINE      CODE     ---       #54
      0100037DH   LINE      CODE     ---       #56
      01000380H   LINE      CODE     ---       #58
      01000383H   LINE      CODE     ---       #60
      01000386H   LINE      CODE     ---       #61
      01000391H   LINE      CODE     ---       #63
      01000394H   LINE      CODE     ---       #64
      01000394H   LINE      CODE     ---       #65
      01000394H   LINE      CODE     ---       #72
      0100039FH   LINE      CODE     ---       #73
      0100039FH   LINE      CODE     ---       #74
      010003A2H   LINE      CODE     ---       #75
      010003A5H   LINE      CODE     ---       #76
      010003A7H   LINE      CODE     ---       #77
      010003B0H   LINE      CODE     ---       #78
      010003B0H   LINE      CODE     ---       #79
      010003B3H   LINE      CODE     ---       #80
      010003B3H   LINE      CODE     ---       #81
      010003C4H   LINE      CODE     ---       #82
      010003CFH   LINE      CODE     ---       #83
      010003CFH   LINE      CODE     ---       #84
      010003DFH   LINE      CODE     ---       #86
      010003E5H   LINE      CODE     ---       #88
      010003F1H   LINE      CODE     ---       #89
      010003F1H   LINE      CODE     ---       #90
      010003F1H   LINE      CODE     ---       #91
      010003F1H   LINE      CODE     ---       #92
      01000409H   LINE      CODE     ---       #93
      0100040BH   LINE      CODE     ---       #95
      0100040BH   LINE      CODE     ---       #96
      01000414H   LINE      CODE     ---       #97
      0100041FH   LINE      CODE     ---       #98
      0100041FH   LINE      CODE     ---       #99
      0100041FH   LINE      CODE     ---       #100
      01000426H   LINE      CODE     ---       #101
      01000429H   LINE      CODE     ---       #102
      01000429H   LINE      CODE     ---       #103
      01000432H   LINE      CODE     ---       #104
      01000460H   LINE      CODE     ---       #105
      01000460H   LINE      CODE     ---       #106
      01000460H   LINE      CODE     ---       #107
      01000467H   LINE      CODE     ---       #108
      01000467H   LINE      CODE     ---       #109
      0100046DH   LINE      CODE     ---       #110
      01000470H   LINE      CODE     ---       #111
      01000470H   LINE      CODE     ---       #112
      01000476H   LINE      CODE     ---       #113
      01000479H   LINE      CODE     ---       #114
      01000479H   LINE      CODE     ---       #115
      0100047FH   LINE      CODE     ---       #116
      01000482H   LINE      CODE     ---       #117
      01000482H   LINE      CODE     ---       #118
      01000488H   LINE      CODE     ---       #119
      0100048BH   LINE      CODE     ---       #120
      0100048BH   LINE      CODE     ---       #121
      01000491H   LINE      CODE     ---       #122
      01000494H   LINE      CODE     ---       #123
LX51 LINKER/LOCATER V4.05                                                             12/27/2013  09:38:01  PAGE 22


      01000494H   LINE      CODE     ---       #124
      0100049AH   LINE      CODE     ---       #125
      ---         BLOCKEND  ---      ---       LVL=0

      010010A9H   BLOCK     CODE     ---       LVL=0
      0000003AH   SYMBOL    DATA     BYTE      press
      0000003BH   SYMBOL    DATA     WORD      x
      0000003DH   SYMBOL    DATA     WORD      y
      010010A9H   LINE      CODE     ---       #152
      010010B3H   LINE      CODE     ---       #153
      010010B3H   LINE      CODE     ---       #155
      ---         BLOCKEND  ---      ---       LVL=0

      0100049DH   BLOCK     CODE     ---       LVL=0
      0000003AH   SYMBOL    DATA     ---       msg
      0000003DH   SYMBOL    DATA     WORD      size
      010004A7H   BLOCK     CODE     NEAR LAB  LVL=1
      0000003FH   SYMBOL    DATA     BYTE      button_type
      00000040H   SYMBOL    DATA     BYTE      value
      ---         BLOCKEND  ---      ---       LVL=1
      0100049DH   LINE      CODE     ---       #165
      010004A7H   LINE      CODE     ---       #166
      010004A7H   LINE      CODE     ---       #167
      010004AFH   LINE      CODE     ---       #168
      010004B7H   LINE      CODE     ---       #169
      010004C1H   LINE      CODE     ---       #170
      010004CDH   LINE      CODE     ---       #174
      010004DDH   LINE      CODE     ---       #175
      010004DDH   LINE      CODE     ---       #176
      010004E6H   LINE      CODE     ---       #177
      010004E6H   LINE      CODE     ---       #178
      010004F6H   LINE      CODE     ---       #179
      010004F6H   LINE      CODE     ---       #180
      01000505H   LINE      CODE     ---       #182
      01000505H   LINE      CODE     ---       #186
      01000513H   LINE      CODE     ---       #187
      01000513H   LINE      CODE     ---       #188
      01000516H   LINE      CODE     ---       #189
      0100051BH   LINE      CODE     ---       #190
      0100051DH   LINE      CODE     ---       #191
      01000523H   LINE      CODE     ---       #192
      01000523H   LINE      CODE     ---       #193
      01000531H   LINE      CODE     ---       #194
      01000531H   LINE      CODE     ---       #195
      01000534H   LINE      CODE     ---       #196
      0100053CH   LINE      CODE     ---       #197
      0100053EH   LINE      CODE     ---       #198
      01000544H   LINE      CODE     ---       #199
      01000544H   LINE      CODE     ---       #200
      01000552H   LINE      CODE     ---       #201
      01000552H   LINE      CODE     ---       #202
      0100055CH   LINE      CODE     ---       #203
      01000564H   LINE      CODE     ---       #204
      0100056FH   LINE      CODE     ---       #205
      01000574H   LINE      CODE     ---       #206
      01000574H   LINE      CODE     ---       #208
      ---         BLOCKEND  ---      ---       LVL=0

      0100059FH   BLOCK     CODE     ---       LVL=0
      0000003AH   SYMBOL    DATA     ---       msg
      0000003DH   SYMBOL    DATA     WORD      size
      010005A9H   BLOCK     CODE     NEAR LAB  LVL=1
      0000003FH   SYMBOL    DATA     ---       buf
      00000058H   SYMBOL    DATA     WORD      voltage
      0000005AH   SYMBOL    DATA     WORD      i
LX51 LINKER/LOCATER V4.05                                                             12/27/2013  09:38:01  PAGE 23


      ---         BLOCKEND  ---      ---       LVL=1
      0100059FH   LINE      CODE     ---       #215
      010005A9H   LINE      CODE     ---       #216
      010005A9H   LINE      CODE     ---       #218
      010005AEH   LINE      CODE     ---       #219
      010005B2H   LINE      CODE     ---       #220
      010005BCH   LINE      CODE     ---       #221
      010005C8H   LINE      CODE     ---       #226
      010005E0H   LINE      CODE     ---       #227
      010005E0H   LINE      CODE     ---       #228
      010005F2H   LINE      CODE     ---       #229
      01000624H   LINE      CODE     ---       #231
      0100062FH   LINE      CODE     ---       #233
      0100063EH   LINE      CODE     ---       #234
      01000658H   LINE      CODE     ---       #235
      01000664H   LINE      CODE     ---       #236
      01000667H   LINE      CODE     ---       #237
      01000671H   LINE      CODE     ---       #238
      01000671H   LINE      CODE     ---       #239
      01000674H   LINE      CODE     ---       #240
      01000677H   LINE      CODE     ---       #241
      01000679H   LINE      CODE     ---       #242
      0100067BH   LINE      CODE     ---       #243
      01000680H   LINE      CODE     ---       #244
      01000680H   LINE      CODE     ---       #245
      01000683H   LINE      CODE     ---       #246
      01000686H   LINE      CODE     ---       #247
      01000689H   LINE      CODE     ---       #248
      01000689H   LINE      CODE     ---       #249
      0100069AH   LINE      CODE     ---       #250
      0100069AH   LINE      CODE     ---       #251
      ---         BLOCKEND  ---      ---       LVL=0

      01000A45H   BLOCK     CODE     ---       LVL=0
      0000003AH   SYMBOL    DATA     ---       msg
      0000003DH   SYMBOL    DATA     WORD      size
      01000A4FH   BLOCK     CODE     NEAR LAB  LVL=1
      0000003FH   SYMBOL    DATA     WORD      value
      ---         BLOCKEND  ---      ---       LVL=1
      01000A45H   LINE      CODE     ---       #258
      01000A4FH   LINE      CODE     ---       #259
      01000A4FH   LINE      CODE     ---       #260
      01000A8BH   LINE      CODE     ---       #261
      01000A9DH   LINE      CODE     ---       #262
      01000AAAH   LINE      CODE     ---       #264
      ---         BLOCKEND  ---      ---       LVL=0

      010009C8H   BLOCK     CODE     ---       LVL=0
      0000003AH   SYMBOL    DATA     ---       msg
      0000003DH   SYMBOL    DATA     WORD      size
      010009D2H   BLOCK     CODE     NEAR LAB  LVL=1
      0000003FH   SYMBOL    DATA     WORD      value
      ---         BLOCKEND  ---      ---       LVL=1
      010009C8H   LINE      CODE     ---       #271
      010009D2H   LINE      CODE     ---       #272
      010009D2H   LINE      CODE     ---       #273
      010009FEH   LINE      CODE     ---       #274
      01000A10H   LINE      CODE     ---       #275
      01000A1DH   LINE      CODE     ---       #277
      01000A2FH   LINE      CODE     ---       #278
      01000A2FH   LINE      CODE     ---       #279
      01000A44H   LINE      CODE     ---       #280
      01000A44H   LINE      CODE     ---       #281
      ---         BLOCKEND  ---      ---       LVL=0

LX51 LINKER/LOCATER V4.05                                                             12/27/2013  09:38:01  PAGE 24


      01000AABH   BLOCK     CODE     ---       LVL=0
      0000003AH   SYMBOL    DATA     ---       msg
      0000003DH   SYMBOL    DATA     WORD      size
      01000AB5H   BLOCK     CODE     NEAR LAB  LVL=1
      0000003FH   SYMBOL    DATA     WORD      screen_id
      00000041H   SYMBOL    DATA     WORD      control_id
      00000043H   SYMBOL    DATA     WORD      value
      ---         BLOCKEND  ---      ---       LVL=1
      01000AABH   LINE      CODE     ---       #288
      01000AB5H   LINE      CODE     ---       #289
      01000AB5H   LINE      CODE     ---       #290
      01000AC8H   LINE      CODE     ---       #291
      01000ADBH   LINE      CODE     ---       #292
      01000B0AH   LINE      CODE     ---       #295
      ---         BLOCKEND  ---      ---       LVL=0

      01000B0BH   BLOCK     CODE     ---       LVL=0
      0000003AH   SYMBOL    DATA     ---       msg
      0000003DH   SYMBOL    DATA     WORD      size
      01000B15H   BLOCK     CODE     NEAR LAB  LVL=1
      0000003FH   SYMBOL    DATA     WORD      screen_id
      00000041H   SYMBOL    DATA     WORD      control_id
      00000043H   SYMBOL    DATA     WORD      value
      ---         BLOCKEND  ---      ---       LVL=1
      01000B0BH   LINE      CODE     ---       #301
      01000B15H   LINE      CODE     ---       #302
      01000B15H   LINE      CODE     ---       #303
      01000B28H   LINE      CODE     ---       #304
      01000B3BH   LINE      CODE     ---       #305
      01000B6AH   LINE      CODE     ---       #308
      ---         BLOCKEND  ---      ---       LVL=0

      01000FEDH   BLOCK     CODE     ---       LVL=0
      0000003AH   SYMBOL    DATA     ---       msg
      0000003DH   SYMBOL    DATA     WORD      size
      01000FEDH   LINE      CODE     ---       #315
      01000FF7H   LINE      CODE     ---       #316
      01000FF7H   LINE      CODE     ---       #317
      0100100BH   LINE      CODE     ---       #318
      ---         BLOCKEND  ---      ---       LVL=0

      ---         MODULE    ---      ---       ULITITY
      010002D8H   PUBLIC    CODE     ---       sine2
      01000248H   PUBLIC    CODE     ---       sine1
      01000C7DH   PUBLIC    CODE     ---       _delay_ms
      01000948H   PUBLIC    CODE     ---       iniuserctr
      0100069BH   PUBLIC    CODE     ---       UpDate
      0100109BH   PUBLIC    CODE     ---       systicket_init
      01000D14H   PUBLIC    CODE     ---       serial
      0100100CH   PUBLIC    CODE     ---       timer0
      00000080H   SFRSYM    DATA     BYTE      P0
      00000090H   SFRSYM    DATA     BYTE      P1
      000000A0H   SFRSYM    DATA     BYTE      P2
      000000B0H   SFRSYM    DATA     BYTE      P3
      000000B0H.4 SFRSYM    DATA     BIT       T0
      000000D0H.6 SFRSYM    DATA     BIT       AC
      000000B0H.5 SFRSYM    DATA     BIT       T1
      000000A8H.7 SFRSYM    DATA     BIT       EA
      000000A8H   SFRSYM    DATA     BYTE      IE
      000000B0H.7 SFRSYM    DATA     BIT       RD
      000000A8H.4 SFRSYM    DATA     BIT       ES
      000000B8H   SFRSYM    DATA     BYTE      IP
      00000098H   SFRSYM    DATA     BIT       RI
      000000B0H.2 SFRSYM    DATA     BIT       INT0
      000000D0H.7 SFRSYM    DATA     BIT       CY
LX51 LINKER/LOCATER V4.05                                                             12/27/2013  09:38:01  PAGE 25


      00000098H.1 SFRSYM    DATA     BIT       TI
      000000B0H.3 SFRSYM    DATA     BIT       INT1
      000000B8H.4 SFRSYM    DATA     BIT       PS
      00000081H   SFRSYM    DATA     BYTE      SP
      000000D0H.2 SFRSYM    DATA     BIT       OV
      000000B0H.6 SFRSYM    DATA     BIT       WR
      00000099H   SFRSYM    DATA     BYTE      SBUF
      00000087H   SFRSYM    DATA     BYTE      PCON
      00000098H   SFRSYM    DATA     BYTE      SCON
      00000089H   SFRSYM    DATA     BYTE      TMOD
      00000088H   SFRSYM    DATA     BYTE      TCON
      00000088H.1 SFRSYM    DATA     BIT       IE0
      00000088H.3 SFRSYM    DATA     BIT       IE1
      000000F0H   SFRSYM    DATA     BYTE      B
      000000E0H   SFRSYM    DATA     BYTE      ACC
      000000A8H.1 SFRSYM    DATA     BIT       ET0
      000000A8H.3 SFRSYM    DATA     BIT       ET1
      00000088H.5 SFRSYM    DATA     BIT       TF0
      00000088H.7 SFRSYM    DATA     BIT       TF1
      00000098H.2 SFRSYM    DATA     BIT       RB8
      0000008CH   SFRSYM    DATA     BYTE      TH0
      000000A8H   SFRSYM    DATA     BIT       EX0
      00000088H   SFRSYM    DATA     BIT       IT0
      0000008DH   SFRSYM    DATA     BYTE      TH1
      00000098H.3 SFRSYM    DATA     BIT       TB8
      000000A8H.2 SFRSYM    DATA     BIT       EX1
      00000088H.2 SFRSYM    DATA     BIT       IT1
      000000D0H   SFRSYM    DATA     BIT       P
      00000098H.7 SFRSYM    DATA     BIT       SM0
      0000008AH   SFRSYM    DATA     BYTE      TL0
      00000098H.6 SFRSYM    DATA     BIT       SM1
      0000008BH   SFRSYM    DATA     BYTE      TL1
      00000098H.5 SFRSYM    DATA     BIT       SM2
      000000B8H.1 SFRSYM    DATA     BIT       PT0
      000000B8H.3 SFRSYM    DATA     BIT       PT1
      000000D0H.3 SFRSYM    DATA     BIT       RS0
      00000088H.4 SFRSYM    DATA     BIT       TR0
      000000D0H.4 SFRSYM    DATA     BIT       RS1
      00000088H.6 SFRSYM    DATA     BIT       TR1
      000000B8H   SFRSYM    DATA     BIT       PX0
      000000B8H.2 SFRSYM    DATA     BIT       PX1
      00000083H   SFRSYM    DATA     BYTE      DPH
      00000082H   SFRSYM    DATA     BYTE      DPL
      00000098H.4 SFRSYM    DATA     BIT       REN
      000000B0H   SFRSYM    DATA     BIT       RXD
      000000B0H.1 SFRSYM    DATA     BIT       TXD
      000000D0H.5 SFRSYM    DATA     BIT       F0
      000000D0H   SFRSYM    DATA     BYTE      PSW

      01000F53H   BLOCK     CODE     ---       LVL=0
      ---         BLOCKEND  ---      ---       LVL=0

      0100100CH   BLOCK     CODE     ---       LVL=0
      0100100CH   LINE      CODE     ---       #53
      01001015H   LINE      CODE     ---       #55
      01001018H   LINE      CODE     ---       #56
      0100101BH   LINE      CODE     ---       #57
      01001023H   LINE      CODE     ---       #59
      ---         BLOCKEND  ---      ---       LVL=0

      01000D14H   BLOCK     CODE     ---       LVL=0
      01000D14H   LINE      CODE     ---       #67
      01000D31H   LINE      CODE     ---       #69
      01000D34H   LINE      CODE     ---       #70
      01000D34H   LINE      CODE     ---       #71
LX51 LINKER/LOCATER V4.05                                                             12/27/2013  09:38:01  PAGE 26


      01000D36H   LINE      CODE     ---       #72
      01000D3BH   LINE      CODE     ---       #73
      01000D3BH   LINE      CODE     ---       #74
      ---         BLOCKEND  ---      ---       LVL=0

      0100109BH   BLOCK     CODE     ---       LVL=0
      0100109BH   LINE      CODE     ---       #82
      0100109BH   LINE      CODE     ---       #83
      0100109BH   LINE      CODE     ---       #84
      0100109EH   LINE      CODE     ---       #85
      010010A1H   LINE      CODE     ---       #86
      010010A4H   LINE      CODE     ---       #87
      010010A6H   LINE      CODE     ---       #88
      010010A8H   LINE      CODE     ---       #89
      ---         BLOCKEND  ---      ---       LVL=0
      00000006H   SYMBOL    DATA     WORD      color

      0100069BH   BLOCK     CODE     ---       LVL=0
      0100069BH   BLOCK     CODE     NEAR LAB  LVL=1
      0000003AH   SYMBOL    DATA     ---       dat
      ---         BLOCKEND  ---      ---       LVL=1
      0100069BH   LINE      CODE     ---       #110
      0100069BH   LINE      CODE     ---       #111
      0100069BH   LINE      CODE     ---       #113
      010006B2H   LINE      CODE     ---       #114
      010006B5H   LINE      CODE     ---       #115
      010006BFH   LINE      CODE     ---       #116
      010006C2H   LINE      CODE     ---       #117
      010006CBH   LINE      CODE     ---       #118
      010006CBH   LINE      CODE     ---       #119
      010006D9H   LINE      CODE     ---       #120
      010006E1H   LINE      CODE     ---       #121
      010006E9H   LINE      CODE     ---       #122
      010006E9H   LINE      CODE     ---       #123
      010006F2H   LINE      CODE     ---       #124
      010006F2H   LINE      CODE     ---       #127
      0100070AH   LINE      CODE     ---       #128
      01000724H   LINE      CODE     ---       #130
      01000724H   LINE      CODE     ---       #131
      0100072DH   LINE      CODE     ---       #132
      0100072DH   LINE      CODE     ---       #133
      01000741H   LINE      CODE     ---       #134
      01000755H   LINE      CODE     ---       #135
      01000755H   LINE      CODE     ---       #136
      0100075EH   LINE      CODE     ---       #137
      0100075EH   LINE      CODE     ---       #138
      01000772H   LINE      CODE     ---       #139
      01000772H   LINE      CODE     ---       #140
      ---         BLOCKEND  ---      ---       LVL=0

      01000948H   BLOCK     CODE     ---       LVL=0
      01000948H   LINE      CODE     ---       #142
      01000948H   LINE      CODE     ---       #143
      01000948H   LINE      CODE     ---       #145
      01000951H   LINE      CODE     ---       #146
      0100095AH   LINE      CODE     ---       #147
      01000963H   LINE      CODE     ---       #148
      0100096CH   LINE      CODE     ---       #149
      0100097AH   LINE      CODE     ---       #150
      01000988H   LINE      CODE     ---       #151
      01000996H   LINE      CODE     ---       #152
      010009A3H   LINE      CODE     ---       #153
      010009B0H   LINE      CODE     ---       #154
      ---         BLOCKEND  ---      ---       LVL=0

LX51 LINKER/LOCATER V4.05                                                             12/27/2013  09:38:01  PAGE 27


      01000C7DH   BLOCK     CODE     ---       LVL=0
      0000003AH   SYMBOL    DATA     DWORD     delay
      01000C85H   BLOCK     CODE     NEAR LAB  LVL=1
      0000003EH   SYMBOL    DATA     DWORD     tick
      ---         BLOCKEND  ---      ---       LVL=1
      01000C7DH   LINE      CODE     ---       #162
      01000C85H   LINE      CODE     ---       #163
      01000C85H   LINE      CODE     ---       #164
      01000C95H   LINE      CODE     ---       #165
      01000C95H   LINE      CODE     ---       #166
      01000C95H   LINE      CODE     ---       #167
      01000CCCH   LINE      CODE     ---       #168
      01000CCCH   LINE      CODE     ---       #169
      01000CCCH   LINE      CODE     ---       #170
      ---         BLOCKEND  ---      ---       LVL=0

      ---         MODULE    ---      ---       ?C_INIT
      01000903H   PUBLIC    CODE     ---       ?C_START

      ---         MODULE    ---      ---       ?C?CLDPTR
      01000026H   PUBLIC    CODE     ---       ?C?CLDPTR

      ---         MODULE    ---      ---       ?C?CLDOPTR
      0100003FH   PUBLIC    CODE     ---       ?C?CLDOPTR

      ---         MODULE    ---      ---       ?C?CSTPTR
      0100006CH   PUBLIC    CODE     ---       ?C?CSTPTR

      ---         MODULE    ---      ---       ?C?CSTOPTR
      0100007EH   PUBLIC    CODE     ---       ?C?CSTOPTR

      ---         MODULE    ---      ---       ?C?IMUL
      010000A0H   PUBLIC    CODE     ---       ?C?IMUL

      ---         MODULE    ---      ---       ?C?UIDIV
      010000B2H   PUBLIC    CODE     ---       ?C?UIDIV

      ---         MODULE    ---      ---       ?C?ILDOPTR
      01000107H   PUBLIC    CODE     ---       ?C?ILDOPTR

      ---         MODULE    ---      ---       ?C?ULDIV
      0100017BH   PUBLIC    CODE     ---       ?C?ULDIV

      ---         MODULE    ---      ---       ?C?ULCMP
      0100020DH   PUBLIC    CODE     ---       ?C?ULCMP

      ---         MODULE    ---      ---       ?C?ULSHR
      0100021EH   PUBLIC    CODE     ---       ?C?ULSHR

Program Size: data=157.0 xdata=0 const=0 code=4289
LX51 RUN COMPLETE.  0 WARNING(S),  0 ERROR(S)
