******************************************************************************
             TMS320C2000 Linker PC v5.2.3                      
******************************************************************************
>> Linked Wed Oct 12 16:01:04 2016

OUTPUT FILE NAME:   <3_New_Data_Process.out>
ENTRY POINT SYMBOL: "_c_int00"  address: 00339eea


MEMORY CONFIGURATION

         name            origin    length      used     unused   attr    fill
----------------------  --------  ---------  --------  --------  ----  --------
PAGE 0:
  ZONE0                 00004000   00001000  00000000  00001000  RWIX
  RAML2                 0000a500   00000500  0000001f  000004e1  RWIX
  RAML3                 0000b000   00001000  00000000  00001000  RWIX
  ZONE6                 00100000   00100000  00000000  00100000  RWIX
  ZONE7A                00200000   0000fc00  00000000  0000fc00  RWIX
  FLASHH                00300000   00008000  00000000  00008000  RWIX
  FLASHG                00308000   00008000  00000000  00008000  RWIX
  FLASHF                00310000   00008000  00000000  00008000  RWIX
  FLASHE                00318000   00008000  00000000  00008000  RWIX
  FLASHD                00320000   00008000  0000001f  00007fe1  RWIX
  FLASHC                00328000   00008000  00000000  00008000  RWIX
  FLASHA                00338000   00007f80  000032e7  00004c99  RWIX
  CSM_RSVD              0033ff80   00000076  00000000  00000076  RWIX
  BEGIN                 0033fff6   00000002  00000002  00000000  RWIX
  CSM_PWL               0033fff8   00000008  00000000  00000008  RWIX
  ADC_CAL               00380080   00000009  00000007  00000002  RWIX
  OTP                   00380400   00000400  00000000  00000400  RWIX
  IQTABLES              003fe000   00000b50  00000000  00000b50  RWIX
  IQTABLES2             003feb50   0000008c  00000000  0000008c  RWIX
  FPUTABLES             003febdc   000006a0  00000000  000006a0  RWIX
  ROM                   003ff27c   00000d44  00000000  00000d44  RWIX
  RESET                 003fffc0   00000002  00000000  00000002  RWIX
  VECTORS               003fffc2   0000003e  00000000  0000003e  RWIX

PAGE 1:
  BOOT_RSVD             00000000   00000050  00000000  00000050  RWIX
  RAMM0                 00000050   000003b0  00000000  000003b0  RWIX
  RAMM1                 00000400   000003ff  00000000  000003ff  RWIX
  DEV_EMU               00000880   00000180  000000d0  000000b0  RWIX
  FLASH_REGS            00000a80   00000060  00000008  00000058  RWIX
  CSM                   00000ae0   00000010  00000010  00000000  RWIX
  ADC_MIRROR            00000b00   00000010  00000010  00000000  RWIX
  XINTF                 00000b20   00000020  0000001e  00000002  RWIX
  CPU_TIMER0            00000c00   00000008  00000008  00000000  RWIX
  CPU_TIMER1            00000c08   00000008  00000008  00000000  RWIX
  CPU_TIMER2            00000c10   00000008  00000008  00000000  RWIX
  PIE_CTRL              00000ce0   00000020  0000001a  00000006  RWIX
  PIE_VECT              00000d00   00000100  00000100  00000000  RWIX
  DMA                   00001000   00000200  000000e0  00000120  RWIX
  MCBSPA                00005000   00000040  00000025  0000001b  RWIX
  MCBSPB                00005040   00000040  00000025  0000001b  RWIX
  ECANA                 00006000   00000040  00000034  0000000c  RWIX
  ECANA_LAM             00006040   00000040  00000040  00000000  RWIX
  ECANA_MOTS            00006080   00000040  00000040  00000000  RWIX
  ECANA_MOTO            000060c0   00000040  00000040  00000000  RWIX
  ECANA_MBOX            00006100   00000100  00000100  00000000  RWIX
  ECANB                 00006200   00000040  00000034  0000000c  RWIX
  ECANB_LAM             00006240   00000040  00000040  00000000  RWIX
  ECANB_MOTS            00006280   00000040  00000040  00000000  RWIX
  ECANB_MOTO            000062c0   00000040  00000040  00000000  RWIX
  ECANB_MBOX            00006300   00000100  00000100  00000000  RWIX
  EPWM1                 00006800   00000022  00000022  00000000  RWIX
  EPWM2                 00006840   00000022  00000022  00000000  RWIX
  EPWM3                 00006880   00000022  00000022  00000000  RWIX
  EPWM4                 000068c0   00000022  00000022  00000000  RWIX
  EPWM5                 00006900   00000022  00000022  00000000  RWIX
  EPWM6                 00006940   00000022  00000022  00000000  RWIX
  ECAP1                 00006a00   00000020  00000020  00000000  RWIX
  ECAP2                 00006a20   00000020  00000020  00000000  RWIX
  ECAP3                 00006a40   00000020  00000020  00000000  RWIX
  ECAP4                 00006a60   00000020  00000020  00000000  RWIX
  ECAP5                 00006a80   00000020  00000020  00000000  RWIX
  ECAP6                 00006aa0   00000020  00000020  00000000  RWIX
  EQEP1                 00006b00   00000040  00000040  00000000  RWIX
  EQEP2                 00006b40   00000040  00000040  00000000  RWIX
  GPIOCTRL              00006f80   00000040  0000002e  00000012  RWIX
  GPIODAT               00006fc0   00000020  00000020  00000000  RWIX
  GPIOINT               00006fe0   00000020  0000000a  00000016  RWIX
  SYSTEM                00007010   00000020  00000020  00000000  RWIX
  SPIA                  00007040   00000010  00000010  00000000  RWIX
  SCIA                  00007050   00000010  00000010  00000000  RWIX
  XINTRUPT              00007070   00000010  00000010  00000000  RWIX
  ADC                   00007100   00000020  0000001e  00000002  RWIX
  SCIB                  00007750   00000010  00000010  00000000  RWIX
  SCIC                  00007770   00000010  00000010  00000000  RWIX
  I2CA                  00007900   00000040  00000022  0000001e  RWIX
  RAML0                 00008000   00002500  000003e8  00002118  RWIX
  RAML4                 0000c000   00003500  00002e87  00000679  RWIX
  RAML5                 0000f500   00000300  00000000  00000300  RWIX
  RAML6                 0000f800   00000200  00000000  00000200  RWIX
  RAML7                 0000fa00   00000200  00000000  00000200  RWIX
  ZONE7B                0020fc00   00000400  00000000  00000400  RWIX
  FLASHB                00330000   00008000  00000000  00008000  RWIX
  CSM_PWL               0033fff8   00000008  00000008  00000000  RWIX


SECTION ALLOCATION MAP

 output                                  attributes/
section   page    origin      length       input sections
--------  ----  ----------  ----------   ----------------
.pinit     0    00338000    00000000     UNINITIALIZED

ramfuncs   0    00320000    0000001f     RUN ADDR = 0000a500
                  00320000    0000001b     DSP2833x_SysCtrl.obj (ramfuncs)
                  0032001b    00000004     DSP2833x_usDelay.obj (ramfuncs)

.text      0    00338000    00002080     
                  00338000    00000918     hmi_driver.obj (.text)
                  00338918    00000323     DSP2833x_DefaultIsr.obj (.text)
                  00338c3b    00000320     DATA_Process.obj (.text)
                  00338f5b    00000239     cmd_process.obj (.text)
                  00339194    0000021b     main.obj (.text)
                  003393af    0000019a     AD7656.obj (.text)
                  00339549    0000014b     AD9833.obj (.text)
                  00339694    00000142     hmi_user_uart.obj (.text)
                  003397d6    00000126     DS18B20.obj (.text)
                  003398fc    000000f5     DSP2833x_SysCtrl.obj (.text)
                  003399f1    000000f4     DSP2833x_Xintf.obj (.text)
                  00339ae5    000000ec     LED.obj (.text)
                  00339bd1    00000089     cmd_queue.obj (.text)
                  00339c5a    00000088     rts2800_fpu32.lib : fs_div.obj (.text)
                  00339ce2    0000007a     DSP2833x_CpuTimers.obj (.text)
                  00339d5c    0000006a     PWM_tem.obj (.text)
                  00339dc6    0000006a     tem_control.obj (.text)
                  00339e30    0000005e     rts2800_fpu32.lib : cos.obj (.text)
                  00339e8e    0000005c                       : sin.obj (.text)
                  00339eea    00000046                       : boot.obj (.text)
                  00339f30    00000045     DSP2833x_Sci.obj (.text)
                  00339f75    00000028     DSP2833x_PieCtrl.obj (.text)
                  00339f9d    00000021     rts2800_fpu32.lib : memcpy_ff.obj (.text)
                  00339fbe    00000020     DSP2833x_PieVect.obj (.text)
                  00339fde    00000020     rts2800_fpu32.lib : sqrt.obj (.text)
                  00339ffe    0000001b                       : args_main.obj (.text)
                  0033a019    00000019                       : exit.obj (.text)
                  0033a032    00000017     DSP2833x_MemCopy.obj (.text)
                  0033a049    00000014     DSP2833x_Adc.obj (.text)
                  0033a05d    0000000b     rts2800_fpu32.lib : u_div.obj (.text)
                  0033a068    00000009                       : _lock.obj (.text)
                  0033a071    00000008     DSP2833x_CodeStartBranch.obj (.text)
                  0033a079    00000007     rts2800_fpu32.lib : memset.obj (.text)

.econst    0    0033a080    000010ec     
                  0033a080    0000068e     DATA_Process.obj (.econst:_$P$T0$1)
                  0033a70e    0000068e     DATA_Process.obj (.econst:_$P$T1$2)
                  0033ad9c    00000100     DSP2833x_PieVect.obj (.econst)
                  0033ae9c    000000c8     main.obj (.econst:_$P$T0$1)
                  0033af64    000000c8     main.obj (.econst:_$P$T1$2)
                  0033b02c    000000c8     main.obj (.econst:_$P$T2$3)
                  0033b0f4    0000003c     DATA_Process.obj (.econst:_$P$T2$3)
                  0033b130    0000003c     DATA_Process.obj (.econst:_$P$T3$4)

.cinit     0    0033b16c    0000017b     
                  0033b16c    000000cc     ConstData_Table.obj (.cinit)
                  0033b238    0000002d     tem_control.obj (.cinit)
                  0033b265    0000002a     main.obj (.cinit)
                  0033b28f    00000028     LED.obj (.cinit)
                  0033b2b7    0000000e     cmd_queue.obj (.cinit)
                  0033b2c5    0000000a     rts2800_fpu32.lib : _lock.obj (.cinit)
                  0033b2cf    0000000a                       : exit.obj (.cinit)
                  0033b2d9    00000008     AD7656.obj (.cinit)
                  0033b2e1    00000004     rts2800_fpu32.lib : errno.obj (.cinit)
                  0033b2e5    00000002     --HOLE-- [fill = 0]

codestart 
*          0    0033fff6    00000002     
                  0033fff6    00000002     DSP2833x_CodeStartBranch.obj (codestart)

.adc_cal   0    00380080    00000007     NOLOAD SECTION
                  00380080    00000007     DSP2833x_ADC_cal.obj (.adc_cal)

.reset     0    003fffc0    00000002     DSECT
                  003fffc0    00000002     rts2800_fpu32.lib : boot.obj (.reset)

vectors    0    003fffc2    00000000     DSECT

DevEmuRegsFile 
*          1    00000880    000000d0     UNINITIALIZED
                  00000880    000000d0     DSP2833x_GlobalVariableDefs.obj (DevEmuRegsFile)

FlashRegsFile 
*          1    00000a80    00000008     UNINITIALIZED
                  00000a80    00000008     DSP2833x_GlobalVariableDefs.obj (FlashRegsFile)

CsmRegsFile 
*          1    00000ae0    00000010     UNINITIALIZED
                  00000ae0    00000010     DSP2833x_GlobalVariableDefs.obj (CsmRegsFile)

AdcMirrorFile 
*          1    00000b00    00000010     UNINITIALIZED
                  00000b00    00000010     DSP2833x_GlobalVariableDefs.obj (AdcMirrorFile)

XintfRegsFile 
*          1    00000b20    0000001e     UNINITIALIZED
                  00000b20    0000001e     DSP2833x_GlobalVariableDefs.obj (XintfRegsFile)

CpuTimer0RegsFile 
*          1    00000c00    00000008     UNINITIALIZED
                  00000c00    00000008     DSP2833x_GlobalVariableDefs.obj (CpuTimer0RegsFile)

CpuTimer1RegsFile 
*          1    00000c08    00000008     UNINITIALIZED
                  00000c08    00000008     DSP2833x_GlobalVariableDefs.obj (CpuTimer1RegsFile)

CpuTimer2RegsFile 
*          1    00000c10    00000008     UNINITIALIZED
                  00000c10    00000008     DSP2833x_GlobalVariableDefs.obj (CpuTimer2RegsFile)

PieCtrlRegsFile 
*          1    00000ce0    0000001a     UNINITIALIZED
                  00000ce0    0000001a     DSP2833x_GlobalVariableDefs.obj (PieCtrlRegsFile)

PieVectTableFile 
*          1    00000d00    00000100     UNINITIALIZED
                  00000d00    00000100     DSP2833x_GlobalVariableDefs.obj (PieVectTableFile)

DmaRegsFile 
*          1    00001000    000000e0     UNINITIALIZED
                  00001000    000000e0     DSP2833x_GlobalVariableDefs.obj (DmaRegsFile)

McbspaRegsFile 
*          1    00005000    00000025     UNINITIALIZED
                  00005000    00000025     DSP2833x_GlobalVariableDefs.obj (McbspaRegsFile)

McbspbRegsFile 
*          1    00005040    00000025     UNINITIALIZED
                  00005040    00000025     DSP2833x_GlobalVariableDefs.obj (McbspbRegsFile)

ECanaRegsFile 
*          1    00006000    00000034     UNINITIALIZED
                  00006000    00000034     DSP2833x_GlobalVariableDefs.obj (ECanaRegsFile)

ECanaLAMRegsFile 
*          1    00006040    00000040     UNINITIALIZED
                  00006040    00000040     DSP2833x_GlobalVariableDefs.obj (ECanaLAMRegsFile)

ECanaMOTSRegsFile 
*          1    00006080    00000040     UNINITIALIZED
                  00006080    00000040     DSP2833x_GlobalVariableDefs.obj (ECanaMOTSRegsFile)

ECanaMOTORegsFile 
*          1    000060c0    00000040     UNINITIALIZED
                  000060c0    00000040     DSP2833x_GlobalVariableDefs.obj (ECanaMOTORegsFile)

ECanaMboxesFile 
*          1    00006100    00000100     UNINITIALIZED
                  00006100    00000100     DSP2833x_GlobalVariableDefs.obj (ECanaMboxesFile)

ECanbRegsFile 
*          1    00006200    00000034     UNINITIALIZED
                  00006200    00000034     DSP2833x_GlobalVariableDefs.obj (ECanbRegsFile)

ECanbLAMRegsFile 
*          1    00006240    00000040     UNINITIALIZED
                  00006240    00000040     DSP2833x_GlobalVariableDefs.obj (ECanbLAMRegsFile)

ECanbMOTSRegsFile 
*          1    00006280    00000040     UNINITIALIZED
                  00006280    00000040     DSP2833x_GlobalVariableDefs.obj (ECanbMOTSRegsFile)

ECanbMOTORegsFile 
*          1    000062c0    00000040     UNINITIALIZED
                  000062c0    00000040     DSP2833x_GlobalVariableDefs.obj (ECanbMOTORegsFile)

ECanbMboxesFile 
*          1    00006300    00000100     UNINITIALIZED
                  00006300    00000100     DSP2833x_GlobalVariableDefs.obj (ECanbMboxesFile)

EPwm1RegsFile 
*          1    00006800    00000022     UNINITIALIZED
                  00006800    00000022     DSP2833x_GlobalVariableDefs.obj (EPwm1RegsFile)

EPwm2RegsFile 
*          1    00006840    00000022     UNINITIALIZED
                  00006840    00000022     DSP2833x_GlobalVariableDefs.obj (EPwm2RegsFile)

EPwm3RegsFile 
*          1    00006880    00000022     UNINITIALIZED
                  00006880    00000022     DSP2833x_GlobalVariableDefs.obj (EPwm3RegsFile)

EPwm4RegsFile 
*          1    000068c0    00000022     UNINITIALIZED
                  000068c0    00000022     DSP2833x_GlobalVariableDefs.obj (EPwm4RegsFile)

EPwm5RegsFile 
*          1    00006900    00000022     UNINITIALIZED
                  00006900    00000022     DSP2833x_GlobalVariableDefs.obj (EPwm5RegsFile)

EPwm6RegsFile 
*          1    00006940    00000022     UNINITIALIZED
                  00006940    00000022     DSP2833x_GlobalVariableDefs.obj (EPwm6RegsFile)

ECap1RegsFile 
*          1    00006a00    00000020     UNINITIALIZED
                  00006a00    00000020     DSP2833x_GlobalVariableDefs.obj (ECap1RegsFile)

ECap2RegsFile 
*          1    00006a20    00000020     UNINITIALIZED
                  00006a20    00000020     DSP2833x_GlobalVariableDefs.obj (ECap2RegsFile)

ECap3RegsFile 
*          1    00006a40    00000020     UNINITIALIZED
                  00006a40    00000020     DSP2833x_GlobalVariableDefs.obj (ECap3RegsFile)

ECap4RegsFile 
*          1    00006a60    00000020     UNINITIALIZED
                  00006a60    00000020     DSP2833x_GlobalVariableDefs.obj (ECap4RegsFile)

ECap5RegsFile 
*          1    00006a80    00000020     UNINITIALIZED
                  00006a80    00000020     DSP2833x_GlobalVariableDefs.obj (ECap5RegsFile)

ECap6RegsFile 
*          1    00006aa0    00000020     UNINITIALIZED
                  00006aa0    00000020     DSP2833x_GlobalVariableDefs.obj (ECap6RegsFile)

EQep1RegsFile 
*          1    00006b00    00000040     UNINITIALIZED
                  00006b00    00000040     DSP2833x_GlobalVariableDefs.obj (EQep1RegsFile)

EQep2RegsFile 
*          1    00006b40    00000040     UNINITIALIZED
                  00006b40    00000040     DSP2833x_GlobalVariableDefs.obj (EQep2RegsFile)

GpioCtrlRegsFile 
*          1    00006f80    0000002e     UNINITIALIZED
                  00006f80    0000002e     DSP2833x_GlobalVariableDefs.obj (GpioCtrlRegsFile)

GpioDataRegsFile 
*          1    00006fc0    00000020     UNINITIALIZED
                  00006fc0    00000020     DSP2833x_GlobalVariableDefs.obj (GpioDataRegsFile)

GpioIntRegsFile 
*          1    00006fe0    0000000a     UNINITIALIZED
                  00006fe0    0000000a     DSP2833x_GlobalVariableDefs.obj (GpioIntRegsFile)

SysCtrlRegsFile 
*          1    00007010    00000020     UNINITIALIZED
                  00007010    00000020     DSP2833x_GlobalVariableDefs.obj (SysCtrlRegsFile)

SpiaRegsFile 
*          1    00007040    00000010     UNINITIALIZED
                  00007040    00000010     DSP2833x_GlobalVariableDefs.obj (SpiaRegsFile)

SciaRegsFile 
*          1    00007050    00000010     UNINITIALIZED
                  00007050    00000010     DSP2833x_GlobalVariableDefs.obj (SciaRegsFile)

XIntruptRegsFile 
*          1    00007070    00000010     UNINITIALIZED
                  00007070    00000010     DSP2833x_GlobalVariableDefs.obj (XIntruptRegsFile)

AdcRegsFile 
*          1    00007100    0000001e     UNINITIALIZED
                  00007100    0000001e     DSP2833x_GlobalVariableDefs.obj (AdcRegsFile)

ScibRegsFile 
*          1    00007750    00000010     UNINITIALIZED
                  00007750    00000010     DSP2833x_GlobalVariableDefs.obj (ScibRegsFile)

ScicRegsFile 
*          1    00007770    00000010     UNINITIALIZED
                  00007770    00000010     DSP2833x_GlobalVariableDefs.obj (ScicRegsFile)

I2caRegsFile 
*          1    00007900    00000022     UNINITIALIZED
                  00007900    00000022     DSP2833x_GlobalVariableDefs.obj (I2caRegsFile)

.stack     1    00008000    000003e8     UNINITIALIZED
                  00008000    000003e8     --HOLE--

.ebss      1    0000c000    00002e87     UNINITIALIZED
                  0000c000    00002d26     main.obj (.ebss)
                  0000ed26    00000018     DSP2833x_CpuTimers.obj (.ebss)
                  0000ed3e    00000001     rts2800_fpu32.lib : errno.obj (.ebss)
                  0000ed3f    00000001     --HOLE--
                  0000ed40    000000fc     ConstData_Table.obj (.ebss)
                  0000ee3c    00000004     rts2800_fpu32.lib : _lock.obj (.ebss)
                  0000ee40    00000022     cmd_queue.obj (.ebss)
                  0000ee62    00000012     tem_control.obj (.ebss)
                  0000ee74    0000000a     LED.obj (.ebss)
                  0000ee7e    00000002     --HOLE--
                  0000ee80    00000004     rts2800_fpu32.lib : exit.obj (.ebss)
                  0000ee84    00000003     AD7656.obj (.ebss)

CsmPwlFile 
*          1    0033fff8    00000008     UNINITIALIZED
                  0033fff8    00000008     DSP2833x_GlobalVariableDefs.obj (CsmPwlFile)


GLOBAL SYMBOLS: SORTED ALPHABETICALLY BY Name 

address    name
--------   ----
00338000   .text
0033a019   C$$EXIT
00339c5a   FS$$DIV
0033a05d   U$$DIV
0033a062   U$$MOD
0033960e   _AD9833_Outdata
003395d7   _AD9833_Reset
00339549   _AD9833_configinit
003389fe   _ADCINT_ISR
00380080   _ADC_cal
0033949f   _AD_Data_Shift
00000b00   _AdcMirror
00007100   _AdcRegs
00338685   _AnimationPause
003386dd   _AnimationPlayNext
003386b1   _AnimationPlayPrev
0033862d   _AnimationStart
00338659   _AnimationStop
00338837   _BatchBegin
003388d0   _BatchEnd
0033884d   _BatchSetProgressValue
00338878   _BatchSetSliderValue
003388b2   _BatchSetText
00339bae   _Bell_Didadi
00338371   _CalibrateTouchPane
00338428   _ClearLayer
0033806d   _ColorPicker
00339d21   _ConfigCpuTimer
00338409   _CopyLayer
0000ed36   _CpuTimer0
00000c00   _CpuTimer0Regs
0000ed26   _CpuTimer1
00000c08   _CpuTimer1Regs
0000ed2e   _CpuTimer2
00000c10   _CpuTimer2Regs
0000c040   _Cross_OutPut
0033fff8   _CsmPwl
00000ae0   _CsmRegs
003399c0   _CsmUnlock
00338d16   _DAL_Process
0033892c   _DATALOG_ISR
00338b20   _DINTCH1_ISR
00338b2a   _DINTCH2_ISR
00338b34   _DINTCH3_ISR
00338b3e   _DINTCH4_ISR
00338b48   _DINTCH5_ISR
00338b52   _DINTCH6_ISR
0000a51b   _DSP28x_usDelay
00338ee6   _Data_Trans
00000880   _DevEmuRegs
0033811f   _DisFlashImage
003380fb   _DisFull_Image
0033990f   _DisableDog
003383ef   _DisplyLayer
00001000   _DmaRegs
00338bac   _ECAN0INTA_ISR
00338bc0   _ECAN0INTB_ISR
00338bb6   _ECAN1INTA_ISR
00338bca   _ECAN1INTB_ISR
00338a94   _ECAP1_INT_ISR
00338a9e   _ECAP2_INT_ISR
00338aa8   _ECAP3_INT_ISR
00338ab2   _ECAP4_INT_ISR
00338abc   _ECAP5_INT_ISR
00338ac6   _ECAP6_INT_ISR
00006040   _ECanaLAMRegs
000060c0   _ECanaMOTORegs
00006080   _ECanaMOTSRegs
00006100   _ECanaMboxes
00006000   _ECanaRegs
00006240   _ECanbLAMRegs
000062c0   _ECanbMOTORegs
00006280   _ECanbMOTSRegs
00006300   _ECanbMboxes
00006200   _ECanbRegs
00006a00   _ECap1Regs
00006a20   _ECap2Regs
00006a40   _ECap3Regs
00006a60   _ECap4Regs
00006a80   _ECap5Regs
00006aa0   _ECap6Regs
00338c1a   _EMPTY_ISR
00338940   _EMUINT_ISR
00338a58   _EPWM1_INT_ISR
00338a1c   _EPWM1_TZINT_ISR
00338a62   _EPWM2_INT_ISR
00338a26   _EPWM2_TZINT_ISR
00338a6c   _EPWM3_INT_ISR
00338a30   _EPWM3_TZINT_ISR
00338a76   _EPWM4_INT_ISR
00338a3a   _EPWM4_TZINT_ISR
00338a80   _EPWM5_INT_ISR
00338a44   _EPWM5_TZINT_ISR
00338a8a   _EPWM6_INT_ISR
00338a4e   _EPWM6_TZINT_ISR
00339dc2   _EPWM_LED_deInit
00339d5c   _EPWM_tem_Init
00339da2   _EPWM_tem_UpdataCMPA
00006800   _EPwm1Regs
00006840   _EPwm2Regs
00006880   _EPwm3Regs
000068c0   _EPwm4Regs
00006900   _EPwm5Regs
00006940   _EPwm6Regs
00338ad0   _EQEP1_INT_ISR
00338ada   _EQEP2_INT_ISR
00006b00   _EQep1Regs
00006b40   _EQep2Regs
00339f94   _EnableInterrupts
00000a80   _FlashRegs
00338fb5   _FloatToISCII
0000ee62   _Fresh_occupyvalue
00338304   _GUI_AreaInycolor
003382b4   _GUI_BcolorConDots
00338240   _GUI_BcolorConOffsetDots
0033809b   _GUI_CleanScreen
003381c1   _GUI_ConDots
003381e2   _GUI_ConSpaceDots
00338442   _GUI_DispRTC
0033815b   _GUI_Dot
00338298   _GUI_FcolorConDots
00338211   _GUI_FcolorConOffsetDots
00338184   _GUI_Line
00339440   _GetAD_Value
00338601   _GetControlValue
003384ec   _GetScreen
003388a3   _GetStringLen
00339dc6   _Get_new_occupyrate
00006f80   _GpioCtrlRegs
00006fc0   _GpioDataRegs
00006fe0   _GpioIntRegs
00338709   _GraphChannelAdd
00338775   _GraphChannelDataAdd
003387b4   _GraphChannelDataClear
00338744   _GraphChannelDel
003387e5   _GraphSetViewport
0000ee85   _Head_pointNum
00338b5c   _I2CINT1A_ISR
00338b66   _I2CINT2A_ISR
00007900   _I2caRegs
00338954   _ILLEGAL_ISR
00338918   _INT13_ISR
00338922   _INT14_ISR
00339353   _ISRTimer0
0033a049   _InitAdc
00339ce2   _InitCpuTimers
0000a500   _InitFlash
00339965   _InitPeripheralClocks
00339f75   _InitPieCtrl
00339fbe   _InitPieVectTable
00339917   _InitPll
00339f30   _InitSci
00339f31   _InitSciGpio
00339f34   _InitSciaGpio
00339f49   _InitScibGpio
00339f5f   _InitScicGpio
003398fc   _InitSysCtrl
0033902c   _InitUI
003399f1   _InitXintf
00339a8b   _InitXintf16Gpio
00339a44   _InitXintf32Gpio
003395af   _JudgeCS
00339b70   _LED_Blue_Flash
00339b8f   _LED_Blue_Flash_Slow
00339b4d   _LED_Error_Flash
00339ae5   _LED_IOinit
00339b11   _LED_Red_Flash
00339b30   _LED_Red_Flash_Slow
00338c10   _LUF_ISR
00338c06   _LVF_ISR
00338c3b   _LinearConvolution
00338397   _LockDeviceConfig
0000edc0   _Low_Filter1
0000ed40   _Low_Filter2
00338b0c   _MRINTA_ISR
00338af8   _MRINTB_ISR
00338b16   _MXINTA_ISR
00338b02   _MXINTB_ISR
00005000   _McbspaRegs
00005040   _McbspbRegs
0033a032   _MemCopy
00338eb7   _Moisture_FITcalcu
0033894a   _NMI_ISR
003390d7   _NotifyButton
0033918a   _NotifyReadFlash
00338fab   _NotifyScreen
0033913b   _NotifyText
00338faf   _NotifyTouchXY
00339190   _NotifyWriteFlash
0033941e   _OUTAD_Init
003393d0   _OUTAD_Variable_Init
0000ee6c   _PID_KI
0000ee6a   _PID_KP
0000ee72   _PID_de
0000ee66   _PID_e0
0000ee68   _PID_e1
0000ee64   _PID_eut
0000ee6e   _PID_y0
0000ee70   _PID_y1
00338c27   _PIE_RESERVED
00000ce0   _PieCtrlRegs
00000d00   _PieVectTable
0033ad9c   _PieVectTableInit
00338f5b   _ProcessMessage
00338936   _RTOSINT_ISR
0032001f   _RamfuncsLoadEnd
00320000   _RamfuncsLoadStart
0000a500   _RamfuncsRunStart
003384b5   _ReadUserFlash
00338b84   _SCIRXINTA_ISR
00338b98   _SCIRXINTB_ISR
00338b70   _SCIRXINTC_ISR
00338b8e   _SCITXINTA_ISR
00338ba2   _SCITXINTB_ISR
00338b7a   _SCITXINTC_ISR
003389d6   _SEQ1INT_ISR
003389e0   _SEQ2INT_ISR
00338ce2   _SINCOS_TAB
00338ae4   _SPIRXINTA_ISR
00338aee   _SPITXINTA_ISR
0000ee86   _SampleCount
0000ee84   _SampleCount_Status_Flag
00007050   _SciaRegs
00007750   _ScibRegs
00007770   _ScicRegs
003396c4   _SendChar
00338022   _SendNU16
00338010   _SendNU8
00338000   _SendStrings
003396df   _SendValuetoLabview
003396d0   _Send_msg
00339905   _ServiceDog
003382d0   _SetBackLight
003385a0   _SetButtonValue
003382ea   _SetBuzzer
0033856f   _SetControlEnable
0033853e   _SetControlFocus
0033804e   _SetFcolor
003380cd   _SetFont_Region
0033803b   _SetHandShake
0033826f   _SetPowerSaving
00338502   _SetScreen
00338524   _SetScreenUpdateEnable
003380ae   _SetTextSpace
003385d1   _SetTextValue
00338341   _SetTouchPaneOption
003388dd   _ShowKeyboard
00338f2b   _Single_AmpValue
00007040   _SpiaRegs
003390dd   _StrToFloat
00007010   _SysCtrlRegs
00339887   _TEM_Getinit
00338a08   _TINT0_ISR
00338384   _TestTouchPane
0000c008   _Test_gSystem_LabviewData
0000c000   _Timer_flag
003389b8   _USER10_ISR
003389c2   _USER11_ISR
003389cc   _USER12_ISR
0033895e   _USER1_ISR
00338968   _USER2_ISR
00338972   _USER3_ISR
0033897c   _USER4_ISR
00338986   _USER5_ISR
00338990   _USER6_ISR
0033899a   _USER7_ISR
003389a4   _USER8_ISR
003389ae   _USER9_ISR
00339694   _UartInit
003383b6   _UnlockDeviceConfig
00339078   _UpdateUI
00338a12   _WAKEINT_ISR
003383d5   _WriteLayer
00338482   _WriteUserFlash
003389ea   _XINT1_ISR
003389f4   _XINT2_ISR
00338bd4   _XINT3_ISR
00338bde   _XINT4_ISR
00338be8   _XINT5_ISR
00338bf2   _XINT6_ISR
00338bfc   _XINT7_ISR
00007070   _XIntruptRegs
00000b20   _XintfRegs
000083e8   __STACK_END
000003e8   __STACK_SIZE
00000001   __TI_args_main
ffffffff   ___binit__
ffffffff   ___c_args__
0033b16c   ___cinit__
0033a080   ___etext__
00339f9d   ___memcpy_ff
ffffffff   ___pinit__
00338000   ___text__
00339ffe   __args_main
0000ee80   __cleanup_ptr
0000ee82   __dtors_ptr
0000ee3e   __lock
0033a070   __nop
0033a06c   __register_lock
0033a068   __register_unlock
00008000   __stack
0000ee3c   __unlock
0033a019   _abort
0000ee76   _blue_light_state4
0000ee77   _blue_light_state5
00339eea   _c_int00
0000c01a   _cmd_buffer
00339e30   _cos
00339563   _delay
0000ed3e   _errno
0033a01b   _exit
0000db00   _gDalOutPut
0000c700   _gSampleTable
0000cdc0   _gSampleValue
0000c010   _gSystem_WaterParam
0000c002   _gSystem_WaterValue
0033988a   _get_temp
0000ee7a   _i1
0000ee7c   _i2
0000ee74   _i3
0000ee78   _i4
0000ee79   _i5
0000ee75   _light_state3
00339194   _main
0033a079   _memset
00339c0d   _queue_find_cmd
00339bd9   _queue_push
00339bd1   _queue_reset
0033984d   _read_byte
0000ee7b   _red_light_state1
0000ee7d   _red_light_state2
003397e0   _reset
00338c31   _rsvd_ISR
00339372   _scic_isr
00339e8e   _sin
00339fde   _sqrt
0033956f   _write_ad9833_d16
0033980e   _write_byte
ffffffff   binit
0033b16c   cinit
0033fff6   code_start
0033a080   etext
ffffffff   pinit


GLOBAL SYMBOLS: SORTED BY Symbol Address 

address    name
--------   ----
00000001   __TI_args_main
000003e8   __STACK_SIZE
00000880   _DevEmuRegs
00000a80   _FlashRegs
00000ae0   _CsmRegs
00000b00   _AdcMirror
00000b20   _XintfRegs
00000c00   _CpuTimer0Regs
00000c08   _CpuTimer1Regs
00000c10   _CpuTimer2Regs
00000ce0   _PieCtrlRegs
00000d00   _PieVectTable
00001000   _DmaRegs
00005000   _McbspaRegs
00005040   _McbspbRegs
00006000   _ECanaRegs
00006040   _ECanaLAMRegs
00006080   _ECanaMOTSRegs
000060c0   _ECanaMOTORegs
00006100   _ECanaMboxes
00006200   _ECanbRegs
00006240   _ECanbLAMRegs
00006280   _ECanbMOTSRegs
000062c0   _ECanbMOTORegs
00006300   _ECanbMboxes
00006800   _EPwm1Regs
00006840   _EPwm2Regs
00006880   _EPwm3Regs
000068c0   _EPwm4Regs
00006900   _EPwm5Regs
00006940   _EPwm6Regs
00006a00   _ECap1Regs
00006a20   _ECap2Regs
00006a40   _ECap3Regs
00006a60   _ECap4Regs
00006a80   _ECap5Regs
00006aa0   _ECap6Regs
00006b00   _EQep1Regs
00006b40   _EQep2Regs
00006f80   _GpioCtrlRegs
00006fc0   _GpioDataRegs
00006fe0   _GpioIntRegs
00007010   _SysCtrlRegs
00007040   _SpiaRegs
00007050   _SciaRegs
00007070   _XIntruptRegs
00007100   _AdcRegs
00007750   _ScibRegs
00007770   _ScicRegs
00007900   _I2caRegs
00008000   __stack
000083e8   __STACK_END
0000a500   _InitFlash
0000a500   _RamfuncsRunStart
0000a51b   _DSP28x_usDelay
0000c000   _Timer_flag
0000c002   _gSystem_WaterValue
0000c008   _Test_gSystem_LabviewData
0000c010   _gSystem_WaterParam
0000c01a   _cmd_buffer
0000c040   _Cross_OutPut
0000c700   _gSampleTable
0000cdc0   _gSampleValue
0000db00   _gDalOutPut
0000ed26   _CpuTimer1
0000ed2e   _CpuTimer2
0000ed36   _CpuTimer0
0000ed3e   _errno
0000ed40   _Low_Filter2
0000edc0   _Low_Filter1
0000ee3c   __unlock
0000ee3e   __lock
0000ee62   _Fresh_occupyvalue
0000ee64   _PID_eut
0000ee66   _PID_e0
0000ee68   _PID_e1
0000ee6a   _PID_KP
0000ee6c   _PID_KI
0000ee6e   _PID_y0
0000ee70   _PID_y1
0000ee72   _PID_de
0000ee74   _i3
0000ee75   _light_state3
0000ee76   _blue_light_state4
0000ee77   _blue_light_state5
0000ee78   _i4
0000ee79   _i5
0000ee7a   _i1
0000ee7b   _red_light_state1
0000ee7c   _i2
0000ee7d   _red_light_state2
0000ee80   __cleanup_ptr
0000ee82   __dtors_ptr
0000ee84   _SampleCount_Status_Flag
0000ee85   _Head_pointNum
0000ee86   _SampleCount
00320000   _RamfuncsLoadStart
0032001f   _RamfuncsLoadEnd
00338000   .text
00338000   _SendStrings
00338000   ___text__
00338010   _SendNU8
00338022   _SendNU16
0033803b   _SetHandShake
0033804e   _SetFcolor
0033806d   _ColorPicker
0033809b   _GUI_CleanScreen
003380ae   _SetTextSpace
003380cd   _SetFont_Region
003380fb   _DisFull_Image
0033811f   _DisFlashImage
0033815b   _GUI_Dot
00338184   _GUI_Line
003381c1   _GUI_ConDots
003381e2   _GUI_ConSpaceDots
00338211   _GUI_FcolorConOffsetDots
00338240   _GUI_BcolorConOffsetDots
0033826f   _SetPowerSaving
00338298   _GUI_FcolorConDots
003382b4   _GUI_BcolorConDots
003382d0   _SetBackLight
003382ea   _SetBuzzer
00338304   _GUI_AreaInycolor
00338341   _SetTouchPaneOption
00338371   _CalibrateTouchPane
00338384   _TestTouchPane
00338397   _LockDeviceConfig
003383b6   _UnlockDeviceConfig
003383d5   _WriteLayer
003383ef   _DisplyLayer
00338409   _CopyLayer
00338428   _ClearLayer
00338442   _GUI_DispRTC
00338482   _WriteUserFlash
003384b5   _ReadUserFlash
003384ec   _GetScreen
00338502   _SetScreen
00338524   _SetScreenUpdateEnable
0033853e   _SetControlFocus
0033856f   _SetControlEnable
003385a0   _SetButtonValue
003385d1   _SetTextValue
00338601   _GetControlValue
0033862d   _AnimationStart
00338659   _AnimationStop
00338685   _AnimationPause
003386b1   _AnimationPlayPrev
003386dd   _AnimationPlayNext
00338709   _GraphChannelAdd
00338744   _GraphChannelDel
00338775   _GraphChannelDataAdd
003387b4   _GraphChannelDataClear
003387e5   _GraphSetViewport
00338837   _BatchBegin
0033884d   _BatchSetProgressValue
00338878   _BatchSetSliderValue
003388a3   _GetStringLen
003388b2   _BatchSetText
003388d0   _BatchEnd
003388dd   _ShowKeyboard
00338918   _INT13_ISR
00338922   _INT14_ISR
0033892c   _DATALOG_ISR
00338936   _RTOSINT_ISR
00338940   _EMUINT_ISR
0033894a   _NMI_ISR
00338954   _ILLEGAL_ISR
0033895e   _USER1_ISR
00338968   _USER2_ISR
00338972   _USER3_ISR
0033897c   _USER4_ISR
00338986   _USER5_ISR
00338990   _USER6_ISR
0033899a   _USER7_ISR
003389a4   _USER8_ISR
003389ae   _USER9_ISR
003389b8   _USER10_ISR
003389c2   _USER11_ISR
003389cc   _USER12_ISR
003389d6   _SEQ1INT_ISR
003389e0   _SEQ2INT_ISR
003389ea   _XINT1_ISR
003389f4   _XINT2_ISR
003389fe   _ADCINT_ISR
00338a08   _TINT0_ISR
00338a12   _WAKEINT_ISR
00338a1c   _EPWM1_TZINT_ISR
00338a26   _EPWM2_TZINT_ISR
00338a30   _EPWM3_TZINT_ISR
00338a3a   _EPWM4_TZINT_ISR
00338a44   _EPWM5_TZINT_ISR
00338a4e   _EPWM6_TZINT_ISR
00338a58   _EPWM1_INT_ISR
00338a62   _EPWM2_INT_ISR
00338a6c   _EPWM3_INT_ISR
00338a76   _EPWM4_INT_ISR
00338a80   _EPWM5_INT_ISR
00338a8a   _EPWM6_INT_ISR
00338a94   _ECAP1_INT_ISR
00338a9e   _ECAP2_INT_ISR
00338aa8   _ECAP3_INT_ISR
00338ab2   _ECAP4_INT_ISR
00338abc   _ECAP5_INT_ISR
00338ac6   _ECAP6_INT_ISR
00338ad0   _EQEP1_INT_ISR
00338ada   _EQEP2_INT_ISR
00338ae4   _SPIRXINTA_ISR
00338aee   _SPITXINTA_ISR
00338af8   _MRINTB_ISR
00338b02   _MXINTB_ISR
00338b0c   _MRINTA_ISR
00338b16   _MXINTA_ISR
00338b20   _DINTCH1_ISR
00338b2a   _DINTCH2_ISR
00338b34   _DINTCH3_ISR
00338b3e   _DINTCH4_ISR
00338b48   _DINTCH5_ISR
00338b52   _DINTCH6_ISR
00338b5c   _I2CINT1A_ISR
00338b66   _I2CINT2A_ISR
00338b70   _SCIRXINTC_ISR
00338b7a   _SCITXINTC_ISR
00338b84   _SCIRXINTA_ISR
00338b8e   _SCITXINTA_ISR
00338b98   _SCIRXINTB_ISR
00338ba2   _SCITXINTB_ISR
00338bac   _ECAN0INTA_ISR
00338bb6   _ECAN1INTA_ISR
00338bc0   _ECAN0INTB_ISR
00338bca   _ECAN1INTB_ISR
00338bd4   _XINT3_ISR
00338bde   _XINT4_ISR
00338be8   _XINT5_ISR
00338bf2   _XINT6_ISR
00338bfc   _XINT7_ISR
00338c06   _LVF_ISR
00338c10   _LUF_ISR
00338c1a   _EMPTY_ISR
00338c27   _PIE_RESERVED
00338c31   _rsvd_ISR
00338c3b   _LinearConvolution
00338ce2   _SINCOS_TAB
00338d16   _DAL_Process
00338eb7   _Moisture_FITcalcu
00338ee6   _Data_Trans
00338f2b   _Single_AmpValue
00338f5b   _ProcessMessage
00338fab   _NotifyScreen
00338faf   _NotifyTouchXY
00338fb5   _FloatToISCII
0033902c   _InitUI
00339078   _UpdateUI
003390d7   _NotifyButton
003390dd   _StrToFloat
0033913b   _NotifyText
0033918a   _NotifyReadFlash
00339190   _NotifyWriteFlash
00339194   _main
00339353   _ISRTimer0
00339372   _scic_isr
003393d0   _OUTAD_Variable_Init
0033941e   _OUTAD_Init
00339440   _GetAD_Value
0033949f   _AD_Data_Shift
00339549   _AD9833_configinit
00339563   _delay
0033956f   _write_ad9833_d16
003395af   _JudgeCS
003395d7   _AD9833_Reset
0033960e   _AD9833_Outdata
00339694   _UartInit
003396c4   _SendChar
003396d0   _Send_msg
003396df   _SendValuetoLabview
003397e0   _reset
0033980e   _write_byte
0033984d   _read_byte
00339887   _TEM_Getinit
0033988a   _get_temp
003398fc   _InitSysCtrl
00339905   _ServiceDog
0033990f   _DisableDog
00339917   _InitPll
00339965   _InitPeripheralClocks
003399c0   _CsmUnlock
003399f1   _InitXintf
00339a44   _InitXintf32Gpio
00339a8b   _InitXintf16Gpio
00339ae5   _LED_IOinit
00339b11   _LED_Red_Flash
00339b30   _LED_Red_Flash_Slow
00339b4d   _LED_Error_Flash
00339b70   _LED_Blue_Flash
00339b8f   _LED_Blue_Flash_Slow
00339bae   _Bell_Didadi
00339bd1   _queue_reset
00339bd9   _queue_push
00339c0d   _queue_find_cmd
00339c5a   FS$$DIV
00339ce2   _InitCpuTimers
00339d21   _ConfigCpuTimer
00339d5c   _EPWM_tem_Init
00339da2   _EPWM_tem_UpdataCMPA
00339dc2   _EPWM_LED_deInit
00339dc6   _Get_new_occupyrate
00339e30   _cos
00339e8e   _sin
00339eea   _c_int00
00339f30   _InitSci
00339f31   _InitSciGpio
00339f34   _InitSciaGpio
00339f49   _InitScibGpio
00339f5f   _InitScicGpio
00339f75   _InitPieCtrl
00339f94   _EnableInterrupts
00339f9d   ___memcpy_ff
00339fbe   _InitPieVectTable
00339fde   _sqrt
00339ffe   __args_main
0033a019   C$$EXIT
0033a019   _abort
0033a01b   _exit
0033a032   _MemCopy
0033a049   _InitAdc
0033a05d   U$$DIV
0033a062   U$$MOD
0033a068   __register_unlock
0033a06c   __register_lock
0033a070   __nop
0033a079   _memset
0033a080   ___etext__
0033a080   etext
0033ad9c   _PieVectTableInit
0033b16c   ___cinit__
0033b16c   cinit
0033fff6   code_start
0033fff8   _CsmPwl
00380080   _ADC_cal
ffffffff   ___binit__
ffffffff   ___c_args__
ffffffff   ___pinit__
ffffffff   binit
ffffffff   pinit

[343 symbols]
