******************************************************************************
             TMS320C2000 Linker PC v5.2.3                      
******************************************************************************
>> Linked Sun Dec 20 21:51:35 2015

OUTPUT FILE NAME:   <DATA_Process_test.out>
ENTRY POINT SYMBOL: "_c_int00"  address: 00009b92


MEMORY CONFIGURATION

         name            origin    length      used     unused   attr    fill
----------------------  --------  ---------  --------  --------  ----  --------
PAGE 0:
  BEGIN                 00000000   00000002  00000002  00000000  RWIX
  BOOT_RSVD             00000002   0000004e  00000000  0000004e  RWIX
  RAMM0                 00000050   000003b0  00000000  000003b0  RWIX
  RAML                  00008000   00004000  00001d40  000022c0  RWIX
  ZONE7A                00200000   0000fc00  00000000  0000fc00  RWIX
  CSM_RSVD              0033ff80   00000076  00000000  00000076  RWIX
  CSM_PWL               0033fff8   00000008  00000000  00000008  RWIX
  ADC_CAL               00380080   00000009  00000007  00000002  RWIX
  IQTABLES              003fe000   00000b50  00000000  00000b50  RWIX
  IQTABLES2             003feb50   0000008c  00000000  0000008c  RWIX
  FPUTABLES             003febdc   000006a0  00000000  000006a0  RWIX
  BOOTROM               003ff27c   00000d44  00000000  00000d44  RWIX
  RESET                 003fffc0   00000002  00000000  00000002  RWIX

PAGE 1:
  RAMM                  00000400   00000400  000003e8  00000018  RWIX
  DEV_EMU               00000880   00000180  000000d0  000000b0  RWIX
  FLASH_REGS            00000a80   00000060  00000008  00000058  RWIX
  CSM                   00000ae0   00000010  00000010  00000000  RWIX
  ADC_MIRROR            00000b00   00000010  00000010  00000000  RWIX
  XINTF                 00000b20   00000020  0000001e  00000002  RWIX
  CPU_TIMER0            00000c00   00000008  00000008  00000000  RWIX
  CPU_TIMER1            00000c08   00000008  00000008  00000000  RWIX
  CPU_TIMER2            00000c10   00000008  00000008  00000000  RWIX
  PIE_CTRL              00000ce0   00000020  0000001a  00000006  RWIX
  PIE_VECT              00000d00   00000100  00000100  00000000  RWIX
  DMA                   00001000   00000200  000000e0  00000120  RWIX
  MCBSPA                00005000   00000040  00000025  0000001b  RWIX
  MCBSPB                00005040   00000040  00000025  0000001b  RWIX
  ECANA                 00006000   00000040  00000034  0000000c  RWIX
  ECANA_LAM             00006040   00000040  00000040  00000000  RWIX
  ECANA_MOTS            00006080   00000040  00000040  00000000  RWIX
  ECANA_MOTO            000060c0   00000040  00000040  00000000  RWIX
  ECANA_MBOX            00006100   00000100  00000100  00000000  RWIX
  ECANB                 00006200   00000040  00000034  0000000c  RWIX
  ECANB_LAM             00006240   00000040  00000040  00000000  RWIX
  ECANB_MOTS            00006280   00000040  00000040  00000000  RWIX
  ECANB_MOTO            000062c0   00000040  00000040  00000000  RWIX
  ECANB_MBOX            00006300   00000100  00000100  00000000  RWIX
  EPWM1                 00006800   00000022  00000022  00000000  RWIX
  EPWM2                 00006840   00000022  00000022  00000000  RWIX
  EPWM3                 00006880   00000022  00000022  00000000  RWIX
  EPWM4                 000068c0   00000022  00000022  00000000  RWIX
  EPWM5                 00006900   00000022  00000022  00000000  RWIX
  EPWM6                 00006940   00000022  00000022  00000000  RWIX
  ECAP1                 00006a00   00000020  00000020  00000000  RWIX
  ECAP2                 00006a20   00000020  00000020  00000000  RWIX
  ECAP3                 00006a40   00000020  00000020  00000000  RWIX
  ECAP4                 00006a60   00000020  00000020  00000000  RWIX
  ECAP5                 00006a80   00000020  00000020  00000000  RWIX
  ECAP6                 00006aa0   00000020  00000020  00000000  RWIX
  EQEP1                 00006b00   00000040  00000040  00000000  RWIX
  EQEP2                 00006b40   00000040  00000040  00000000  RWIX
  GPIOCTRL              00006f80   00000040  0000002e  00000012  RWIX
  GPIODAT               00006fc0   00000020  00000020  00000000  RWIX
  GPIOINT               00006fe0   00000020  0000000a  00000016  RWIX
  SYSTEM                00007010   00000020  00000020  00000000  RWIX
  SPIA                  00007040   00000010  00000010  00000000  RWIX
  SCIA                  00007050   00000010  00000010  00000000  RWIX
  XINTRUPT              00007070   00000010  00000010  00000000  RWIX
  ADC                   00007100   00000020  0000001e  00000002  RWIX
  SCIB                  00007750   00000010  00000010  00000000  RWIX
  SCIC                  00007770   00000010  00000010  00000000  RWIX
  I2CA                  00007900   00000040  00000022  0000001e  RWIX
  RAMH                  0000c000   00004000  0000365f  000009a1  RWIX
  ZONE7B                0020fc00   00000400  00000000  00000400  RWIX
  CSM_PWL               0033fff8   00000008  00000008  00000000  RWIX


SECTION ALLOCATION MAP

 output                                  attributes/
section   page    origin      length       input sections
--------  ----  ----------  ----------   ----------------
codestart 
*          0    00000000    00000002     
                  00000000    00000002     DSP2833x_CodeStartBranch.obj (codestart)

.pinit     0    00008000    00000000     UNINITIALIZED

.cinit     0    00008000    0000137c     
                  00008000    00001326     ConstData_Table.obj (.cinit)
                  00009326    0000003c     DATA_Process.obj (.cinit)
                  00009362    0000000a     rts2800_fpu32.lib : _lock.obj (.cinit)
                  0000936c    0000000a                       : exit.obj (.cinit)
                  00009376    00000004                       : errno.obj (.cinit)
                  0000937a    00000002     --HOLE-- [fill = 0]

.text      0    0000937c    000009a5     
                  0000937c    00000323     DSP2833x_DefaultIsr.obj (.text)
                  0000969f    00000206     DATA_Process.obj (.text)
                  000098a5    000000f6     DSP2833x_Xintf.obj (.text)
                  0000999b    000000f5     DSP2833x_SysCtrl.obj (.text)
                  00009a90    00000088     rts2800_fpu32.lib : fs_div.obj (.text)
                  00009b18    0000007a     DSP2833x_CpuTimers.obj (.text)
                  00009b92    00000046     rts2800_fpu32.lib : boot.obj (.text)
                  00009bd8    00000045     DSP2833x_Sci.obj (.text)
                  00009c1d    00000028     DSP2833x_PieCtrl.obj (.text)
                  00009c45    00000021     main.obj (.text)
                  00009c66    00000021     rts2800_fpu32.lib : memcpy_ff.obj (.text)
                  00009c87    00000020     DSP2833x_PieVect.obj (.text)
                  00009ca7    00000001     --HOLE-- [fill = 0]
                  00009ca8    00000020     rts2800_fpu32.lib : sqrt.obj (.text)
                  00009cc8    0000001b                       : args_main.obj (.text)
                  00009ce3    00000019                       : exit.obj (.text)
                  00009cfc    00000014     DSP2833x_Adc.obj (.text)
                  00009d10    00000009     rts2800_fpu32.lib : _lock.obj (.text)
                  00009d19    00000008     DSP2833x_CodeStartBranch.obj (.text)

ramfuncs   0    00009d21    0000001f     
                  00009d21    0000001b     DSP2833x_SysCtrl.obj (ramfuncs)
                  00009d3c    00000004     DSP2833x_usDelay.obj (ramfuncs)

csm_rsvd   0    0033ff80    00000000     DSECT

csmpasswds 
*          0    0033fff8    00000000     DSECT

.adc_cal   0    00380080    00000007     NOLOAD SECTION
                  00380080    00000007     DSP2833x_ADC_cal.obj (.adc_cal)

.reset     0    003fffc0    00000002     DSECT
                  003fffc0    00000002     rts2800_fpu32.lib : boot.obj (.reset)

.stack     1    00000400    000003e8     UNINITIALIZED
                  00000400    000003e8     --HOLE--

DevEmuRegsFile 
*          1    00000880    000000d0     UNINITIALIZED
                  00000880    000000d0     DSP2833x_GlobalVariableDefs.obj (DevEmuRegsFile)

FlashRegsFile 
*          1    00000a80    00000008     UNINITIALIZED
                  00000a80    00000008     DSP2833x_GlobalVariableDefs.obj (FlashRegsFile)

CsmRegsFile 
*          1    00000ae0    00000010     UNINITIALIZED
                  00000ae0    00000010     DSP2833x_GlobalVariableDefs.obj (CsmRegsFile)

AdcMirrorFile 
*          1    00000b00    00000010     UNINITIALIZED
                  00000b00    00000010     DSP2833x_GlobalVariableDefs.obj (AdcMirrorFile)

XintfRegsFile 
*          1    00000b20    0000001e     UNINITIALIZED
                  00000b20    0000001e     DSP2833x_GlobalVariableDefs.obj (XintfRegsFile)

CpuTimer0RegsFile 
*          1    00000c00    00000008     UNINITIALIZED
                  00000c00    00000008     DSP2833x_GlobalVariableDefs.obj (CpuTimer0RegsFile)

CpuTimer1RegsFile 
*          1    00000c08    00000008     UNINITIALIZED
                  00000c08    00000008     DSP2833x_GlobalVariableDefs.obj (CpuTimer1RegsFile)

CpuTimer2RegsFile 
*          1    00000c10    00000008     UNINITIALIZED
                  00000c10    00000008     DSP2833x_GlobalVariableDefs.obj (CpuTimer2RegsFile)

PieCtrlRegsFile 
*          1    00000ce0    0000001a     UNINITIALIZED
                  00000ce0    0000001a     DSP2833x_GlobalVariableDefs.obj (PieCtrlRegsFile)

PieVectTableFile 
*          1    00000d00    00000100     UNINITIALIZED
                  00000d00    00000100     DSP2833x_GlobalVariableDefs.obj (PieVectTableFile)

DmaRegsFile 
*          1    00001000    000000e0     UNINITIALIZED
                  00001000    000000e0     DSP2833x_GlobalVariableDefs.obj (DmaRegsFile)

McbspaRegsFile 
*          1    00005000    00000025     UNINITIALIZED
                  00005000    00000025     DSP2833x_GlobalVariableDefs.obj (McbspaRegsFile)

McbspbRegsFile 
*          1    00005040    00000025     UNINITIALIZED
                  00005040    00000025     DSP2833x_GlobalVariableDefs.obj (McbspbRegsFile)

ECanaRegsFile 
*          1    00006000    00000034     UNINITIALIZED
                  00006000    00000034     DSP2833x_GlobalVariableDefs.obj (ECanaRegsFile)

ECanaLAMRegsFile 
*          1    00006040    00000040     UNINITIALIZED
                  00006040    00000040     DSP2833x_GlobalVariableDefs.obj (ECanaLAMRegsFile)

ECanaMOTSRegsFile 
*          1    00006080    00000040     UNINITIALIZED
                  00006080    00000040     DSP2833x_GlobalVariableDefs.obj (ECanaMOTSRegsFile)

ECanaMOTORegsFile 
*          1    000060c0    00000040     UNINITIALIZED
                  000060c0    00000040     DSP2833x_GlobalVariableDefs.obj (ECanaMOTORegsFile)

ECanaMboxesFile 
*          1    00006100    00000100     UNINITIALIZED
                  00006100    00000100     DSP2833x_GlobalVariableDefs.obj (ECanaMboxesFile)

ECanbRegsFile 
*          1    00006200    00000034     UNINITIALIZED
                  00006200    00000034     DSP2833x_GlobalVariableDefs.obj (ECanbRegsFile)

ECanbLAMRegsFile 
*          1    00006240    00000040     UNINITIALIZED
                  00006240    00000040     DSP2833x_GlobalVariableDefs.obj (ECanbLAMRegsFile)

ECanbMOTSRegsFile 
*          1    00006280    00000040     UNINITIALIZED
                  00006280    00000040     DSP2833x_GlobalVariableDefs.obj (ECanbMOTSRegsFile)

ECanbMOTORegsFile 
*          1    000062c0    00000040     UNINITIALIZED
                  000062c0    00000040     DSP2833x_GlobalVariableDefs.obj (ECanbMOTORegsFile)

ECanbMboxesFile 
*          1    00006300    00000100     UNINITIALIZED
                  00006300    00000100     DSP2833x_GlobalVariableDefs.obj (ECanbMboxesFile)

EPwm1RegsFile 
*          1    00006800    00000022     UNINITIALIZED
                  00006800    00000022     DSP2833x_GlobalVariableDefs.obj (EPwm1RegsFile)

EPwm2RegsFile 
*          1    00006840    00000022     UNINITIALIZED
                  00006840    00000022     DSP2833x_GlobalVariableDefs.obj (EPwm2RegsFile)

EPwm3RegsFile 
*          1    00006880    00000022     UNINITIALIZED
                  00006880    00000022     DSP2833x_GlobalVariableDefs.obj (EPwm3RegsFile)

EPwm4RegsFile 
*          1    000068c0    00000022     UNINITIALIZED
                  000068c0    00000022     DSP2833x_GlobalVariableDefs.obj (EPwm4RegsFile)

EPwm5RegsFile 
*          1    00006900    00000022     UNINITIALIZED
                  00006900    00000022     DSP2833x_GlobalVariableDefs.obj (EPwm5RegsFile)

EPwm6RegsFile 
*          1    00006940    00000022     UNINITIALIZED
                  00006940    00000022     DSP2833x_GlobalVariableDefs.obj (EPwm6RegsFile)

ECap1RegsFile 
*          1    00006a00    00000020     UNINITIALIZED
                  00006a00    00000020     DSP2833x_GlobalVariableDefs.obj (ECap1RegsFile)

ECap2RegsFile 
*          1    00006a20    00000020     UNINITIALIZED
                  00006a20    00000020     DSP2833x_GlobalVariableDefs.obj (ECap2RegsFile)

ECap3RegsFile 
*          1    00006a40    00000020     UNINITIALIZED
                  00006a40    00000020     DSP2833x_GlobalVariableDefs.obj (ECap3RegsFile)

ECap4RegsFile 
*          1    00006a60    00000020     UNINITIALIZED
                  00006a60    00000020     DSP2833x_GlobalVariableDefs.obj (ECap4RegsFile)

ECap5RegsFile 
*          1    00006a80    00000020     UNINITIALIZED
                  00006a80    00000020     DSP2833x_GlobalVariableDefs.obj (ECap5RegsFile)

ECap6RegsFile 
*          1    00006aa0    00000020     UNINITIALIZED
                  00006aa0    00000020     DSP2833x_GlobalVariableDefs.obj (ECap6RegsFile)

EQep1RegsFile 
*          1    00006b00    00000040     UNINITIALIZED
                  00006b00    00000040     DSP2833x_GlobalVariableDefs.obj (EQep1RegsFile)

EQep2RegsFile 
*          1    00006b40    00000040     UNINITIALIZED
                  00006b40    00000040     DSP2833x_GlobalVariableDefs.obj (EQep2RegsFile)

GpioCtrlRegsFile 
*          1    00006f80    0000002e     UNINITIALIZED
                  00006f80    0000002e     DSP2833x_GlobalVariableDefs.obj (GpioCtrlRegsFile)

GpioDataRegsFile 
*          1    00006fc0    00000020     UNINITIALIZED
                  00006fc0    00000020     DSP2833x_GlobalVariableDefs.obj (GpioDataRegsFile)

GpioIntRegsFile 
*          1    00006fe0    0000000a     UNINITIALIZED
                  00006fe0    0000000a     DSP2833x_GlobalVariableDefs.obj (GpioIntRegsFile)

SysCtrlRegsFile 
*          1    00007010    00000020     UNINITIALIZED
                  00007010    00000020     DSP2833x_GlobalVariableDefs.obj (SysCtrlRegsFile)

SpiaRegsFile 
*          1    00007040    00000010     UNINITIALIZED
                  00007040    00000010     DSP2833x_GlobalVariableDefs.obj (SpiaRegsFile)

SciaRegsFile 
*          1    00007050    00000010     UNINITIALIZED
                  00007050    00000010     DSP2833x_GlobalVariableDefs.obj (SciaRegsFile)

XIntruptRegsFile 
*          1    00007070    00000010     UNINITIALIZED
                  00007070    00000010     DSP2833x_GlobalVariableDefs.obj (XIntruptRegsFile)

AdcRegsFile 
*          1    00007100    0000001e     UNINITIALIZED
                  00007100    0000001e     DSP2833x_GlobalVariableDefs.obj (AdcRegsFile)

ScibRegsFile 
*          1    00007750    00000010     UNINITIALIZED
                  00007750    00000010     DSP2833x_GlobalVariableDefs.obj (ScibRegsFile)

ScicRegsFile 
*          1    00007770    00000010     UNINITIALIZED
                  00007770    00000010     DSP2833x_GlobalVariableDefs.obj (ScicRegsFile)

I2caRegsFile 
*          1    00007900    00000022     UNINITIALIZED
                  00007900    00000022     DSP2833x_GlobalVariableDefs.obj (I2caRegsFile)

.ebss      1    0000c000    00002e57     UNINITIALIZED
                  0000c000    000019e8     DATA_Process.obj (.ebss)
                  0000d9e8    00000018     DSP2833x_CpuTimers.obj (.ebss)
                  0000da00    0000144e     ConstData_Table.obj (.ebss)
                  0000ee4e    00000004     rts2800_fpu32.lib : _lock.obj (.ebss)
                  0000ee52    00000004                       : exit.obj (.ebss)
                  0000ee56    00000001                       : errno.obj (.ebss)

.econst    1    0000ee58    00000808     
                  0000ee58    00000384     DATA_Process.obj (.econst:_$P$T0$1)
                  0000f1dc    00000384     DATA_Process.obj (.econst:_$P$T1$2)
                  0000f560    00000100     DSP2833x_PieVect.obj (.econst)

CsmPwlFile 
*          1    0033fff8    00000008     UNINITIALIZED
                  0033fff8    00000008     DSP2833x_GlobalVariableDefs.obj (CsmPwlFile)


GLOBAL SYMBOLS: SORTED ALPHABETICALLY BY Name 

address    name
--------   ----
0000937c   .text
00009ce3   C$$EXIT
00009a90   FS$$DIV
00009462   _ADCINT_ISR
00380080   _ADC_cal
00000b00   _AdcMirror
00007100   _AdcRegs
00009b57   _ConfigCpuTimer
0000d9f8   _CpuTimer0
00000c00   _CpuTimer0Regs
0000d9e8   _CpuTimer1
00000c08   _CpuTimer1Regs
0000d9f0   _CpuTimer2
00000c10   _CpuTimer2Regs
0033fff8   _CsmPwl
00000ae0   _CsmRegs
00009a5f   _CsmUnlock
0000c400   _DAL_OutPut1
0000d640   _DAL_OutPut2
0000c0c0   _DAL_OutPut3
00009738   _DAL_Process
00009390   _DATALOG_ISR
00009584   _DINTCH1_ISR
0000958e   _DINTCH2_ISR
00009598   _DINTCH3_ISR
000095a2   _DINTCH4_ISR
000095ac   _DINTCH5_ISR
000095b6   _DINTCH6_ISR
00009d3c   _DSP28x_usDelay
0000983b   _Data_Trans
00000880   _DevEmuRegs
000099ae   _DisableDog
00001000   _DmaRegs
00009610   _ECAN0INTA_ISR
00009624   _ECAN0INTB_ISR
0000961a   _ECAN1INTA_ISR
0000962e   _ECAN1INTB_ISR
000094f8   _ECAP1_INT_ISR
00009502   _ECAP2_INT_ISR
0000950c   _ECAP3_INT_ISR
00009516   _ECAP4_INT_ISR
00009520   _ECAP5_INT_ISR
0000952a   _ECAP6_INT_ISR
00006040   _ECanaLAMRegs
000060c0   _ECanaMOTORegs
00006080   _ECanaMOTSRegs
00006100   _ECanaMboxes
00006000   _ECanaRegs
00006240   _ECanbLAMRegs
000062c0   _ECanbMOTORegs
00006280   _ECanbMOTSRegs
00006300   _ECanbMboxes
00006200   _ECanbRegs
00006a00   _ECap1Regs
00006a20   _ECap2Regs
00006a40   _ECap3Regs
00006a60   _ECap4Regs
00006a80   _ECap5Regs
00006aa0   _ECap6Regs
0000967e   _EMPTY_ISR
000093a4   _EMUINT_ISR
000094bc   _EPWM1_INT_ISR
00009480   _EPWM1_TZINT_ISR
000094c6   _EPWM2_INT_ISR
0000948a   _EPWM2_TZINT_ISR
000094d0   _EPWM3_INT_ISR
00009494   _EPWM3_TZINT_ISR
000094da   _EPWM4_INT_ISR
0000949e   _EPWM4_TZINT_ISR
000094e4   _EPWM5_INT_ISR
000094a8   _EPWM5_TZINT_ISR
000094ee   _EPWM6_INT_ISR
000094b2   _EPWM6_TZINT_ISR
00006800   _EPwm1Regs
00006840   _EPwm2Regs
00006880   _EPwm3Regs
000068c0   _EPwm4Regs
00006900   _EPwm5Regs
00006940   _EPwm6Regs
00009534   _EQEP1_INT_ISR
0000953e   _EQEP2_INT_ISR
00006b00   _EQep1Regs
00006b40   _EQep2Regs
00009c3c   _EnableInterrupts
0000c002   _Ever_VolOut1
0000c080   _Ever_VolOut2
0000c040   _Ever_VolOut3
00000a80   _FlashRegs
00006f80   _GpioCtrlRegs
00006fc0   _GpioDataRegs
00006fe0   _GpioIntRegs
000095c0   _I2CINT1A_ISR
000095ca   _I2CINT2A_ISR
00007900   _I2caRegs
000093b8   _ILLEGAL_ISR
0000937c   _INT13_ISR
00009386   _INT14_ISR
00009cfc   _InitAdc
00009b18   _InitCpuTimers
00009d21   _InitFlash
00009a04   _InitPeripheralClocks
00009c1d   _InitPieCtrl
00009c87   _InitPieVectTable
000099b6   _InitPll
00009bd8   _InitSci
00009bd9   _InitSciGpio
00009bdc   _InitSciaGpio
00009bf1   _InitScibGpio
00009c07   _InitScicGpio
0000999b   _InitSysCtrl
000098a5   _InitXintf
00009941   _InitXintf16Gpio
000098fa   _InitXintf32Gpio
00009674   _LUF_ISR
0000966a   _LVF_ISR
0000969f   _LinearConvolution
0000da80   _Low_Filter1
0000da00   _Low_Filter2
00009570   _MRINTA_ISR
0000955c   _MRINTB_ISR
0000957a   _MXINTA_ISR
00009566   _MXINTB_ISR
00005000   _McbspaRegs
00005040   _McbspbRegs
000093ae   _NMI_ISR
0000968b   _PIE_RESERVED
00000ce0   _PieCtrlRegs
00000d00   _PieVectTable
0000f560   _PieVectTableInit
0000939a   _RTOSINT_ISR
000095e8   _SCIRXINTA_ISR
000095fc   _SCIRXINTB_ISR
000095d4   _SCIRXINTC_ISR
000095f2   _SCITXINTA_ISR
00009606   _SCITXINTB_ISR
000095de   _SCITXINTC_ISR
0000943a   _SEQ1INT_ISR
00009444   _SEQ2INT_ISR
00009548   _SPIRXINTA_ISR
00009552   _SPITXINTA_ISR
0000cb00   _SampleValue1
0000d280   _SampleValue2
0000cec0   _SampleValue3
00007050   _SciaRegs
00007750   _ScibRegs
00007770   _ScicRegs
0000c780   _Sdata
000099a4   _ServiceDog
0000987f   _Single_Result
00007040   _SpiaRegs
00007010   _SysCtrlRegs
0000946c   _TINT0_ISR
0000941c   _USER10_ISR
00009426   _USER11_ISR
00009430   _USER12_ISR
000093c2   _USER1_ISR
000093cc   _USER2_ISR
000093d6   _USER3_ISR
000093e0   _USER4_ISR
000093ea   _USER5_ISR
000093f4   _USER6_ISR
000093fe   _USER7_ISR
00009408   _USER8_ISR
00009412   _USER9_ISR
00009476   _WAKEINT_ISR
0000944e   _XINT1_ISR
00009458   _XINT2_ISR
00009638   _XINT3_ISR
00009642   _XINT4_ISR
0000964c   _XINT5_ISR
00009656   _XINT6_ISR
00009660   _XINT7_ISR
00007070   _XIntruptRegs
00000b20   _XintfRegs
000007e8   __STACK_END
000003e8   __STACK_SIZE
00000001   __TI_args_main
ffffffff   ___binit__
ffffffff   ___c_args__
00008000   ___cinit__
00009d21   ___etext__
00009c66   ___memcpy_ff
ffffffff   ___pinit__
0000937c   ___text__
00009cc8   __args_main
0000ee52   __cleanup_ptr
0000ee54   __dtors_ptr
0000ee50   __lock
00009d18   __nop
00009d14   __register_lock
00009d10   __register_unlock
00000400   __stack
0000ee4e   __unlock
00009ce3   _abort
0000c000   _array_index
00009b92   _c_int00
0000e100   _cos_wave1
0000e780   _cos_wave2
0000de00   _cos_wave3
0000ee56   _errno
00009ce5   _exit
00009c45   _main
00009695   _rsvd_ISR
0000e440   _sin_wave1
0000eb00   _sin_wave2
0000db00   _sin_wave3
00009ca8   _sqrt
ffffffff   binit
00008000   cinit
00000000   code_start
00009d21   etext
ffffffff   pinit


GLOBAL SYMBOLS: SORTED BY Symbol Address 

address    name
--------   ----
00000000   code_start
00000001   __TI_args_main
000003e8   __STACK_SIZE
00000400   __stack
000007e8   __STACK_END
00000880   _DevEmuRegs
00000a80   _FlashRegs
00000ae0   _CsmRegs
00000b00   _AdcMirror
00000b20   _XintfRegs
00000c00   _CpuTimer0Regs
00000c08   _CpuTimer1Regs
00000c10   _CpuTimer2Regs
00000ce0   _PieCtrlRegs
00000d00   _PieVectTable
00001000   _DmaRegs
00005000   _McbspaRegs
00005040   _McbspbRegs
00006000   _ECanaRegs
00006040   _ECanaLAMRegs
00006080   _ECanaMOTSRegs
000060c0   _ECanaMOTORegs
00006100   _ECanaMboxes
00006200   _ECanbRegs
00006240   _ECanbLAMRegs
00006280   _ECanbMOTSRegs
000062c0   _ECanbMOTORegs
00006300   _ECanbMboxes
00006800   _EPwm1Regs
00006840   _EPwm2Regs
00006880   _EPwm3Regs
000068c0   _EPwm4Regs
00006900   _EPwm5Regs
00006940   _EPwm6Regs
00006a00   _ECap1Regs
00006a20   _ECap2Regs
00006a40   _ECap3Regs
00006a60   _ECap4Regs
00006a80   _ECap5Regs
00006aa0   _ECap6Regs
00006b00   _EQep1Regs
00006b40   _EQep2Regs
00006f80   _GpioCtrlRegs
00006fc0   _GpioDataRegs
00006fe0   _GpioIntRegs
00007010   _SysCtrlRegs
00007040   _SpiaRegs
00007050   _SciaRegs
00007070   _XIntruptRegs
00007100   _AdcRegs
00007750   _ScibRegs
00007770   _ScicRegs
00007900   _I2caRegs
00008000   ___cinit__
00008000   cinit
0000937c   .text
0000937c   _INT13_ISR
0000937c   ___text__
00009386   _INT14_ISR
00009390   _DATALOG_ISR
0000939a   _RTOSINT_ISR
000093a4   _EMUINT_ISR
000093ae   _NMI_ISR
000093b8   _ILLEGAL_ISR
000093c2   _USER1_ISR
000093cc   _USER2_ISR
000093d6   _USER3_ISR
000093e0   _USER4_ISR
000093ea   _USER5_ISR
000093f4   _USER6_ISR
000093fe   _USER7_ISR
00009408   _USER8_ISR
00009412   _USER9_ISR
0000941c   _USER10_ISR
00009426   _USER11_ISR
00009430   _USER12_ISR
0000943a   _SEQ1INT_ISR
00009444   _SEQ2INT_ISR
0000944e   _XINT1_ISR
00009458   _XINT2_ISR
00009462   _ADCINT_ISR
0000946c   _TINT0_ISR
00009476   _WAKEINT_ISR
00009480   _EPWM1_TZINT_ISR
0000948a   _EPWM2_TZINT_ISR
00009494   _EPWM3_TZINT_ISR
0000949e   _EPWM4_TZINT_ISR
000094a8   _EPWM5_TZINT_ISR
000094b2   _EPWM6_TZINT_ISR
000094bc   _EPWM1_INT_ISR
000094c6   _EPWM2_INT_ISR
000094d0   _EPWM3_INT_ISR
000094da   _EPWM4_INT_ISR
000094e4   _EPWM5_INT_ISR
000094ee   _EPWM6_INT_ISR
000094f8   _ECAP1_INT_ISR
00009502   _ECAP2_INT_ISR
0000950c   _ECAP3_INT_ISR
00009516   _ECAP4_INT_ISR
00009520   _ECAP5_INT_ISR
0000952a   _ECAP6_INT_ISR
00009534   _EQEP1_INT_ISR
0000953e   _EQEP2_INT_ISR
00009548   _SPIRXINTA_ISR
00009552   _SPITXINTA_ISR
0000955c   _MRINTB_ISR
00009566   _MXINTB_ISR
00009570   _MRINTA_ISR
0000957a   _MXINTA_ISR
00009584   _DINTCH1_ISR
0000958e   _DINTCH2_ISR
00009598   _DINTCH3_ISR
000095a2   _DINTCH4_ISR
000095ac   _DINTCH5_ISR
000095b6   _DINTCH6_ISR
000095c0   _I2CINT1A_ISR
000095ca   _I2CINT2A_ISR
000095d4   _SCIRXINTC_ISR
000095de   _SCITXINTC_ISR
000095e8   _SCIRXINTA_ISR
000095f2   _SCITXINTA_ISR
000095fc   _SCIRXINTB_ISR
00009606   _SCITXINTB_ISR
00009610   _ECAN0INTA_ISR
0000961a   _ECAN1INTA_ISR
00009624   _ECAN0INTB_ISR
0000962e   _ECAN1INTB_ISR
00009638   _XINT3_ISR
00009642   _XINT4_ISR
0000964c   _XINT5_ISR
00009656   _XINT6_ISR
00009660   _XINT7_ISR
0000966a   _LVF_ISR
00009674   _LUF_ISR
0000967e   _EMPTY_ISR
0000968b   _PIE_RESERVED
00009695   _rsvd_ISR
0000969f   _LinearConvolution
00009738   _DAL_Process
0000983b   _Data_Trans
0000987f   _Single_Result
000098a5   _InitXintf
000098fa   _InitXintf32Gpio
00009941   _InitXintf16Gpio
0000999b   _InitSysCtrl
000099a4   _ServiceDog
000099ae   _DisableDog
000099b6   _InitPll
00009a04   _InitPeripheralClocks
00009a5f   _CsmUnlock
00009a90   FS$$DIV
00009b18   _InitCpuTimers
00009b57   _ConfigCpuTimer
00009b92   _c_int00
00009bd8   _InitSci
00009bd9   _InitSciGpio
00009bdc   _InitSciaGpio
00009bf1   _InitScibGpio
00009c07   _InitScicGpio
00009c1d   _InitPieCtrl
00009c3c   _EnableInterrupts
00009c45   _main
00009c66   ___memcpy_ff
00009c87   _InitPieVectTable
00009ca8   _sqrt
00009cc8   __args_main
00009ce3   C$$EXIT
00009ce3   _abort
00009ce5   _exit
00009cfc   _InitAdc
00009d10   __register_unlock
00009d14   __register_lock
00009d18   __nop
00009d21   _InitFlash
00009d21   ___etext__
00009d21   etext
00009d3c   _DSP28x_usDelay
0000c000   _array_index
0000c002   _Ever_VolOut1
0000c040   _Ever_VolOut3
0000c080   _Ever_VolOut2
0000c0c0   _DAL_OutPut3
0000c400   _DAL_OutPut1
0000c780   _Sdata
0000cb00   _SampleValue1
0000cec0   _SampleValue3
0000d280   _SampleValue2
0000d640   _DAL_OutPut2
0000d9e8   _CpuTimer1
0000d9f0   _CpuTimer2
0000d9f8   _CpuTimer0
0000da00   _Low_Filter2
0000da80   _Low_Filter1
0000db00   _sin_wave3
0000de00   _cos_wave3
0000e100   _cos_wave1
0000e440   _sin_wave1
0000e780   _cos_wave2
0000eb00   _sin_wave2
0000ee4e   __unlock
0000ee50   __lock
0000ee52   __cleanup_ptr
0000ee54   __dtors_ptr
0000ee56   _errno
0000f560   _PieVectTableInit
0033fff8   _CsmPwl
00380080   _ADC_cal
ffffffff   ___binit__
ffffffff   ___c_args__
ffffffff   ___pinit__
ffffffff   binit
ffffffff   pinit

[212 symbols]
