******************************************************************************
             TMS320C2000 Linker PC v5.2.3                      
******************************************************************************
>> Linked Thu Sep 08 10:53:54 2016

OUTPUT FILE NAME:   <6_NEW_Data_Process.out>
ENTRY POINT SYMBOL: "_c_int00"  address: 00339cb6


MEMORY CONFIGURATION

         name            origin    length      used     unused   attr    fill
----------------------  --------  ---------  --------  --------  ----  --------
PAGE 0:
  ZONE0                 00004000   00001000  00000000  00001000  RWIX
  RAML2                 0000a500   00000500  0000001f  000004e1  RWIX
  RAML3                 0000b000   00001000  00000000  00001000  RWIX
  ZONE6                 00100000   00100000  00000000  00100000  RWIX
  ZONE7A                00200000   0000fc00  00000000  0000fc00  RWIX
  FLASHH                00300000   00008000  00000000  00008000  RWIX
  FLASHG                00308000   00008000  00000000  00008000  RWIX
  FLASHF                00310000   00008000  00000000  00008000  RWIX
  FLASHE                00318000   00008000  00000000  00008000  RWIX
  FLASHD                00320000   00008000  0000001f  00007fe1  RWIX
  FLASHC                00328000   00008000  00000000  00008000  RWIX
  FLASHA                00338000   00007f80  00002326  00005c5a  RWIX
  CSM_RSVD              0033ff80   00000076  00000000  00000076  RWIX
  BEGIN                 0033fff6   00000002  00000002  00000000  RWIX
  CSM_PWL               0033fff8   00000008  00000000  00000008  RWIX
  ADC_CAL               00380080   00000009  00000007  00000002  RWIX
  OTP                   00380400   00000400  00000000  00000400  RWIX
  IQTABLES              003fe000   00000b50  00000000  00000b50  RWIX
  IQTABLES2             003feb50   0000008c  00000000  0000008c  RWIX
  FPUTABLES             003febdc   000006a0  00000000  000006a0  RWIX
  ROM                   003ff27c   00000d44  00000000  00000d44  RWIX
  RESET                 003fffc0   00000002  00000000  00000002  RWIX
  VECTORS               003fffc2   0000003e  00000000  0000003e  RWIX

PAGE 1:
  BOOT_RSVD             00000000   00000050  00000000  00000050  RWIX
  RAMM0                 00000050   000003b0  00000000  000003b0  RWIX
  RAMM1                 00000400   000003ff  00000000  000003ff  RWIX
  DEV_EMU               00000880   00000180  000000d0  000000b0  RWIX
  FLASH_REGS            00000a80   00000060  00000008  00000058  RWIX
  CSM                   00000ae0   00000010  00000010  00000000  RWIX
  ADC_MIRROR            00000b00   00000010  00000010  00000000  RWIX
  XINTF                 00000b20   00000020  0000001e  00000002  RWIX
  CPU_TIMER0            00000c00   00000008  00000008  00000000  RWIX
  CPU_TIMER1            00000c08   00000008  00000008  00000000  RWIX
  CPU_TIMER2            00000c10   00000008  00000008  00000000  RWIX
  PIE_CTRL              00000ce0   00000020  0000001a  00000006  RWIX
  PIE_VECT              00000d00   00000100  00000100  00000000  RWIX
  DMA                   00001000   00000200  000000e0  00000120  RWIX
  MCBSPA                00005000   00000040  00000025  0000001b  RWIX
  MCBSPB                00005040   00000040  00000025  0000001b  RWIX
  ECANA                 00006000   00000040  00000034  0000000c  RWIX
  ECANA_LAM             00006040   00000040  00000040  00000000  RWIX
  ECANA_MOTS            00006080   00000040  00000040  00000000  RWIX
  ECANA_MOTO            000060c0   00000040  00000040  00000000  RWIX
  ECANA_MBOX            00006100   00000100  00000100  00000000  RWIX
  ECANB                 00006200   00000040  00000034  0000000c  RWIX
  ECANB_LAM             00006240   00000040  00000040  00000000  RWIX
  ECANB_MOTS            00006280   00000040  00000040  00000000  RWIX
  ECANB_MOTO            000062c0   00000040  00000040  00000000  RWIX
  ECANB_MBOX            00006300   00000100  00000100  00000000  RWIX
  EPWM1                 00006800   00000022  00000022  00000000  RWIX
  EPWM2                 00006840   00000022  00000022  00000000  RWIX
  EPWM3                 00006880   00000022  00000022  00000000  RWIX
  EPWM4                 000068c0   00000022  00000022  00000000  RWIX
  EPWM5                 00006900   00000022  00000022  00000000  RWIX
  EPWM6                 00006940   00000022  00000022  00000000  RWIX
  ECAP1                 00006a00   00000020  00000020  00000000  RWIX
  ECAP2                 00006a20   00000020  00000020  00000000  RWIX
  ECAP3                 00006a40   00000020  00000020  00000000  RWIX
  ECAP4                 00006a60   00000020  00000020  00000000  RWIX
  ECAP5                 00006a80   00000020  00000020  00000000  RWIX
  ECAP6                 00006aa0   00000020  00000020  00000000  RWIX
  EQEP1                 00006b00   00000040  00000040  00000000  RWIX
  EQEP2                 00006b40   00000040  00000040  00000000  RWIX
  GPIOCTRL              00006f80   00000040  0000002e  00000012  RWIX
  GPIODAT               00006fc0   00000020  00000020  00000000  RWIX
  GPIOINT               00006fe0   00000020  0000000a  00000016  RWIX
  SYSTEM                00007010   00000020  00000020  00000000  RWIX
  SPIA                  00007040   00000010  00000010  00000000  RWIX
  SCIA                  00007050   00000010  00000010  00000000  RWIX
  XINTRUPT              00007070   00000010  00000010  00000000  RWIX
  ADC                   00007100   00000020  0000001e  00000002  RWIX
  SCIB                  00007750   00000010  00000010  00000000  RWIX
  SCIC                  00007770   00000010  00000010  00000000  RWIX
  I2CA                  00007900   00000040  00000022  0000001e  RWIX
  RAML0                 00008000   00002500  000003e8  00002118  RWIX
  RAML4                 0000c000   00003500  00001587  00001f79  RWIX
  RAML5                 0000f500   00000300  00000000  00000300  RWIX
  RAML6                 0000f800   00000200  00000000  00000200  RWIX
  RAML7                 0000fa00   00000200  00000000  00000200  RWIX
  ZONE7B                0020fc00   00000400  00000000  00000400  RWIX
  FLASHB                00330000   00008000  00000000  00008000  RWIX
  CSM_PWL               0033fff8   00000008  00000008  00000000  RWIX


SECTION ALLOCATION MAP

 output                                  attributes/
section   page    origin      length       input sections
--------  ----  ----------  ----------   ----------------
.pinit     0    00338000    00000000     UNINITIALIZED

ramfuncs   0    00320000    0000001f     RUN ADDR = 0000a500
                  00320000    0000001b     DSP2833x_SysCtrl.obj (ramfuncs)
                  0032001b    00000004     DSP2833x_usDelay.obj (ramfuncs)

.text      0    00338000    00001e2c     
                  00338000    00000918     hmi_driver.obj (.text)
                  00338918    00000323     DSP2833x_DefaultIsr.obj (.text)
                  00338c3b    00000239     cmd_process.obj (.text)
                  00338e74    000001e2     DATA_Process.obj (.text)
                  00339056    000001df     main.obj (.text)
                  00339235    0000019a     AD7656.obj (.text)
                  003393cf    0000014b     AD9833.obj (.text)
                  0033951a    00000142     hmi_user_uart.obj (.text)
                  0033965c    00000126     DS18B20.obj (.text)
                  00339782    000000f5     DSP2833x_SysCtrl.obj (.text)
                  00339877    000000f4     DSP2833x_Xintf.obj (.text)
                  0033996b    000000ec     LED.obj (.text)
                  00339a57    00000089     cmd_queue.obj (.text)
                  00339ae0    00000088     rts2800_fpu32.lib : fs_div.obj (.text)
                  00339b68    0000007a     DSP2833x_CpuTimers.obj (.text)
                  00339be2    0000006a     PWM_tem.obj (.text)
                  00339c4c    0000006a     tem_control.obj (.text)
                  00339cb6    00000046     rts2800_fpu32.lib : boot.obj (.text)
                  00339cfc    00000045     DSP2833x_Sci.obj (.text)
                  00339d41    00000028     DSP2833x_PieCtrl.obj (.text)
                  00339d69    00000021     rts2800_fpu32.lib : memcpy_ff.obj (.text)
                  00339d8a    00000020     DSP2833x_PieVect.obj (.text)
                  00339daa    0000001b     rts2800_fpu32.lib : args_main.obj (.text)
                  00339dc5    00000019                       : exit.obj (.text)
                  00339dde    00000017     DSP2833x_MemCopy.obj (.text)
                  00339df5    00000014     DSP2833x_Adc.obj (.text)
                  00339e09    0000000b     rts2800_fpu32.lib : u_div.obj (.text)
                  00339e14    00000009                       : _lock.obj (.text)
                  00339e1d    00000008     DSP2833x_CodeStartBranch.obj (.text)
                  00339e25    00000007     rts2800_fpu32.lib : memset.obj (.text)

.econst    0    00339e2c    00000384     
                  00339e2c    00000100     DSP2833x_PieVect.obj (.econst)
                  00339f2c    000000c8     main.obj (.econst:_$P$T0$1)
                  00339ff4    000000c8     main.obj (.econst:_$P$T1$2)
                  0033a0bc    000000c8     main.obj (.econst:_$P$T2$3)
                  0033a184    00000016     DATA_Process.obj (.econst:_$P$T0$2)
                  0033a19a    00000016     DATA_Process.obj (.econst:_$P$T1$3)

.cinit     0    0033a1b0    00000176     
                  0033a1b0    000000cc     ConstData_Table.obj (.cinit)
                  0033a27c    0000002d     tem_control.obj (.cinit)
                  0033a2a9    00000028     LED.obj (.cinit)
                  0033a2d1    00000025     main.obj (.cinit)
                  0033a2f6    0000000e     cmd_queue.obj (.cinit)
                  0033a304    0000000a     rts2800_fpu32.lib : _lock.obj (.cinit)
                  0033a30e    0000000a                       : exit.obj (.cinit)
                  0033a318    00000008     AD7656.obj (.cinit)
                  0033a320    00000004     DATA_Process.obj (.cinit)
                  0033a324    00000002     --HOLE-- [fill = 0]

codestart 
*          0    0033fff6    00000002     
                  0033fff6    00000002     DSP2833x_CodeStartBranch.obj (codestart)

.adc_cal   0    00380080    00000007     NOLOAD SECTION
                  00380080    00000007     DSP2833x_ADC_cal.obj (.adc_cal)

.reset     0    003fffc0    00000002     DSECT
                  003fffc0    00000002     rts2800_fpu32.lib : boot.obj (.reset)

vectors    0    003fffc2    00000000     DSECT

DevEmuRegsFile 
*          1    00000880    000000d0     UNINITIALIZED
                  00000880    000000d0     DSP2833x_GlobalVariableDefs.obj (DevEmuRegsFile)

FlashRegsFile 
*          1    00000a80    00000008     UNINITIALIZED
                  00000a80    00000008     DSP2833x_GlobalVariableDefs.obj (FlashRegsFile)

CsmRegsFile 
*          1    00000ae0    00000010     UNINITIALIZED
                  00000ae0    00000010     DSP2833x_GlobalVariableDefs.obj (CsmRegsFile)

AdcMirrorFile 
*          1    00000b00    00000010     UNINITIALIZED
                  00000b00    00000010     DSP2833x_GlobalVariableDefs.obj (AdcMirrorFile)

XintfRegsFile 
*          1    00000b20    0000001e     UNINITIALIZED
                  00000b20    0000001e     DSP2833x_GlobalVariableDefs.obj (XintfRegsFile)

CpuTimer0RegsFile 
*          1    00000c00    00000008     UNINITIALIZED
                  00000c00    00000008     DSP2833x_GlobalVariableDefs.obj (CpuTimer0RegsFile)

CpuTimer1RegsFile 
*          1    00000c08    00000008     UNINITIALIZED
                  00000c08    00000008     DSP2833x_GlobalVariableDefs.obj (CpuTimer1RegsFile)

CpuTimer2RegsFile 
*          1    00000c10    00000008     UNINITIALIZED
                  00000c10    00000008     DSP2833x_GlobalVariableDefs.obj (CpuTimer2RegsFile)

PieCtrlRegsFile 
*          1    00000ce0    0000001a     UNINITIALIZED
                  00000ce0    0000001a     DSP2833x_GlobalVariableDefs.obj (PieCtrlRegsFile)

PieVectTableFile 
*          1    00000d00    00000100     UNINITIALIZED
                  00000d00    00000100     DSP2833x_GlobalVariableDefs.obj (PieVectTableFile)

DmaRegsFile 
*          1    00001000    000000e0     UNINITIALIZED
                  00001000    000000e0     DSP2833x_GlobalVariableDefs.obj (DmaRegsFile)

McbspaRegsFile 
*          1    00005000    00000025     UNINITIALIZED
                  00005000    00000025     DSP2833x_GlobalVariableDefs.obj (McbspaRegsFile)

McbspbRegsFile 
*          1    00005040    00000025     UNINITIALIZED
                  00005040    00000025     DSP2833x_GlobalVariableDefs.obj (McbspbRegsFile)

ECanaRegsFile 
*          1    00006000    00000034     UNINITIALIZED
                  00006000    00000034     DSP2833x_GlobalVariableDefs.obj (ECanaRegsFile)

ECanaLAMRegsFile 
*          1    00006040    00000040     UNINITIALIZED
                  00006040    00000040     DSP2833x_GlobalVariableDefs.obj (ECanaLAMRegsFile)

ECanaMOTSRegsFile 
*          1    00006080    00000040     UNINITIALIZED
                  00006080    00000040     DSP2833x_GlobalVariableDefs.obj (ECanaMOTSRegsFile)

ECanaMOTORegsFile 
*          1    000060c0    00000040     UNINITIALIZED
                  000060c0    00000040     DSP2833x_GlobalVariableDefs.obj (ECanaMOTORegsFile)

ECanaMboxesFile 
*          1    00006100    00000100     UNINITIALIZED
                  00006100    00000100     DSP2833x_GlobalVariableDefs.obj (ECanaMboxesFile)

ECanbRegsFile 
*          1    00006200    00000034     UNINITIALIZED
                  00006200    00000034     DSP2833x_GlobalVariableDefs.obj (ECanbRegsFile)

ECanbLAMRegsFile 
*          1    00006240    00000040     UNINITIALIZED
                  00006240    00000040     DSP2833x_GlobalVariableDefs.obj (ECanbLAMRegsFile)

ECanbMOTSRegsFile 
*          1    00006280    00000040     UNINITIALIZED
                  00006280    00000040     DSP2833x_GlobalVariableDefs.obj (ECanbMOTSRegsFile)

ECanbMOTORegsFile 
*          1    000062c0    00000040     UNINITIALIZED
                  000062c0    00000040     DSP2833x_GlobalVariableDefs.obj (ECanbMOTORegsFile)

ECanbMboxesFile 
*          1    00006300    00000100     UNINITIALIZED
                  00006300    00000100     DSP2833x_GlobalVariableDefs.obj (ECanbMboxesFile)

EPwm1RegsFile 
*          1    00006800    00000022     UNINITIALIZED
                  00006800    00000022     DSP2833x_GlobalVariableDefs.obj (EPwm1RegsFile)

EPwm2RegsFile 
*          1    00006840    00000022     UNINITIALIZED
                  00006840    00000022     DSP2833x_GlobalVariableDefs.obj (EPwm2RegsFile)

EPwm3RegsFile 
*          1    00006880    00000022     UNINITIALIZED
                  00006880    00000022     DSP2833x_GlobalVariableDefs.obj (EPwm3RegsFile)

EPwm4RegsFile 
*          1    000068c0    00000022     UNINITIALIZED
                  000068c0    00000022     DSP2833x_GlobalVariableDefs.obj (EPwm4RegsFile)

EPwm5RegsFile 
*          1    00006900    00000022     UNINITIALIZED
                  00006900    00000022     DSP2833x_GlobalVariableDefs.obj (EPwm5RegsFile)

EPwm6RegsFile 
*          1    00006940    00000022     UNINITIALIZED
                  00006940    00000022     DSP2833x_GlobalVariableDefs.obj (EPwm6RegsFile)

ECap1RegsFile 
*          1    00006a00    00000020     UNINITIALIZED
                  00006a00    00000020     DSP2833x_GlobalVariableDefs.obj (ECap1RegsFile)

ECap2RegsFile 
*          1    00006a20    00000020     UNINITIALIZED
                  00006a20    00000020     DSP2833x_GlobalVariableDefs.obj (ECap2RegsFile)

ECap3RegsFile 
*          1    00006a40    00000020     UNINITIALIZED
                  00006a40    00000020     DSP2833x_GlobalVariableDefs.obj (ECap3RegsFile)

ECap4RegsFile 
*          1    00006a60    00000020     UNINITIALIZED
                  00006a60    00000020     DSP2833x_GlobalVariableDefs.obj (ECap4RegsFile)

ECap5RegsFile 
*          1    00006a80    00000020     UNINITIALIZED
                  00006a80    00000020     DSP2833x_GlobalVariableDefs.obj (ECap5RegsFile)

ECap6RegsFile 
*          1    00006aa0    00000020     UNINITIALIZED
                  00006aa0    00000020     DSP2833x_GlobalVariableDefs.obj (ECap6RegsFile)

EQep1RegsFile 
*          1    00006b00    00000040     UNINITIALIZED
                  00006b00    00000040     DSP2833x_GlobalVariableDefs.obj (EQep1RegsFile)

EQep2RegsFile 
*          1    00006b40    00000040     UNINITIALIZED
                  00006b40    00000040     DSP2833x_GlobalVariableDefs.obj (EQep2RegsFile)

GpioCtrlRegsFile 
*          1    00006f80    0000002e     UNINITIALIZED
                  00006f80    0000002e     DSP2833x_GlobalVariableDefs.obj (GpioCtrlRegsFile)

GpioDataRegsFile 
*          1    00006fc0    00000020     UNINITIALIZED
                  00006fc0    00000020     DSP2833x_GlobalVariableDefs.obj (GpioDataRegsFile)

GpioIntRegsFile 
*          1    00006fe0    0000000a     UNINITIALIZED
                  00006fe0    0000000a     DSP2833x_GlobalVariableDefs.obj (GpioIntRegsFile)

SysCtrlRegsFile 
*          1    00007010    00000020     UNINITIALIZED
                  00007010    00000020     DSP2833x_GlobalVariableDefs.obj (SysCtrlRegsFile)

SpiaRegsFile 
*          1    00007040    00000010     UNINITIALIZED
                  00007040    00000010     DSP2833x_GlobalVariableDefs.obj (SpiaRegsFile)

SciaRegsFile 
*          1    00007050    00000010     UNINITIALIZED
                  00007050    00000010     DSP2833x_GlobalVariableDefs.obj (SciaRegsFile)

XIntruptRegsFile 
*          1    00007070    00000010     UNINITIALIZED
                  00007070    00000010     DSP2833x_GlobalVariableDefs.obj (XIntruptRegsFile)

AdcRegsFile 
*          1    00007100    0000001e     UNINITIALIZED
                  00007100    0000001e     DSP2833x_GlobalVariableDefs.obj (AdcRegsFile)

ScibRegsFile 
*          1    00007750    00000010     UNINITIALIZED
                  00007750    00000010     DSP2833x_GlobalVariableDefs.obj (ScibRegsFile)

ScicRegsFile 
*          1    00007770    00000010     UNINITIALIZED
                  00007770    00000010     DSP2833x_GlobalVariableDefs.obj (ScicRegsFile)

I2caRegsFile 
*          1    00007900    00000022     UNINITIALIZED
                  00007900    00000022     DSP2833x_GlobalVariableDefs.obj (I2caRegsFile)

.stack     1    00008000    000003e8     UNINITIALIZED
                  00008000    000003e8     --HOLE--

.ebss      1    0000c000    00001587     UNINITIALIZED
                  0000c000    00001428     main.obj (.ebss)
                  0000d428    00000018     DSP2833x_CpuTimers.obj (.ebss)
                  0000d440    000000fc     ConstData_Table.obj (.ebss)
                  0000d53c    00000004     rts2800_fpu32.lib : _lock.obj (.ebss)
                  0000d540    00000022     cmd_queue.obj (.ebss)
                  0000d562    00000012     tem_control.obj (.ebss)
                  0000d574    0000000a     LED.obj (.ebss)
                  0000d57e    00000001     DATA_Process.obj (.ebss)
                  0000d57f    00000001     --HOLE--
                  0000d580    00000004     rts2800_fpu32.lib : exit.obj (.ebss)
                  0000d584    00000003     AD7656.obj (.ebss)

CsmPwlFile 
*          1    0033fff8    00000008     UNINITIALIZED
                  0033fff8    00000008     DSP2833x_GlobalVariableDefs.obj (CsmPwlFile)


GLOBAL SYMBOLS: SORTED ALPHABETICALLY BY Name 

address    name
--------   ----
00338000   .text
00339dc5   C$$EXIT
00339ae0   FS$$DIV
00339e09   U$$DIV
00339e0e   U$$MOD
00339494   _AD9833_Outdata
0033945d   _AD9833_Reset
003393cf   _AD9833_configinit
003389fe   _ADCINT_ISR
00380080   _ADC_cal
00339325   _AD_Data_Shift
00000b00   _AdcMirror
00007100   _AdcRegs
00338685   _AnimationPause
003386dd   _AnimationPlayNext
003386b1   _AnimationPlayPrev
0033862d   _AnimationStart
00338659   _AnimationStop
00338837   _BatchBegin
003388d0   _BatchEnd
0033884d   _BatchSetProgressValue
00338878   _BatchSetSliderValue
003388b2   _BatchSetText
00339a34   _Bell_Didadi
00338e74   _Calcu_AMP
00338371   _CalibrateTouchPane
00338428   _ClearLayer
0033806d   _ColorPicker
00339ba7   _ConfigCpuTimer
00338409   _CopyLayer
0000d438   _CpuTimer0
00000c00   _CpuTimer0Regs
0000d428   _CpuTimer1
00000c08   _CpuTimer1Regs
0000d430   _CpuTimer2
00000c10   _CpuTimer2Regs
0033fff8   _CsmPwl
00000ae0   _CsmRegs
00339846   _CsmUnlock
0033892c   _DATALOG_ISR
00338b20   _DINTCH1_ISR
00338b2a   _DINTCH2_ISR
00338b34   _DINTCH3_ISR
00338b3e   _DINTCH4_ISR
00338b48   _DINTCH5_ISR
00338b52   _DINTCH6_ISR
0000a51b   _DSP28x_usDelay
00339011   _Data_Trans
00000880   _DevEmuRegs
0033811f   _DisFlashImage
003380fb   _DisFull_Image
00339795   _DisableDog
003383ef   _DisplyLayer
00001000   _DmaRegs
00338bac   _ECAN0INTA_ISR
00338bc0   _ECAN0INTB_ISR
00338bb6   _ECAN1INTA_ISR
00338bca   _ECAN1INTB_ISR
00338a94   _ECAP1_INT_ISR
00338a9e   _ECAP2_INT_ISR
00338aa8   _ECAP3_INT_ISR
00338ab2   _ECAP4_INT_ISR
00338abc   _ECAP5_INT_ISR
00338ac6   _ECAP6_INT_ISR
00006040   _ECanaLAMRegs
000060c0   _ECanaMOTORegs
00006080   _ECanaMOTSRegs
00006100   _ECanaMboxes
00006000   _ECanaRegs
00006240   _ECanbLAMRegs
000062c0   _ECanbMOTORegs
00006280   _ECanbMOTSRegs
00006300   _ECanbMboxes
00006200   _ECanbRegs
00006a00   _ECap1Regs
00006a20   _ECap2Regs
00006a40   _ECap3Regs
00006a60   _ECap4Regs
00006a80   _ECap5Regs
00006aa0   _ECap6Regs
00338c1a   _EMPTY_ISR
00338940   _EMUINT_ISR
00338a58   _EPWM1_INT_ISR
00338a1c   _EPWM1_TZINT_ISR
00338a62   _EPWM2_INT_ISR
00338a26   _EPWM2_TZINT_ISR
00338a6c   _EPWM3_INT_ISR
00338a30   _EPWM3_TZINT_ISR
00338a76   _EPWM4_INT_ISR
00338a3a   _EPWM4_TZINT_ISR
00338a80   _EPWM5_INT_ISR
00338a44   _EPWM5_TZINT_ISR
00338a8a   _EPWM6_INT_ISR
00338a4e   _EPWM6_TZINT_ISR
00339c48   _EPWM_LED_deInit
00339be2   _EPWM_tem_Init
00339c28   _EPWM_tem_UpdataCMPA
00006800   _EPwm1Regs
00006840   _EPwm2Regs
00006880   _EPwm3Regs
000068c0   _EPwm4Regs
00006900   _EPwm5Regs
00006940   _EPwm6Regs
00338ad0   _EQEP1_INT_ISR
00338ada   _EQEP2_INT_ISR
00006b00   _EQep1Regs
00006b40   _EQep2Regs
00339d60   _EnableInterrupts
00000a80   _FlashRegs
00338c95   _FloatToISCII
0000d562   _Fresh_occupyvalue
00338304   _GUI_AreaInycolor
003382b4   _GUI_BcolorConDots
00338240   _GUI_BcolorConOffsetDots
0033809b   _GUI_CleanScreen
003381c1   _GUI_ConDots
003381e2   _GUI_ConSpaceDots
00338442   _GUI_DispRTC
0033815b   _GUI_Dot
00338298   _GUI_FcolorConDots
00338211   _GUI_FcolorConOffsetDots
00338184   _GUI_Line
003392c6   _GetAD_Value
00338601   _GetControlValue
003384ec   _GetScreen
003388a3   _GetStringLen
00339c4c   _Get_new_occupyrate
00006f80   _GpioCtrlRegs
00006fc0   _GpioDataRegs
00006fe0   _GpioIntRegs
00338709   _GraphChannelAdd
00338775   _GraphChannelDataAdd
003387b4   _GraphChannelDataClear
00338744   _GraphChannelDel
003387e5   _GraphSetViewport
0000d585   _Head_pointNum
00338b5c   _I2CINT1A_ISR
00338b66   _I2CINT2A_ISR
00007900   _I2caRegs
00338954   _ILLEGAL_ISR
00338918   _INT13_ISR
00338922   _INT14_ISR
003391d9   _ISRTimer0
00339df5   _InitAdc
00339b68   _InitCpuTimers
0000a500   _InitFlash
003397eb   _InitPeripheralClocks
00339d41   _InitPieCtrl
00339d8a   _InitPieVectTable
0033979d   _InitPll
00339cfc   _InitSci
00339cfd   _InitSciGpio
00339d00   _InitSciaGpio
00339d15   _InitScibGpio
00339d2b   _InitScicGpio
00339782   _InitSysCtrl
00338d0c   _InitUI
00339877   _InitXintf
00339911   _InitXintf16Gpio
003398ca   _InitXintf32Gpio
00339435   _JudgeCS
003399f6   _LED_Blue_Flash
00339a15   _LED_Blue_Flash_Slow
003399d3   _LED_Error_Flash
0033996b   _LED_IOinit
00339997   _LED_Red_Flash
003399b6   _LED_Red_Flash_Slow
00338c10   _LUF_ISR
00338c06   _LVF_ISR
00338397   _LockDeviceConfig
0000d4c0   _Low_Filter1
0000d440   _Low_Filter2
00338b0c   _MRINTA_ISR
00338af8   _MRINTB_ISR
00338b16   _MXINTA_ISR
00338b02   _MXINTB_ISR
00005000   _McbspaRegs
00005040   _McbspbRegs
00339dde   _MemCopy
00339002   _Moisture_FITcalcu
0033894a   _NMI_ISR
00338db7   _NotifyButton
00338e6a   _NotifyReadFlash
00338c8b   _NotifyScreen
00338e1b   _NotifyText
00338c8f   _NotifyTouchXY
00338e70   _NotifyWriteFlash
003392a4   _OUTAD_Init
00339256   _OUTAD_Variable_Init
0000d56c   _PID_KI
0000d56a   _PID_KP
0000d572   _PID_de
0000d566   _PID_e0
0000d568   _PID_e1
0000d564   _PID_eut
0000d56e   _PID_y0
0000d570   _PID_y1
00338c27   _PIE_RESERVED
00000ce0   _PieCtrlRegs
00000d00   _PieVectTable
00339e2c   _PieVectTableInit
00338c3b   _ProcessMessage
00338936   _RTOSINT_ISR
0032001f   _RamfuncsLoadEnd
00320000   _RamfuncsLoadStart
0000a500   _RamfuncsRunStart
003384b5   _ReadUserFlash
00338b84   _SCIRXINTA_ISR
00338b98   _SCIRXINTB_ISR
00338b70   _SCIRXINTC_ISR
00338b8e   _SCITXINTA_ISR
00338ba2   _SCITXINTB_ISR
00338b7a   _SCITXINTC_ISR
003389d6   _SEQ1INT_ISR
003389e0   _SEQ2INT_ISR
00338ae4   _SPIRXINTA_ISR
00338aee   _SPITXINTA_ISR
0000d586   _SampleCount
0000d584   _SampleCount_Status_Flag
00007050   _SciaRegs
00007750   _ScibRegs
00007770   _ScicRegs
0033954a   _SendChar
00338022   _SendNU16
00338010   _SendNU8
00338000   _SendStrings
00339565   _SendValuetoLabview
00339556   _Send_msg
0033978b   _ServiceDog
003382d0   _SetBackLight
003385a0   _SetButtonValue
003382ea   _SetBuzzer
0033856f   _SetControlEnable
0033853e   _SetControlFocus
0033804e   _SetFcolor
003380cd   _SetFont_Region
0033803b   _SetHandShake
0033826f   _SetPowerSaving
00338502   _SetScreen
00338524   _SetScreenUpdateEnable
003380ae   _SetTextSpace
003385d1   _SetTextValue
00338341   _SetTouchPaneOption
003388dd   _ShowKeyboard
00007040   _SpiaRegs
00338dbd   _StrToFloat
00007010   _SysCtrlRegs
0033970d   _TEM_Getinit
00338a08   _TINT0_ISR
00338384   _TestTouchPane
0000c008   _Test_gSystem_LabviewData
0000c000   _Timer_flag
003389b8   _USER10_ISR
003389c2   _USER11_ISR
003389cc   _USER12_ISR
0033895e   _USER1_ISR
00338968   _USER2_ISR
00338972   _USER3_ISR
0033897c   _USER4_ISR
00338986   _USER5_ISR
00338990   _USER6_ISR
0033899a   _USER7_ISR
003389a4   _USER8_ISR
003389ae   _USER9_ISR
0033951a   _UartInit
003383b6   _UnlockDeviceConfig
00338d58   _UpdateUI
00338a12   _WAKEINT_ISR
003383d5   _WriteLayer
00338482   _WriteUserFlash
003389ea   _XINT1_ISR
003389f4   _XINT2_ISR
00338bd4   _XINT3_ISR
00338bde   _XINT4_ISR
00338be8   _XINT5_ISR
00338bf2   _XINT6_ISR
00338bfc   _XINT7_ISR
00007070   _XIntruptRegs
00000b20   _XintfRegs
000083e8   __STACK_END
000003e8   __STACK_SIZE
00000001   __TI_args_main
ffffffff   ___binit__
ffffffff   ___c_args__
0033a1b0   ___cinit__
00339e2c   ___etext__
00339d69   ___memcpy_ff
ffffffff   ___pinit__
00338000   ___text__
00339daa   __args_main
0000d580   __cleanup_ptr
0000d582   __dtors_ptr
0000d53e   __lock
00339e1c   __nop
00339e18   __register_lock
00339e14   __register_unlock
00008000   __stack
0000d53c   __unlock
00339dc5   _abort
0000d576   _blue_light_state4
0000d577   _blue_light_state5
00339cb6   _c_int00
0000c01a   _cmd_buffer
003393e9   _delay
00339dc7   _exit
0000c040   _gSampleTable
0000c700   _gSampleValue
0000c010   _gSystem_WaterParam
0000c002   _gSystem_WaterValue
00339710   _get_temp
0000d57a   _i1
0000d57c   _i2
0000d574   _i3
0000d578   _i4
0000d579   _i5
0000d575   _light_state3
00339056   _main
00339e25   _memset
00339a93   _queue_find_cmd
00339a5f   _queue_push
00339a57   _queue_reset
003396d3   _read_byte
0000d57b   _red_light_state1
0000d57d   _red_light_state2
00339666   _reset
00338c31   _rsvd_ISR
003391f8   _scic_isr
00338f7f   _sortandaverage
003393f5   _write_ad9833_d16
00339694   _write_byte
ffffffff   binit
0033a1b0   cinit
0033fff6   code_start
00339e2c   etext
ffffffff   pinit


GLOBAL SYMBOLS: SORTED BY Symbol Address 

address    name
--------   ----
00000001   __TI_args_main
000003e8   __STACK_SIZE
00000880   _DevEmuRegs
00000a80   _FlashRegs
00000ae0   _CsmRegs
00000b00   _AdcMirror
00000b20   _XintfRegs
00000c00   _CpuTimer0Regs
00000c08   _CpuTimer1Regs
00000c10   _CpuTimer2Regs
00000ce0   _PieCtrlRegs
00000d00   _PieVectTable
00001000   _DmaRegs
00005000   _McbspaRegs
00005040   _McbspbRegs
00006000   _ECanaRegs
00006040   _ECanaLAMRegs
00006080   _ECanaMOTSRegs
000060c0   _ECanaMOTORegs
00006100   _ECanaMboxes
00006200   _ECanbRegs
00006240   _ECanbLAMRegs
00006280   _ECanbMOTSRegs
000062c0   _ECanbMOTORegs
00006300   _ECanbMboxes
00006800   _EPwm1Regs
00006840   _EPwm2Regs
00006880   _EPwm3Regs
000068c0   _EPwm4Regs
00006900   _EPwm5Regs
00006940   _EPwm6Regs
00006a00   _ECap1Regs
00006a20   _ECap2Regs
00006a40   _ECap3Regs
00006a60   _ECap4Regs
00006a80   _ECap5Regs
00006aa0   _ECap6Regs
00006b00   _EQep1Regs
00006b40   _EQep2Regs
00006f80   _GpioCtrlRegs
00006fc0   _GpioDataRegs
00006fe0   _GpioIntRegs
00007010   _SysCtrlRegs
00007040   _SpiaRegs
00007050   _SciaRegs
00007070   _XIntruptRegs
00007100   _AdcRegs
00007750   _ScibRegs
00007770   _ScicRegs
00007900   _I2caRegs
00008000   __stack
000083e8   __STACK_END
0000a500   _InitFlash
0000a500   _RamfuncsRunStart
0000a51b   _DSP28x_usDelay
0000c000   _Timer_flag
0000c002   _gSystem_WaterValue
0000c008   _Test_gSystem_LabviewData
0000c010   _gSystem_WaterParam
0000c01a   _cmd_buffer
0000c040   _gSampleTable
0000c700   _gSampleValue
0000d428   _CpuTimer1
0000d430   _CpuTimer2
0000d438   _CpuTimer0
0000d440   _Low_Filter2
0000d4c0   _Low_Filter1
0000d53c   __unlock
0000d53e   __lock
0000d562   _Fresh_occupyvalue
0000d564   _PID_eut
0000d566   _PID_e0
0000d568   _PID_e1
0000d56a   _PID_KP
0000d56c   _PID_KI
0000d56e   _PID_y0
0000d570   _PID_y1
0000d572   _PID_de
0000d574   _i3
0000d575   _light_state3
0000d576   _blue_light_state4
0000d577   _blue_light_state5
0000d578   _i4
0000d579   _i5
0000d57a   _i1
0000d57b   _red_light_state1
0000d57c   _i2
0000d57d   _red_light_state2
0000d580   __cleanup_ptr
0000d582   __dtors_ptr
0000d584   _SampleCount_Status_Flag
0000d585   _Head_pointNum
0000d586   _SampleCount
00320000   _RamfuncsLoadStart
0032001f   _RamfuncsLoadEnd
00338000   .text
00338000   _SendStrings
00338000   ___text__
00338010   _SendNU8
00338022   _SendNU16
0033803b   _SetHandShake
0033804e   _SetFcolor
0033806d   _ColorPicker
0033809b   _GUI_CleanScreen
003380ae   _SetTextSpace
003380cd   _SetFont_Region
003380fb   _DisFull_Image
0033811f   _DisFlashImage
0033815b   _GUI_Dot
00338184   _GUI_Line
003381c1   _GUI_ConDots
003381e2   _GUI_ConSpaceDots
00338211   _GUI_FcolorConOffsetDots
00338240   _GUI_BcolorConOffsetDots
0033826f   _SetPowerSaving
00338298   _GUI_FcolorConDots
003382b4   _GUI_BcolorConDots
003382d0   _SetBackLight
003382ea   _SetBuzzer
00338304   _GUI_AreaInycolor
00338341   _SetTouchPaneOption
00338371   _CalibrateTouchPane
00338384   _TestTouchPane
00338397   _LockDeviceConfig
003383b6   _UnlockDeviceConfig
003383d5   _WriteLayer
003383ef   _DisplyLayer
00338409   _CopyLayer
00338428   _ClearLayer
00338442   _GUI_DispRTC
00338482   _WriteUserFlash
003384b5   _ReadUserFlash
003384ec   _GetScreen
00338502   _SetScreen
00338524   _SetScreenUpdateEnable
0033853e   _SetControlFocus
0033856f   _SetControlEnable
003385a0   _SetButtonValue
003385d1   _SetTextValue
00338601   _GetControlValue
0033862d   _AnimationStart
00338659   _AnimationStop
00338685   _AnimationPause
003386b1   _AnimationPlayPrev
003386dd   _AnimationPlayNext
00338709   _GraphChannelAdd
00338744   _GraphChannelDel
00338775   _GraphChannelDataAdd
003387b4   _GraphChannelDataClear
003387e5   _GraphSetViewport
00338837   _BatchBegin
0033884d   _BatchSetProgressValue
00338878   _BatchSetSliderValue
003388a3   _GetStringLen
003388b2   _BatchSetText
003388d0   _BatchEnd
003388dd   _ShowKeyboard
00338918   _INT13_ISR
00338922   _INT14_ISR
0033892c   _DATALOG_ISR
00338936   _RTOSINT_ISR
00338940   _EMUINT_ISR
0033894a   _NMI_ISR
00338954   _ILLEGAL_ISR
0033895e   _USER1_ISR
00338968   _USER2_ISR
00338972   _USER3_ISR
0033897c   _USER4_ISR
00338986   _USER5_ISR
00338990   _USER6_ISR
0033899a   _USER7_ISR
003389a4   _USER8_ISR
003389ae   _USER9_ISR
003389b8   _USER10_ISR
003389c2   _USER11_ISR
003389cc   _USER12_ISR
003389d6   _SEQ1INT_ISR
003389e0   _SEQ2INT_ISR
003389ea   _XINT1_ISR
003389f4   _XINT2_ISR
003389fe   _ADCINT_ISR
00338a08   _TINT0_ISR
00338a12   _WAKEINT_ISR
00338a1c   _EPWM1_TZINT_ISR
00338a26   _EPWM2_TZINT_ISR
00338a30   _EPWM3_TZINT_ISR
00338a3a   _EPWM4_TZINT_ISR
00338a44   _EPWM5_TZINT_ISR
00338a4e   _EPWM6_TZINT_ISR
00338a58   _EPWM1_INT_ISR
00338a62   _EPWM2_INT_ISR
00338a6c   _EPWM3_INT_ISR
00338a76   _EPWM4_INT_ISR
00338a80   _EPWM5_INT_ISR
00338a8a   _EPWM6_INT_ISR
00338a94   _ECAP1_INT_ISR
00338a9e   _ECAP2_INT_ISR
00338aa8   _ECAP3_INT_ISR
00338ab2   _ECAP4_INT_ISR
00338abc   _ECAP5_INT_ISR
00338ac6   _ECAP6_INT_ISR
00338ad0   _EQEP1_INT_ISR
00338ada   _EQEP2_INT_ISR
00338ae4   _SPIRXINTA_ISR
00338aee   _SPITXINTA_ISR
00338af8   _MRINTB_ISR
00338b02   _MXINTB_ISR
00338b0c   _MRINTA_ISR
00338b16   _MXINTA_ISR
00338b20   _DINTCH1_ISR
00338b2a   _DINTCH2_ISR
00338b34   _DINTCH3_ISR
00338b3e   _DINTCH4_ISR
00338b48   _DINTCH5_ISR
00338b52   _DINTCH6_ISR
00338b5c   _I2CINT1A_ISR
00338b66   _I2CINT2A_ISR
00338b70   _SCIRXINTC_ISR
00338b7a   _SCITXINTC_ISR
00338b84   _SCIRXINTA_ISR
00338b8e   _SCITXINTA_ISR
00338b98   _SCIRXINTB_ISR
00338ba2   _SCITXINTB_ISR
00338bac   _ECAN0INTA_ISR
00338bb6   _ECAN1INTA_ISR
00338bc0   _ECAN0INTB_ISR
00338bca   _ECAN1INTB_ISR
00338bd4   _XINT3_ISR
00338bde   _XINT4_ISR
00338be8   _XINT5_ISR
00338bf2   _XINT6_ISR
00338bfc   _XINT7_ISR
00338c06   _LVF_ISR
00338c10   _LUF_ISR
00338c1a   _EMPTY_ISR
00338c27   _PIE_RESERVED
00338c31   _rsvd_ISR
00338c3b   _ProcessMessage
00338c8b   _NotifyScreen
00338c8f   _NotifyTouchXY
00338c95   _FloatToISCII
00338d0c   _InitUI
00338d58   _UpdateUI
00338db7   _NotifyButton
00338dbd   _StrToFloat
00338e1b   _NotifyText
00338e6a   _NotifyReadFlash
00338e70   _NotifyWriteFlash
00338e74   _Calcu_AMP
00338f7f   _sortandaverage
00339002   _Moisture_FITcalcu
00339011   _Data_Trans
00339056   _main
003391d9   _ISRTimer0
003391f8   _scic_isr
00339256   _OUTAD_Variable_Init
003392a4   _OUTAD_Init
003392c6   _GetAD_Value
00339325   _AD_Data_Shift
003393cf   _AD9833_configinit
003393e9   _delay
003393f5   _write_ad9833_d16
00339435   _JudgeCS
0033945d   _AD9833_Reset
00339494   _AD9833_Outdata
0033951a   _UartInit
0033954a   _SendChar
00339556   _Send_msg
00339565   _SendValuetoLabview
00339666   _reset
00339694   _write_byte
003396d3   _read_byte
0033970d   _TEM_Getinit
00339710   _get_temp
00339782   _InitSysCtrl
0033978b   _ServiceDog
00339795   _DisableDog
0033979d   _InitPll
003397eb   _InitPeripheralClocks
00339846   _CsmUnlock
00339877   _InitXintf
003398ca   _InitXintf32Gpio
00339911   _InitXintf16Gpio
0033996b   _LED_IOinit
00339997   _LED_Red_Flash
003399b6   _LED_Red_Flash_Slow
003399d3   _LED_Error_Flash
003399f6   _LED_Blue_Flash
00339a15   _LED_Blue_Flash_Slow
00339a34   _Bell_Didadi
00339a57   _queue_reset
00339a5f   _queue_push
00339a93   _queue_find_cmd
00339ae0   FS$$DIV
00339b68   _InitCpuTimers
00339ba7   _ConfigCpuTimer
00339be2   _EPWM_tem_Init
00339c28   _EPWM_tem_UpdataCMPA
00339c48   _EPWM_LED_deInit
00339c4c   _Get_new_occupyrate
00339cb6   _c_int00
00339cfc   _InitSci
00339cfd   _InitSciGpio
00339d00   _InitSciaGpio
00339d15   _InitScibGpio
00339d2b   _InitScicGpio
00339d41   _InitPieCtrl
00339d60   _EnableInterrupts
00339d69   ___memcpy_ff
00339d8a   _InitPieVectTable
00339daa   __args_main
00339dc5   C$$EXIT
00339dc5   _abort
00339dc7   _exit
00339dde   _MemCopy
00339df5   _InitAdc
00339e09   U$$DIV
00339e0e   U$$MOD
00339e14   __register_unlock
00339e18   __register_lock
00339e1c   __nop
00339e25   _memset
00339e2c   _PieVectTableInit
00339e2c   ___etext__
00339e2c   etext
0033a1b0   ___cinit__
0033a1b0   cinit
0033fff6   code_start
0033fff8   _CsmPwl
00380080   _ADC_cal
ffffffff   ___binit__
ffffffff   ___c_args__
ffffffff   ___pinit__
ffffffff   binit
ffffffff   pinit

[335 symbols]
