******************************************************************************
             TMS320C2000 Linker PC v5.2.3                      
******************************************************************************
>> Linked Sun Dec 18 11:16:09 2016

OUTPUT FILE NAME:   <6_NEW_Data_Process.out>
ENTRY POINT SYMBOL: "_c_int00"  address: 0033a1aa


MEMORY CONFIGURATION

         name            origin    length      used     unused   attr    fill
----------------------  --------  ---------  --------  --------  ----  --------
PAGE 0:
  ZONE0                 00004000   00001000  00000000  00001000  RWIX
  RAML2                 00009a00   00000500  0000001f  000004e1  RWIX
  ZONE6                 00100000   00100000  00000000  00100000  RWIX
  ZONE7A                00200000   0000fc00  00000000  0000fc00  RWIX
  FLASHH                00300000   00008000  00000000  00008000  RWIX
  FLASHG                00308000   00008000  00000000  00008000  RWIX
  FLASHF                00310000   00008000  00000000  00008000  RWIX
  FLASHE                00318000   00008000  00000000  00008000  RWIX
  FLASHD                00320000   00008000  0000001f  00007fe1  RWIX
  FLASHC                00328000   00008000  00000000  00008000  RWIX
  FLASHA                00338000   00007f80  00002cff  00005281  RWIX
  CSM_RSVD              0033ff80   00000076  00000000  00000076  RWIX
  BEGIN                 0033fff6   00000002  00000002  00000000  RWIX
  CSM_PWL               0033fff8   00000008  00000000  00000008  RWIX
  ADC_CAL               00380080   00000009  00000007  00000002  RWIX
  OTP                   00380400   00000400  00000000  00000400  RWIX
  IQTABLES              003fe000   00000b50  00000000  00000b50  RWIX
  IQTABLES2             003feb50   0000008c  00000000  0000008c  RWIX
  FPUTABLES             003febdc   000006a0  00000000  000006a0  RWIX
  ROM                   003ff27c   00000d44  00000000  00000d44  RWIX
  RESET                 003fffc0   00000002  00000000  00000002  RWIX
  VECTORS               003fffc2   0000003e  00000000  0000003e  RWIX

PAGE 1:
  BOOT_RSVD             00000000   00000050  00000000  00000050  RWIX
  RAMM0                 00000050   000003b0  00000000  000003b0  RWIX
  RAMM1                 00000400   000003ff  00000000  000003ff  RWIX
  DEV_EMU               00000880   00000180  000000d0  000000b0  RWIX
  FLASH_REGS            00000a80   00000060  00000008  00000058  RWIX
  CSM                   00000ae0   00000010  00000010  00000000  RWIX
  ADC_MIRROR            00000b00   00000010  00000010  00000000  RWIX
  XINTF                 00000b20   00000020  0000001e  00000002  RWIX
  CPU_TIMER0            00000c00   00000008  00000008  00000000  RWIX
  CPU_TIMER1            00000c08   00000008  00000008  00000000  RWIX
  CPU_TIMER2            00000c10   00000008  00000008  00000000  RWIX
  PIE_CTRL              00000ce0   00000020  0000001a  00000006  RWIX
  PIE_VECT              00000d00   00000100  00000100  00000000  RWIX
  DMA                   00001000   00000200  000000e0  00000120  RWIX
  MCBSPA                00005000   00000040  00000025  0000001b  RWIX
  MCBSPB                00005040   00000040  00000025  0000001b  RWIX
  ECANA                 00006000   00000040  00000034  0000000c  RWIX
  ECANA_LAM             00006040   00000040  00000040  00000000  RWIX
  ECANA_MOTS            00006080   00000040  00000040  00000000  RWIX
  ECANA_MOTO            000060c0   00000040  00000040  00000000  RWIX
  ECANA_MBOX            00006100   00000100  00000100  00000000  RWIX
  ECANB                 00006200   00000040  00000034  0000000c  RWIX
  ECANB_LAM             00006240   00000040  00000040  00000000  RWIX
  ECANB_MOTS            00006280   00000040  00000040  00000000  RWIX
  ECANB_MOTO            000062c0   00000040  00000040  00000000  RWIX
  ECANB_MBOX            00006300   00000100  00000100  00000000  RWIX
  EPWM1                 00006800   00000022  00000022  00000000  RWIX
  EPWM2                 00006840   00000022  00000022  00000000  RWIX
  EPWM3                 00006880   00000022  00000022  00000000  RWIX
  EPWM4                 000068c0   00000022  00000022  00000000  RWIX
  EPWM5                 00006900   00000022  00000022  00000000  RWIX
  EPWM6                 00006940   00000022  00000022  00000000  RWIX
  ECAP1                 00006a00   00000020  00000020  00000000  RWIX
  ECAP2                 00006a20   00000020  00000020  00000000  RWIX
  ECAP3                 00006a40   00000020  00000020  00000000  RWIX
  ECAP4                 00006a60   00000020  00000020  00000000  RWIX
  ECAP5                 00006a80   00000020  00000020  00000000  RWIX
  ECAP6                 00006aa0   00000020  00000020  00000000  RWIX
  EQEP1                 00006b00   00000040  00000040  00000000  RWIX
  EQEP2                 00006b40   00000040  00000040  00000000  RWIX
  GPIOCTRL              00006f80   00000040  0000002e  00000012  RWIX
  GPIODAT               00006fc0   00000020  00000020  00000000  RWIX
  GPIOINT               00006fe0   00000020  0000000a  00000016  RWIX
  SYSTEM                00007010   00000020  00000020  00000000  RWIX
  SPIA                  00007040   00000010  00000010  00000000  RWIX
  SCIA                  00007050   00000010  00000010  00000000  RWIX
  XINTRUPT              00007070   00000010  00000010  00000000  RWIX
  ADC                   00007100   00000020  0000001e  00000002  RWIX
  SCIB                  00007750   00000010  00000010  00000000  RWIX
  SCIC                  00007770   00000010  00000010  00000000  RWIX
  I2CA                  00007900   00000040  00000022  0000001e  RWIX
  RAML0                 00008000   00001500  000003e8  00001118  RWIX
  RAML4                 00009f00   00005000  00001191  00003e6f  RWIX
  RAML5                 0000ef00   00000300  00000000  00000300  RWIX
  RAML6                 0000f200   00000300  00000000  00000300  RWIX
  RAML7                 0000f500   00000400  00000000  00000400  RWIX
  ZONE7B                0020f900   00000400  00000000  00000400  RWIX
  FLASHB                00330000   00008000  00000000  00008000  RWIX
  CSM_PWL               0033fff8   00000008  00000008  00000000  RWIX


SECTION ALLOCATION MAP

 output                                  attributes/
section   page    origin      length       input sections
--------  ----  ----------  ----------   ----------------
.pinit     0    00338000    00000000     UNINITIALIZED

ramfuncs   0    00320000    0000001f     RUN ADDR = 00009a00
                  00320000    0000001b     DSP2833x_SysCtrl.obj (ramfuncs)
                  0032001b    00000004     DSP2833x_usDelay.obj (ramfuncs)

.text      0    00338000    00002391     
                  00338000    00000918     hmi_driver.obj (.text)
                  00338918    0000035f     cmd_process.obj (.text)
                  00338c77    0000032a     DATA_Process.obj (.text)
                  00338fa1    00000323     DSP2833x_DefaultIsr.obj (.text)
                  003392c4    000002a7     main.obj (.text)
                  0033956b    000001d5     AD7656.obj (.text)
                  00339740    0000019e     hmi_user_uart.obj (.text)
                  003398de    0000014b     AD9833.obj (.text)
                  00339a29    00000126     DS18B20.obj (.text)
                  00339b4f    00000100     LED.obj (.text)
                  00339c4f    000000f5     DSP2833x_SysCtrl.obj (.text)
                  00339d44    000000f4     DSP2833x_Xintf.obj (.text)
                  00339e38    00000089     cmd_queue.obj (.text)
                  00339ec1    00000088     rts2800_fpu32.lib : fs_div.obj (.text)
                  00339f49    0000007a     DSP2833x_CpuTimers.obj (.text)
                  00339fc3    0000006d     rts2800_fpu32.lib : exp.obj (.text)
                  0033a030    0000006a     PWM_tem.obj (.text)
                  0033a09a    0000006a     tem_control.obj (.text)
                  0033a104    00000058     rts2800_fpu32.lib : pow.obj (.text)
                  0033a15c    0000004e                       : _log.obj (.text)
                  0033a1aa    00000046                       : boot.obj (.text)
                  0033a1f0    00000045     DSP2833x_Sci.obj (.text)
                  0033a235    00000039     rts2800_fpu32.lib : ldexp.obj (.text)
                  0033a26e    00000028     DSP2833x_PieCtrl.obj (.text)
                  0033a296    00000022     rts2800_fpu32.lib : i_div.obj (.text)
                  0033a2b8    00000021                       : memcpy_ff.obj (.text)
                  0033a2d9    00000020     DSP2833x_PieVect.obj (.text)
                  0033a2f9    0000001b     rts2800_fpu32.lib : args_main.obj (.text)
                  0033a314    00000019                       : exit.obj (.text)
                  0033a32d    00000017     DSP2833x_MemCopy.obj (.text)
                  0033a344    00000016     rts2800_fpu32.lib : frexp.obj (.text)
                  0033a35a    00000014     DSP2833x_Adc.obj (.text)
                  0033a36e    0000000b     rts2800_fpu32.lib : u_div.obj (.text)
                  0033a379    00000009                       : _lock.obj (.text)
                  0033a382    00000008     DSP2833x_CodeStartBranch.obj (.text)
                  0033a38a    00000007     rts2800_fpu32.lib : memset.obj (.text)

.econst    0    0033a392    000008a4     
                  0033a392    0000044c     main.obj (.econst:_$P$T0$1)
                  0033a7de    00000100     DSP2833x_PieVect.obj (.econst)
                  0033a8de    000000ca     ConstData_Table.obj (.econst:_PassB_Filter1)
                  0033a9a8    000000ca     ConstData_Table.obj (.econst:_PassB_Filter2)
                  0033aa72    000000ca     ConstData_Table.obj (.econst:_PassB_Filter3)
                  0033ab3c    0000003c     main.obj (.econst:_$P$T1$2)
                  0033ab78    0000003c     main.obj (.econst:_$P$T2$3)
                  0033abb4    0000003c     main.obj (.econst:_$P$T3$4)
                  0033abf0    0000001e     DATA_Process.obj (.econst:_$P$T0$2)
                  0033ac0e    0000001e     DATA_Process.obj (.econst:_$P$T1$3)
                  0033ac2c    0000000a     main.obj (.econst:_$P$T4$5)

.cinit     0    0033ac36    000000ca     
                  0033ac36    00000041     main.obj (.cinit)
                  0033ac77    0000002d     tem_control.obj (.cinit)
                  0033aca4    00000028     LED.obj (.cinit)
                  0033accc    0000000e     cmd_queue.obj (.cinit)
                  0033acda    0000000a     rts2800_fpu32.lib : _lock.obj (.cinit)
                  0033ace4    0000000a                       : exit.obj (.cinit)
                  0033acee    00000008     AD7656.obj (.cinit)
                  0033acf6    00000004     DATA_Process.obj (.cinit)
                  0033acfa    00000004     rts2800_fpu32.lib : errno.obj (.cinit)
                  0033acfe    00000002     --HOLE-- [fill = 0]

codestart 
*          0    0033fff6    00000002     
                  0033fff6    00000002     DSP2833x_CodeStartBranch.obj (codestart)

.adc_cal   0    00380080    00000007     NOLOAD SECTION
                  00380080    00000007     DSP2833x_ADC_cal.obj (.adc_cal)

.reset     0    003fffc0    00000002     DSECT
                  003fffc0    00000002     rts2800_fpu32.lib : boot.obj (.reset)

vectors    0    003fffc2    00000000     DSECT

DevEmuRegsFile 
*          1    00000880    000000d0     UNINITIALIZED
                  00000880    000000d0     DSP2833x_GlobalVariableDefs.obj (DevEmuRegsFile)

FlashRegsFile 
*          1    00000a80    00000008     UNINITIALIZED
                  00000a80    00000008     DSP2833x_GlobalVariableDefs.obj (FlashRegsFile)

CsmRegsFile 
*          1    00000ae0    00000010     UNINITIALIZED
                  00000ae0    00000010     DSP2833x_GlobalVariableDefs.obj (CsmRegsFile)

AdcMirrorFile 
*          1    00000b00    00000010     UNINITIALIZED
                  00000b00    00000010     DSP2833x_GlobalVariableDefs.obj (AdcMirrorFile)

XintfRegsFile 
*          1    00000b20    0000001e     UNINITIALIZED
                  00000b20    0000001e     DSP2833x_GlobalVariableDefs.obj (XintfRegsFile)

CpuTimer0RegsFile 
*          1    00000c00    00000008     UNINITIALIZED
                  00000c00    00000008     DSP2833x_GlobalVariableDefs.obj (CpuTimer0RegsFile)

CpuTimer1RegsFile 
*          1    00000c08    00000008     UNINITIALIZED
                  00000c08    00000008     DSP2833x_GlobalVariableDefs.obj (CpuTimer1RegsFile)

CpuTimer2RegsFile 
*          1    00000c10    00000008     UNINITIALIZED
                  00000c10    00000008     DSP2833x_GlobalVariableDefs.obj (CpuTimer2RegsFile)

PieCtrlRegsFile 
*          1    00000ce0    0000001a     UNINITIALIZED
                  00000ce0    0000001a     DSP2833x_GlobalVariableDefs.obj (PieCtrlRegsFile)

PieVectTableFile 
*          1    00000d00    00000100     UNINITIALIZED
                  00000d00    00000100     DSP2833x_GlobalVariableDefs.obj (PieVectTableFile)

DmaRegsFile 
*          1    00001000    000000e0     UNINITIALIZED
                  00001000    000000e0     DSP2833x_GlobalVariableDefs.obj (DmaRegsFile)

McbspaRegsFile 
*          1    00005000    00000025     UNINITIALIZED
                  00005000    00000025     DSP2833x_GlobalVariableDefs.obj (McbspaRegsFile)

McbspbRegsFile 
*          1    00005040    00000025     UNINITIALIZED
                  00005040    00000025     DSP2833x_GlobalVariableDefs.obj (McbspbRegsFile)

ECanaRegsFile 
*          1    00006000    00000034     UNINITIALIZED
                  00006000    00000034     DSP2833x_GlobalVariableDefs.obj (ECanaRegsFile)

ECanaLAMRegsFile 
*          1    00006040    00000040     UNINITIALIZED
                  00006040    00000040     DSP2833x_GlobalVariableDefs.obj (ECanaLAMRegsFile)

ECanaMOTSRegsFile 
*          1    00006080    00000040     UNINITIALIZED
                  00006080    00000040     DSP2833x_GlobalVariableDefs.obj (ECanaMOTSRegsFile)

ECanaMOTORegsFile 
*          1    000060c0    00000040     UNINITIALIZED
                  000060c0    00000040     DSP2833x_GlobalVariableDefs.obj (ECanaMOTORegsFile)

ECanaMboxesFile 
*          1    00006100    00000100     UNINITIALIZED
                  00006100    00000100     DSP2833x_GlobalVariableDefs.obj (ECanaMboxesFile)

ECanbRegsFile 
*          1    00006200    00000034     UNINITIALIZED
                  00006200    00000034     DSP2833x_GlobalVariableDefs.obj (ECanbRegsFile)

ECanbLAMRegsFile 
*          1    00006240    00000040     UNINITIALIZED
                  00006240    00000040     DSP2833x_GlobalVariableDefs.obj (ECanbLAMRegsFile)

ECanbMOTSRegsFile 
*          1    00006280    00000040     UNINITIALIZED
                  00006280    00000040     DSP2833x_GlobalVariableDefs.obj (ECanbMOTSRegsFile)

ECanbMOTORegsFile 
*          1    000062c0    00000040     UNINITIALIZED
                  000062c0    00000040     DSP2833x_GlobalVariableDefs.obj (ECanbMOTORegsFile)

ECanbMboxesFile 
*          1    00006300    00000100     UNINITIALIZED
                  00006300    00000100     DSP2833x_GlobalVariableDefs.obj (ECanbMboxesFile)

EPwm1RegsFile 
*          1    00006800    00000022     UNINITIALIZED
                  00006800    00000022     DSP2833x_GlobalVariableDefs.obj (EPwm1RegsFile)

EPwm2RegsFile 
*          1    00006840    00000022     UNINITIALIZED
                  00006840    00000022     DSP2833x_GlobalVariableDefs.obj (EPwm2RegsFile)

EPwm3RegsFile 
*          1    00006880    00000022     UNINITIALIZED
                  00006880    00000022     DSP2833x_GlobalVariableDefs.obj (EPwm3RegsFile)

EPwm4RegsFile 
*          1    000068c0    00000022     UNINITIALIZED
                  000068c0    00000022     DSP2833x_GlobalVariableDefs.obj (EPwm4RegsFile)

EPwm5RegsFile 
*          1    00006900    00000022     UNINITIALIZED
                  00006900    00000022     DSP2833x_GlobalVariableDefs.obj (EPwm5RegsFile)

EPwm6RegsFile 
*          1    00006940    00000022     UNINITIALIZED
                  00006940    00000022     DSP2833x_GlobalVariableDefs.obj (EPwm6RegsFile)

ECap1RegsFile 
*          1    00006a00    00000020     UNINITIALIZED
                  00006a00    00000020     DSP2833x_GlobalVariableDefs.obj (ECap1RegsFile)

ECap2RegsFile 
*          1    00006a20    00000020     UNINITIALIZED
                  00006a20    00000020     DSP2833x_GlobalVariableDefs.obj (ECap2RegsFile)

ECap3RegsFile 
*          1    00006a40    00000020     UNINITIALIZED
                  00006a40    00000020     DSP2833x_GlobalVariableDefs.obj (ECap3RegsFile)

ECap4RegsFile 
*          1    00006a60    00000020     UNINITIALIZED
                  00006a60    00000020     DSP2833x_GlobalVariableDefs.obj (ECap4RegsFile)

ECap5RegsFile 
*          1    00006a80    00000020     UNINITIALIZED
                  00006a80    00000020     DSP2833x_GlobalVariableDefs.obj (ECap5RegsFile)

ECap6RegsFile 
*          1    00006aa0    00000020     UNINITIALIZED
                  00006aa0    00000020     DSP2833x_GlobalVariableDefs.obj (ECap6RegsFile)

EQep1RegsFile 
*          1    00006b00    00000040     UNINITIALIZED
                  00006b00    00000040     DSP2833x_GlobalVariableDefs.obj (EQep1RegsFile)

EQep2RegsFile 
*          1    00006b40    00000040     UNINITIALIZED
                  00006b40    00000040     DSP2833x_GlobalVariableDefs.obj (EQep2RegsFile)

GpioCtrlRegsFile 
*          1    00006f80    0000002e     UNINITIALIZED
                  00006f80    0000002e     DSP2833x_GlobalVariableDefs.obj (GpioCtrlRegsFile)

GpioDataRegsFile 
*          1    00006fc0    00000020     UNINITIALIZED
                  00006fc0    00000020     DSP2833x_GlobalVariableDefs.obj (GpioDataRegsFile)

GpioIntRegsFile 
*          1    00006fe0    0000000a     UNINITIALIZED
                  00006fe0    0000000a     DSP2833x_GlobalVariableDefs.obj (GpioIntRegsFile)

SysCtrlRegsFile 
*          1    00007010    00000020     UNINITIALIZED
                  00007010    00000020     DSP2833x_GlobalVariableDefs.obj (SysCtrlRegsFile)

SpiaRegsFile 
*          1    00007040    00000010     UNINITIALIZED
                  00007040    00000010     DSP2833x_GlobalVariableDefs.obj (SpiaRegsFile)

SciaRegsFile 
*          1    00007050    00000010     UNINITIALIZED
                  00007050    00000010     DSP2833x_GlobalVariableDefs.obj (SciaRegsFile)

XIntruptRegsFile 
*          1    00007070    00000010     UNINITIALIZED
                  00007070    00000010     DSP2833x_GlobalVariableDefs.obj (XIntruptRegsFile)

AdcRegsFile 
*          1    00007100    0000001e     UNINITIALIZED
                  00007100    0000001e     DSP2833x_GlobalVariableDefs.obj (AdcRegsFile)

ScibRegsFile 
*          1    00007750    00000010     UNINITIALIZED
                  00007750    00000010     DSP2833x_GlobalVariableDefs.obj (ScibRegsFile)

ScicRegsFile 
*          1    00007770    00000010     UNINITIALIZED
                  00007770    00000010     DSP2833x_GlobalVariableDefs.obj (ScicRegsFile)

I2caRegsFile 
*          1    00007900    00000022     UNINITIALIZED
                  00007900    00000022     DSP2833x_GlobalVariableDefs.obj (I2caRegsFile)

.stack     1    00008000    000003e8     UNINITIALIZED
                  00008000    000003e8     --HOLE--

.ebss      1    00009f00    00001191     UNINITIALIZED
                  00009f00    0000112c     main.obj (.ebss)
                  0000b02c    00000012     tem_control.obj (.ebss)
                  0000b03e    00000001     DATA_Process.obj (.ebss)
                  0000b03f    00000001     rts2800_fpu32.lib : errno.obj (.ebss)
                  0000b040    00000022     cmd_queue.obj (.ebss)
                  0000b062    00000018     DSP2833x_CpuTimers.obj (.ebss)
                  0000b07a    00000004     rts2800_fpu32.lib : _lock.obj (.ebss)
                  0000b07e    00000002     --HOLE--
                  0000b080    0000000a     LED.obj (.ebss)
                  0000b08a    00000004     rts2800_fpu32.lib : exit.obj (.ebss)
                  0000b08e    00000003     AD7656.obj (.ebss)

CsmPwlFile 
*          1    0033fff8    00000008     UNINITIALIZED
                  0033fff8    00000008     DSP2833x_GlobalVariableDefs.obj (CsmPwlFile)


GLOBAL SYMBOLS: SORTED ALPHABETICALLY BY Name 

address    name
--------   ----
00338000   .text
0033a314   C$$EXIT
00339ec1   FS$$DIV
0033a296   I$$DIV
0033a2a7   I$$MOD
0033a36e   U$$DIV
0033a373   U$$MOD
003399a3   _AD9833_Outdata
0033996c   _AD9833_Reset
003398de   _AD9833_configinit
00339087   _ADCINT_ISR
00380080   _ADC_cal
00339681   _AD_Data_Shift
00000b00   _AdcMirror
00007100   _AdcRegs
00338685   _AnimationPause
003386dd   _AnimationPlayNext
003386b1   _AnimationPlayPrev
0033862d   _AnimationStart
00338659   _AnimationStop
00338837   _BatchBegin
003388d0   _BatchEnd
0033884d   _BatchSetProgressValue
00338878   _BatchSetSliderValue
003388b2   _BatchSetText
00339b85   _BellIO_init
00339c2c   _Bell_Didadi
00338d5e   _Calcu_AMP
00338371   _CalibrateTouchPane
00338428   _ClearLayer
0033806d   _ColorPicker
00339f88   _ConfigCpuTimer
00338409   _CopyLayer
00338f8e   _Correct_Moisture
0000b072   _CpuTimer0
00000c00   _CpuTimer0Regs
0000b062   _CpuTimer1
00000c08   _CpuTimer1Regs
0000b06a   _CpuTimer2
00000c10   _CpuTimer2Regs
0033fff8   _CsmPwl
00000ae0   _CsmRegs
00339d13   _CsmUnlock
00338fb5   _DATALOG_ISR
003391a9   _DINTCH1_ISR
003391b3   _DINTCH2_ISR
003391bd   _DINTCH3_ISR
003391c7   _DINTCH4_ISR
003391d1   _DINTCH5_ISR
003391db   _DINTCH6_ISR
00009a1b   _DSP28x_usDelay
00000880   _DevEmuRegs
0033811f   _DisFlashImage
003380fb   _DisFull_Image
00339c62   _DisableDog
003383ef   _DisplyLayer
00001000   _DmaRegs
00339235   _ECAN0INTA_ISR
00339249   _ECAN0INTB_ISR
0033923f   _ECAN1INTA_ISR
00339253   _ECAN1INTB_ISR
0033911d   _ECAP1_INT_ISR
00339127   _ECAP2_INT_ISR
00339131   _ECAP3_INT_ISR
0033913b   _ECAP4_INT_ISR
00339145   _ECAP5_INT_ISR
0033914f   _ECAP6_INT_ISR
00006040   _ECanaLAMRegs
000060c0   _ECanaMOTORegs
00006080   _ECanaMOTSRegs
00006100   _ECanaMboxes
00006000   _ECanaRegs
00006240   _ECanbLAMRegs
000062c0   _ECanbMOTORegs
00006280   _ECanbMOTSRegs
00006300   _ECanbMboxes
00006200   _ECanbRegs
00006a00   _ECap1Regs
00006a20   _ECap2Regs
00006a40   _ECap3Regs
00006a60   _ECap4Regs
00006a80   _ECap5Regs
00006aa0   _ECap6Regs
003392a3   _EMPTY_ISR
00338fc9   _EMUINT_ISR
003390e1   _EPWM1_INT_ISR
003390a5   _EPWM1_TZINT_ISR
003390eb   _EPWM2_INT_ISR
003390af   _EPWM2_TZINT_ISR
003390f5   _EPWM3_INT_ISR
003390b9   _EPWM3_TZINT_ISR
003390ff   _EPWM4_INT_ISR
003390c3   _EPWM4_TZINT_ISR
00339109   _EPWM5_INT_ISR
003390cd   _EPWM5_TZINT_ISR
00339113   _EPWM6_INT_ISR
003390d7   _EPWM6_TZINT_ISR
0033a096   _EPWM_LED_deInit
0033a030   _EPWM_tem_Init
0033a076   _EPWM_tem_UpdataCMPA
00006800   _EPwm1Regs
00006840   _EPwm2Regs
00006880   _EPwm3Regs
000068c0   _EPwm4Regs
00006900   _EPwm5Regs
00006940   _EPwm6Regs
00339159   _EQEP1_INT_ISR
00339163   _EQEP2_INT_ISR
00006b00   _EQep1Regs
00006b40   _EQep2Regs
0033a28d   _EnableInterrupts
00338c77   _FIR_Filter
00339b7b   _FanIO_init
00000a80   _FlashRegs
003389e9   _Float2ISCII
00338972   _FloatToISCII
0000b02c   _Fresh_occupyvalue
00338304   _GUI_AreaInycolor
003382b4   _GUI_BcolorConDots
00338240   _GUI_BcolorConOffsetDots
0033809b   _GUI_CleanScreen
003381c1   _GUI_ConDots
003381e2   _GUI_ConSpaceDots
00338442   _GUI_DispRTC
0033815b   _GUI_Dot
00338298   _GUI_FcolorConDots
00338211   _GUI_FcolorConOffsetDots
00338184   _GUI_Line
0033961d   _GetAD_Value
00338601   _GetControlValue
003384ec   _GetScreen
003388a3   _GetStringLen
0033a09a   _Get_new_occupyrate
00006f80   _GpioCtrlRegs
00006fc0   _GpioDataRegs
00006fe0   _GpioIntRegs
00338709   _GraphChannelAdd
00338775   _GraphChannelDataAdd
003387b4   _GraphChannelDataClear
00338744   _GraphChannelDel
003387e5   _GraphSetViewport
0000b08f   _Head_pointNum
003391e5   _I2CINT1A_ISR
003391ef   _I2CINT2A_ISR
00007900   _I2caRegs
00338fdd   _ILLEGAL_ISR
00338fa1   _INT13_ISR
00338fab   _INT14_ISR
0033950f   _ISRTimer0
0033a35a   _InitAdc
00339f49   _InitCpuTimers
00009a00   _InitFlash
00339cb8   _InitPeripheralClocks
0033a26e   _InitPieCtrl
0033a2d9   _InitPieVectTable
00339c6a   _InitPll
0033a1f0   _InitSci
0033a1f1   _InitSciGpio
0033a1f4   _InitSciaGpio
0033a209   _InitScibGpio
0033a21f   _InitScicGpio
00339c4f   _InitSysCtrl
00338a6b   _InitUI
00339d44   _InitXintf
00339dde   _InitXintf16Gpio
00339d97   _InitXintf32Gpio
00339944   _JudgeCS
00339bee   _LED_Blue_Flash
00339c0d   _LED_Blue_Flash_Slow
00339bcb   _LED_Error_Flash
00339b4f   _LED_IOinit
00339b8f   _LED_Red_Flash
00339bae   _LED_Red_Flash_Slow
00339299   _LUF_ISR
0033928f   _LVF_ISR
00338cb9   _LinearConvolution
00338397   _LockDeviceConfig
00339195   _MRINTA_ISR
00339181   _MRINTB_ISR
0033919f   _MXINTA_ISR
0033918b   _MXINTB_ISR
00005000   _McbspaRegs
00005040   _McbspbRegs
0033a32d   _MemCopy
00338f52   _Moisture_FITcalcu
00338fd3   _NMI_ISR
00338b30   _NotifyButton
00338c6d   _NotifyReadFlash
00338968   _NotifyScreen
00338c25   _NotifyText
0033896c   _NotifyTouchXY
00338c73   _NotifyWriteFlash
003395fb   _OUTAD_Init
0033958a   _OUTAD_Variable_Init
0000b036   _PID_KI
0000b034   _PID_KP
0000b03c   _PID_de
0000b030   _PID_e0
0000b032   _PID_e1
0000b02e   _PID_eut
0000b038   _PID_y0
0000b03a   _PID_y1
003392b0   _PIE_RESERVED
0033a8de   _PassB_Filter1
0033a9a8   _PassB_Filter2
0033aa72   _PassB_Filter3
00000ce0   _PieCtrlRegs
00000d00   _PieVectTable
0033a7de   _PieVectTableInit
00338918   _ProcessMessage
00338fbf   _RTOSINT_ISR
0032001f   _RamfuncsLoadEnd
00320000   _RamfuncsLoadStart
00009a00   _RamfuncsRunStart
003384b5   _ReadUserFlash
0033920d   _SCIRXINTA_ISR
00339221   _SCIRXINTB_ISR
003391f9   _SCIRXINTC_ISR
00339217   _SCITXINTA_ISR
0033922b   _SCITXINTB_ISR
00339203   _SCITXINTC_ISR
0033905f   _SEQ1INT_ISR
00339069   _SEQ2INT_ISR
0033916d   _SPIRXINTA_ISR
00339177   _SPITXINTA_ISR
0000b090   _SampleCount
0000b08e   _SampleCount_Status_Flag
00007050   _SciaRegs
00007750   _ScibRegs
00007770   _ScicRegs
003397ae   _SendChar
00338022   _SendNU16
00338010   _SendNU8
00338000   _SendStrings
003397e4   _SendValuetoLabview
003397c9   _Send_Uartb_Char
003397d5   _Send_Uartb_msg
003397ba   _Send_msg
00339c58   _ServiceDog
003382d0   _SetBackLight
003385a0   _SetButtonValue
003382ea   _SetBuzzer
0033856f   _SetControlEnable
0033853e   _SetControlFocus
0033804e   _SetFcolor
003380cd   _SetFont_Region
0033803b   _SetHandShake
0033826f   _SetPowerSaving
00338502   _SetScreen
00338524   _SetScreenUpdateEnable
003380ae   _SetTextSpace
003385d1   _SetTextValue
00338341   _SetTouchPaneOption
003388dd   _ShowKeyboard
00007040   _SpiaRegs
00338b46   _StrToFloat
00007010   _SysCtrlRegs
00339ada   _TEM_Getinit
00339091   _TINT0_ISR
00338384   _TestTouchPane
00009f00   _Timer_flag
00339041   _USER10_ISR
0033904b   _USER11_ISR
00339055   _USER12_ISR
00338fe7   _USER1_ISR
00338ff1   _USER2_ISR
00338ffb   _USER3_ISR
00339005   _USER4_ISR
0033900f   _USER5_ISR
00339019   _USER6_ISR
00339023   _USER7_ISR
0033902d   _USER8_ISR
00339037   _USER9_ISR
00339779   _UartBInit
00339740   _UartCInit
003383b6   _UnlockDeviceConfig
00338abe   _UpdateUI
0033909b   _WAKEINT_ISR
003383d5   _WriteLayer
00338482   _WriteUserFlash
00339073   _XINT1_ISR
0033907d   _XINT2_ISR
0033925d   _XINT3_ISR
00339267   _XINT4_ISR
00339271   _XINT5_ISR
0033927b   _XINT6_ISR
00339285   _XINT7_ISR
00007070   _XIntruptRegs
00000b20   _XintfRegs
000083e8   __STACK_END
000003e8   __STACK_SIZE
00000001   __TI_args_main
ffffffff   ___binit__
ffffffff   ___c_args__
0033ac36   ___cinit__
0033a391   ___etext__
0033a2b8   ___memcpy_ff
ffffffff   ___pinit__
00338000   ___text__
0033a2f9   __args_main
0000b08a   __cleanup_ptr
0000b08c   __dtors_ptr
0000b07c   __lock
0033a15c   __log
0033a381   __nop
0033a37d   __register_lock
0033a379   __register_unlock
00008000   __stack
0000b07a   __unlock
0033a314   _abort
0000b082   _blue_light_state4
0000b085   _blue_light_state5
0033a1aa   _c_int00
00009f40   _cmd_buffer
003398f8   _delay
0000b03f   _errno
0033a316   _exit
00339fc3   _exp
0033a344   _frexp
00009f80   _gSampleTable
0000a640   _gSampleValue
00009f12   _gSystem_Fit_Param1
00009f26   _gSystem_Fit_Param2
00009f1c   _gSystem_InstantData
00009f08   _gSystem_WaterParam
00009f02   _gSystem_WaterValue
00339add   _get_temp
0000b087   _i1
0000b081   _i2
0000b083   _i3
0000b084   _i4
0000b086   _i5
0033a235   _ldexp
0000b080   _light_state3
003392c4   _main
0033a38a   _memset
0033a104   _pow
00339e74   _queue_find_cmd
00339e40   _queue_push
00339e38   _queue_reset
00339aa0   _read_byte
0000b088   _red_light_state1
0000b089   _red_light_state2
00339a33   _reset
003392ba   _rsvd_ISR
0033952e   _scic_isr
00338ece   _sortandaverage
00339904   _write_ad9833_d16
00339a61   _write_byte
ffffffff   binit
0033ac36   cinit
0033fff6   code_start
0033a391   etext
ffffffff   pinit


GLOBAL SYMBOLS: SORTED BY Symbol Address 

address    name
--------   ----
00000001   __TI_args_main
000003e8   __STACK_SIZE
00000880   _DevEmuRegs
00000a80   _FlashRegs
00000ae0   _CsmRegs
00000b00   _AdcMirror
00000b20   _XintfRegs
00000c00   _CpuTimer0Regs
00000c08   _CpuTimer1Regs
00000c10   _CpuTimer2Regs
00000ce0   _PieCtrlRegs
00000d00   _PieVectTable
00001000   _DmaRegs
00005000   _McbspaRegs
00005040   _McbspbRegs
00006000   _ECanaRegs
00006040   _ECanaLAMRegs
00006080   _ECanaMOTSRegs
000060c0   _ECanaMOTORegs
00006100   _ECanaMboxes
00006200   _ECanbRegs
00006240   _ECanbLAMRegs
00006280   _ECanbMOTSRegs
000062c0   _ECanbMOTORegs
00006300   _ECanbMboxes
00006800   _EPwm1Regs
00006840   _EPwm2Regs
00006880   _EPwm3Regs
000068c0   _EPwm4Regs
00006900   _EPwm5Regs
00006940   _EPwm6Regs
00006a00   _ECap1Regs
00006a20   _ECap2Regs
00006a40   _ECap3Regs
00006a60   _ECap4Regs
00006a80   _ECap5Regs
00006aa0   _ECap6Regs
00006b00   _EQep1Regs
00006b40   _EQep2Regs
00006f80   _GpioCtrlRegs
00006fc0   _GpioDataRegs
00006fe0   _GpioIntRegs
00007010   _SysCtrlRegs
00007040   _SpiaRegs
00007050   _SciaRegs
00007070   _XIntruptRegs
00007100   _AdcRegs
00007750   _ScibRegs
00007770   _ScicRegs
00007900   _I2caRegs
00008000   __stack
000083e8   __STACK_END
00009a00   _InitFlash
00009a00   _RamfuncsRunStart
00009a1b   _DSP28x_usDelay
00009f00   _Timer_flag
00009f02   _gSystem_WaterValue
00009f08   _gSystem_WaterParam
00009f12   _gSystem_Fit_Param1
00009f1c   _gSystem_InstantData
00009f26   _gSystem_Fit_Param2
00009f40   _cmd_buffer
00009f80   _gSampleTable
0000a640   _gSampleValue
0000b02c   _Fresh_occupyvalue
0000b02e   _PID_eut
0000b030   _PID_e0
0000b032   _PID_e1
0000b034   _PID_KP
0000b036   _PID_KI
0000b038   _PID_y0
0000b03a   _PID_y1
0000b03c   _PID_de
0000b03f   _errno
0000b062   _CpuTimer1
0000b06a   _CpuTimer2
0000b072   _CpuTimer0
0000b07a   __unlock
0000b07c   __lock
0000b080   _light_state3
0000b081   _i2
0000b082   _blue_light_state4
0000b083   _i3
0000b084   _i4
0000b085   _blue_light_state5
0000b086   _i5
0000b087   _i1
0000b088   _red_light_state1
0000b089   _red_light_state2
0000b08a   __cleanup_ptr
0000b08c   __dtors_ptr
0000b08e   _SampleCount_Status_Flag
0000b08f   _Head_pointNum
0000b090   _SampleCount
00320000   _RamfuncsLoadStart
0032001f   _RamfuncsLoadEnd
00338000   .text
00338000   _SendStrings
00338000   ___text__
00338010   _SendNU8
00338022   _SendNU16
0033803b   _SetHandShake
0033804e   _SetFcolor
0033806d   _ColorPicker
0033809b   _GUI_CleanScreen
003380ae   _SetTextSpace
003380cd   _SetFont_Region
003380fb   _DisFull_Image
0033811f   _DisFlashImage
0033815b   _GUI_Dot
00338184   _GUI_Line
003381c1   _GUI_ConDots
003381e2   _GUI_ConSpaceDots
00338211   _GUI_FcolorConOffsetDots
00338240   _GUI_BcolorConOffsetDots
0033826f   _SetPowerSaving
00338298   _GUI_FcolorConDots
003382b4   _GUI_BcolorConDots
003382d0   _SetBackLight
003382ea   _SetBuzzer
00338304   _GUI_AreaInycolor
00338341   _SetTouchPaneOption
00338371   _CalibrateTouchPane
00338384   _TestTouchPane
00338397   _LockDeviceConfig
003383b6   _UnlockDeviceConfig
003383d5   _WriteLayer
003383ef   _DisplyLayer
00338409   _CopyLayer
00338428   _ClearLayer
00338442   _GUI_DispRTC
00338482   _WriteUserFlash
003384b5   _ReadUserFlash
003384ec   _GetScreen
00338502   _SetScreen
00338524   _SetScreenUpdateEnable
0033853e   _SetControlFocus
0033856f   _SetControlEnable
003385a0   _SetButtonValue
003385d1   _SetTextValue
00338601   _GetControlValue
0033862d   _AnimationStart
00338659   _AnimationStop
00338685   _AnimationPause
003386b1   _AnimationPlayPrev
003386dd   _AnimationPlayNext
00338709   _GraphChannelAdd
00338744   _GraphChannelDel
00338775   _GraphChannelDataAdd
003387b4   _GraphChannelDataClear
003387e5   _GraphSetViewport
00338837   _BatchBegin
0033884d   _BatchSetProgressValue
00338878   _BatchSetSliderValue
003388a3   _GetStringLen
003388b2   _BatchSetText
003388d0   _BatchEnd
003388dd   _ShowKeyboard
00338918   _ProcessMessage
00338968   _NotifyScreen
0033896c   _NotifyTouchXY
00338972   _FloatToISCII
003389e9   _Float2ISCII
00338a6b   _InitUI
00338abe   _UpdateUI
00338b30   _NotifyButton
00338b46   _StrToFloat
00338c25   _NotifyText
00338c6d   _NotifyReadFlash
00338c73   _NotifyWriteFlash
00338c77   _FIR_Filter
00338cb9   _LinearConvolution
00338d5e   _Calcu_AMP
00338ece   _sortandaverage
00338f52   _Moisture_FITcalcu
00338f8e   _Correct_Moisture
00338fa1   _INT13_ISR
00338fab   _INT14_ISR
00338fb5   _DATALOG_ISR
00338fbf   _RTOSINT_ISR
00338fc9   _EMUINT_ISR
00338fd3   _NMI_ISR
00338fdd   _ILLEGAL_ISR
00338fe7   _USER1_ISR
00338ff1   _USER2_ISR
00338ffb   _USER3_ISR
00339005   _USER4_ISR
0033900f   _USER5_ISR
00339019   _USER6_ISR
00339023   _USER7_ISR
0033902d   _USER8_ISR
00339037   _USER9_ISR
00339041   _USER10_ISR
0033904b   _USER11_ISR
00339055   _USER12_ISR
0033905f   _SEQ1INT_ISR
00339069   _SEQ2INT_ISR
00339073   _XINT1_ISR
0033907d   _XINT2_ISR
00339087   _ADCINT_ISR
00339091   _TINT0_ISR
0033909b   _WAKEINT_ISR
003390a5   _EPWM1_TZINT_ISR
003390af   _EPWM2_TZINT_ISR
003390b9   _EPWM3_TZINT_ISR
003390c3   _EPWM4_TZINT_ISR
003390cd   _EPWM5_TZINT_ISR
003390d7   _EPWM6_TZINT_ISR
003390e1   _EPWM1_INT_ISR
003390eb   _EPWM2_INT_ISR
003390f5   _EPWM3_INT_ISR
003390ff   _EPWM4_INT_ISR
00339109   _EPWM5_INT_ISR
00339113   _EPWM6_INT_ISR
0033911d   _ECAP1_INT_ISR
00339127   _ECAP2_INT_ISR
00339131   _ECAP3_INT_ISR
0033913b   _ECAP4_INT_ISR
00339145   _ECAP5_INT_ISR
0033914f   _ECAP6_INT_ISR
00339159   _EQEP1_INT_ISR
00339163   _EQEP2_INT_ISR
0033916d   _SPIRXINTA_ISR
00339177   _SPITXINTA_ISR
00339181   _MRINTB_ISR
0033918b   _MXINTB_ISR
00339195   _MRINTA_ISR
0033919f   _MXINTA_ISR
003391a9   _DINTCH1_ISR
003391b3   _DINTCH2_ISR
003391bd   _DINTCH3_ISR
003391c7   _DINTCH4_ISR
003391d1   _DINTCH5_ISR
003391db   _DINTCH6_ISR
003391e5   _I2CINT1A_ISR
003391ef   _I2CINT2A_ISR
003391f9   _SCIRXINTC_ISR
00339203   _SCITXINTC_ISR
0033920d   _SCIRXINTA_ISR
00339217   _SCITXINTA_ISR
00339221   _SCIRXINTB_ISR
0033922b   _SCITXINTB_ISR
00339235   _ECAN0INTA_ISR
0033923f   _ECAN1INTA_ISR
00339249   _ECAN0INTB_ISR
00339253   _ECAN1INTB_ISR
0033925d   _XINT3_ISR
00339267   _XINT4_ISR
00339271   _XINT5_ISR
0033927b   _XINT6_ISR
00339285   _XINT7_ISR
0033928f   _LVF_ISR
00339299   _LUF_ISR
003392a3   _EMPTY_ISR
003392b0   _PIE_RESERVED
003392ba   _rsvd_ISR
003392c4   _main
0033950f   _ISRTimer0
0033952e   _scic_isr
0033958a   _OUTAD_Variable_Init
003395fb   _OUTAD_Init
0033961d   _GetAD_Value
00339681   _AD_Data_Shift
00339740   _UartCInit
00339779   _UartBInit
003397ae   _SendChar
003397ba   _Send_msg
003397c9   _Send_Uartb_Char
003397d5   _Send_Uartb_msg
003397e4   _SendValuetoLabview
003398de   _AD9833_configinit
003398f8   _delay
00339904   _write_ad9833_d16
00339944   _JudgeCS
0033996c   _AD9833_Reset
003399a3   _AD9833_Outdata
00339a33   _reset
00339a61   _write_byte
00339aa0   _read_byte
00339ada   _TEM_Getinit
00339add   _get_temp
00339b4f   _LED_IOinit
00339b7b   _FanIO_init
00339b85   _BellIO_init
00339b8f   _LED_Red_Flash
00339bae   _LED_Red_Flash_Slow
00339bcb   _LED_Error_Flash
00339bee   _LED_Blue_Flash
00339c0d   _LED_Blue_Flash_Slow
00339c2c   _Bell_Didadi
00339c4f   _InitSysCtrl
00339c58   _ServiceDog
00339c62   _DisableDog
00339c6a   _InitPll
00339cb8   _InitPeripheralClocks
00339d13   _CsmUnlock
00339d44   _InitXintf
00339d97   _InitXintf32Gpio
00339dde   _InitXintf16Gpio
00339e38   _queue_reset
00339e40   _queue_push
00339e74   _queue_find_cmd
00339ec1   FS$$DIV
00339f49   _InitCpuTimers
00339f88   _ConfigCpuTimer
00339fc3   _exp
0033a030   _EPWM_tem_Init
0033a076   _EPWM_tem_UpdataCMPA
0033a096   _EPWM_LED_deInit
0033a09a   _Get_new_occupyrate
0033a104   _pow
0033a15c   __log
0033a1aa   _c_int00
0033a1f0   _InitSci
0033a1f1   _InitSciGpio
0033a1f4   _InitSciaGpio
0033a209   _InitScibGpio
0033a21f   _InitScicGpio
0033a235   _ldexp
0033a26e   _InitPieCtrl
0033a28d   _EnableInterrupts
0033a296   I$$DIV
0033a2a7   I$$MOD
0033a2b8   ___memcpy_ff
0033a2d9   _InitPieVectTable
0033a2f9   __args_main
0033a314   C$$EXIT
0033a314   _abort
0033a316   _exit
0033a32d   _MemCopy
0033a344   _frexp
0033a35a   _InitAdc
0033a36e   U$$DIV
0033a373   U$$MOD
0033a379   __register_unlock
0033a37d   __register_lock
0033a381   __nop
0033a38a   _memset
0033a391   ___etext__
0033a391   etext
0033a7de   _PieVectTableInit
0033a8de   _PassB_Filter1
0033a9a8   _PassB_Filter2
0033aa72   _PassB_Filter3
0033ac36   ___cinit__
0033ac36   cinit
0033fff6   code_start
0033fff8   _CsmPwl
00380080   _ADC_cal
ffffffff   ___binit__
ffffffff   ___c_args__
ffffffff   ___pinit__
ffffffff   binit
ffffffff   pinit

[354 symbols]
